Archive member included to satisfy reference by file (symbol)

/usr/local/Cellar/arm-none-eabi-gcc/10.3-2021.07/gcc/bin/../lib/gcc/arm-none-eabi/10.3.1/thumb/v6-m/nofp/libgcc.a(_dvmd_tls.o)
                              CMakeFiles/Pico-Clock-Green.dir/Users/max/pico/pico-sdk/src/rp2_common/pico_divider/divider.S.obj (__aeabi_idiv0)
/usr/local/Cellar/arm-none-eabi-gcc/10.3-2021.07/gcc/bin/../lib/gcc/arm-none-eabi/10.3.1/../../../../arm-none-eabi/lib/thumb/v6-m/nofp/libg.a(lib_a-calloc.o)
                              CMakeFiles/Pico-Clock-Green.dir/Users/max/pico/pico-sdk/src/rp2_common/pico_malloc/pico_malloc.c.obj (calloc)
/usr/local/Cellar/arm-none-eabi-gcc/10.3-2021.07/gcc/bin/../lib/gcc/arm-none-eabi/10.3.1/../../../../arm-none-eabi/lib/thumb/v6-m/nofp/libg.a(lib_a-callocr.o)
                              /usr/local/Cellar/arm-none-eabi-gcc/10.3-2021.07/gcc/bin/../lib/gcc/arm-none-eabi/10.3.1/../../../../arm-none-eabi/lib/thumb/v6-m/nofp/libg.a(lib_a-calloc.o) (_calloc_r)
/usr/local/Cellar/arm-none-eabi-gcc/10.3-2021.07/gcc/bin/../lib/gcc/arm-none-eabi/10.3.1/../../../../arm-none-eabi/lib/thumb/v6-m/nofp/libg.a(lib_a-errno.o)
                              /usr/local/Cellar/arm-none-eabi-gcc/10.3-2021.07/gcc/bin/../lib/gcc/arm-none-eabi/10.3.1/../../../../arm-none-eabi/lib/thumb/v6-m/nofp/libg.a(lib_a-callocr.o) (__errno)
/usr/local/Cellar/arm-none-eabi-gcc/10.3-2021.07/gcc/bin/../lib/gcc/arm-none-eabi/10.3.1/../../../../arm-none-eabi/lib/thumb/v6-m/nofp/libg.a(lib_a-impure.o)
                              /usr/local/Cellar/arm-none-eabi-gcc/10.3-2021.07/gcc/bin/../lib/gcc/arm-none-eabi/10.3.1/../../../../arm-none-eabi/lib/thumb/v6-m/nofp/libg.a(lib_a-calloc.o) (_impure_ptr)
/usr/local/Cellar/arm-none-eabi-gcc/10.3-2021.07/gcc/bin/../lib/gcc/arm-none-eabi/10.3.1/../../../../arm-none-eabi/lib/thumb/v6-m/nofp/libg.a(lib_a-init.o)
                              /usr/local/Cellar/arm-none-eabi-gcc/10.3-2021.07/gcc/bin/../lib/gcc/arm-none-eabi/10.3.1/../../../../arm-none-eabi/lib/thumb/v6-m/nofp/crt0.o (__libc_init_array)
/usr/local/Cellar/arm-none-eabi-gcc/10.3-2021.07/gcc/bin/../lib/gcc/arm-none-eabi/10.3.1/../../../../arm-none-eabi/lib/thumb/v6-m/nofp/libg.a(lib_a-malloc.o)
                              CMakeFiles/Pico-Clock-Green.dir/Users/max/pico/pico-sdk/src/rp2_common/pico_malloc/pico_malloc.c.obj (malloc)
/usr/local/Cellar/arm-none-eabi-gcc/10.3-2021.07/gcc/bin/../lib/gcc/arm-none-eabi/10.3.1/../../../../arm-none-eabi/lib/thumb/v6-m/nofp/libg.a(lib_a-mallocr.o)
                              /usr/local/Cellar/arm-none-eabi-gcc/10.3-2021.07/gcc/bin/../lib/gcc/arm-none-eabi/10.3.1/../../../../arm-none-eabi/lib/thumb/v6-m/nofp/libg.a(lib_a-callocr.o) (_malloc_r)
/usr/local/Cellar/arm-none-eabi-gcc/10.3-2021.07/gcc/bin/../lib/gcc/arm-none-eabi/10.3.1/../../../../arm-none-eabi/lib/thumb/v6-m/nofp/libg.a(lib_a-mlock.o)
                              /usr/local/Cellar/arm-none-eabi-gcc/10.3-2021.07/gcc/bin/../lib/gcc/arm-none-eabi/10.3.1/../../../../arm-none-eabi/lib/thumb/v6-m/nofp/libg.a(lib_a-mallocr.o) (__malloc_lock)
/usr/local/Cellar/arm-none-eabi-gcc/10.3-2021.07/gcc/bin/../lib/gcc/arm-none-eabi/10.3.1/../../../../arm-none-eabi/lib/thumb/v6-m/nofp/libg.a(lib_a-rand.o)
                              CMakeFiles/Pico-Clock-Green.dir/Pico-Clock-Green.c.obj (srand)
/usr/local/Cellar/arm-none-eabi-gcc/10.3-2021.07/gcc/bin/../lib/gcc/arm-none-eabi/10.3.1/../../../../arm-none-eabi/lib/thumb/v6-m/nofp/libg.a(lib_a-realloc.o)
                              CMakeFiles/Pico-Clock-Green.dir/Users/max/pico/pico-sdk/src/rp2_common/pico_malloc/pico_malloc.c.obj (realloc)
/usr/local/Cellar/arm-none-eabi-gcc/10.3-2021.07/gcc/bin/../lib/gcc/arm-none-eabi/10.3.1/../../../../arm-none-eabi/lib/thumb/v6-m/nofp/libg.a(lib_a-reallocr.o)
                              /usr/local/Cellar/arm-none-eabi-gcc/10.3-2021.07/gcc/bin/../lib/gcc/arm-none-eabi/10.3.1/../../../../arm-none-eabi/lib/thumb/v6-m/nofp/libg.a(lib_a-realloc.o) (_realloc_r)
/usr/local/Cellar/arm-none-eabi-gcc/10.3-2021.07/gcc/bin/../lib/gcc/arm-none-eabi/10.3.1/../../../../arm-none-eabi/lib/thumb/v6-m/nofp/libg.a(lib_a-sbrkr.o)
                              /usr/local/Cellar/arm-none-eabi-gcc/10.3-2021.07/gcc/bin/../lib/gcc/arm-none-eabi/10.3.1/../../../../arm-none-eabi/lib/thumb/v6-m/nofp/libg.a(lib_a-mallocr.o) (_sbrk_r)
/usr/local/Cellar/arm-none-eabi-gcc/10.3-2021.07/gcc/bin/../lib/gcc/arm-none-eabi/10.3.1/../../../../arm-none-eabi/lib/thumb/v6-m/nofp/libg.a(lib_a-strcmp.o)
                              CMakeFiles/Pico-Clock-Green.dir/Pico-Clock-Green.c.obj (strcmp)
/usr/local/Cellar/arm-none-eabi-gcc/10.3-2021.07/gcc/bin/../lib/gcc/arm-none-eabi/10.3.1/../../../../arm-none-eabi/lib/thumb/v6-m/nofp/libg.a(lib_a-strcpy.o)
                              CMakeFiles/Pico-Clock-Green.dir/Pico-Clock-Green.c.obj (strcpy)
[...]
Memory Configuration

Name             Origin             Length             Attributes
FLASH            0x0000000010000000 0x0000000000200000 xr
RAM              0x0000000020000000 0x0000000000040000 xrw
SCRATCH_X        0x0000000020040000 0x0000000000001000 xrw
SCRATCH_Y        0x0000000020041000 0x0000000000001000 xrw
*default*        0x0000000000000000 0xffffffffffffffff

Linker script and memory map

LOAD /usr/local/Cellar/arm-none-eabi-gcc/10.3-2021.07/gcc/bin/../lib/gcc/arm-none-eabi/10.3.1/thumb/v6-m/nofp/crti.o
LOAD /usr/local/Cellar/arm-none-eabi-gcc/10.3-2021.07/gcc/bin/../lib/gcc/arm-none-eabi/10.3.1/thumb/v6-m/nofp/crtbegin.o
LOAD /usr/local/Cellar/arm-none-eabi-gcc/10.3-2021.07/gcc/bin/../lib/gcc/arm-none-eabi/10.3.1/../../../../arm-none-eabi/lib/thumb/v6-m/nofp/crt0.o

.flash_begin    0x0000000010000000        0x0
                0x0000000010000000                __flash_binary_start = .

.boot2          0x0000000010000000      0x100
                0x0000000010000000                __boot2_start__ = .
 *(.boot2)
 .boot2         0x0000000010000000      0x100 /var/folders/hx/ybfzs61s0_df8jx22m7xnqnr0000gn/T//ccbETz0W.o
                0x0000000010000100                __boot2_end__ = .
                0x0000000000000001                ASSERT (((__boot2_end__ - __boot2_start__) == 0x100), ERROR: Pico second stage bootloader must be 256 bytes in size)

.text           0x0000000010000100     0x9208
                0x0000000010000100                __logical_binary_start = .
 *(.vectors)
 .vectors       0x0000000010000100       0xd4 CMakeFiles/Pico-Clock-Green.dir/Users/max/pico/pico-sdk/src/rp2_common/pico_standard_link/crt0.S.obj
                0x0000000010000100                __VECTOR_TABLE
                0x0000000010000100                __vectors
                0x00000000100001c0                __default_isrs_start
                0x00000000100001c0                isr_invalid
                0x00000000100001c2                isr_nmi
                0x00000000100001c4                isr_hardfault
                0x00000000100001c6                isr_svcall
                0x00000000100001c8                isr_pendsv
                0x00000000100001ca                isr_systick
                0x00000000100001cc                isr_irq28
                0x00000000100001cc                isr_irq19
                0x00000000100001cc                isr_irq0
                0x00000000100001cc                isr_irq6
                0x00000000100001cc                isr_irq22
                0x00000000100001cc                isr_irq17
                0x00000000100001cc                isr_irq14
                0x00000000100001cc                isr_irq2
                0x00000000100001cc                isr_irq10
                0x00000000100001cc                isr_irq8
                0x00000000100001cc                isr_irq24
                0x00000000100001cc                isr_irq1
                0x00000000100001cc                isr_irq7
                0x00000000100001cc                isr_irq21
                0x00000000100001cc                isr_irq20
                0x00000000100001cc                isr_irq15
                0x00000000100001cc                isr_irq25
                0x00000000100001cc                isr_irq4
                0x00000000100001cc                isr_irq16
                0x00000000100001cc                isr_irq29
                0x00000000100001cc                isr_irq26
                0x00000000100001cc                __default_isrs_end
                0x00000000100001cc                isr_irq3
                0x00000000100001cc                isr_irq9
                0x00000000100001cc                __unhandled_user_irq
                0x00000000100001cc                isr_irq13
                0x00000000100001cc                isr_irq27
                0x00000000100001cc                isr_irq31
                0x00000000100001cc                isr_irq5
                0x00000000100001cc                isr_irq11
                0x00000000100001cc                isr_irq23
                0x00000000100001cc                isr_irq18
                0x00000000100001cc                isr_irq30
                0x00000000100001cc                isr_irq12
                0x00000000100001d2                unhandled_user_irq_num_in_r0
 *(.binary_info_header)
 .binary_info_header
                0x00000000100001d4       0x14 CMakeFiles/Pico-Clock-Green.dir/Users/max/pico/pico-sdk/src/rp2_common/pico_standard_link/crt0.S.obj
                0x00000000100001e8                __binary_info_header_end = .
 *(.reset)
 .reset         0x00000000100001e8       0xa8 CMakeFiles/Pico-Clock-Green.dir/Users/max/pico/pico-sdk/src/rp2_common/pico_standard_link/crt0.S.obj
                0x00000000100001e8                _entry_point
                0x0000000010000266                __get_current_exception
 .reset         0x0000000010000290       0x30 CMakeFiles/Pico-Clock-Green.dir/Users/max/pico/pico-sdk/src/rp2_common/pico_standard_link/binary_info.c.obj
 *(.init)
 .init          0x00000000100002c0        0x4 /usr/local/Cellar/arm-none-eabi-gcc/10.3-2021.07/gcc/bin/../lib/gcc/arm-none-eabi/10.3.1/thumb/v6-m/nofp/crti.o
                0x00000000100002c0                _init
 *(EXCLUDE_FILE(*libm.a: *libc.a:*lib_a-mem*.o *libgcc.a:) .text*)
 .text          0x00000000100002c4       0x48 /usr/local/Cellar/arm-none-eabi-gcc/10.3-2021.07/gcc/bin/../lib/gcc/arm-none-eabi/10.3.1/thumb/v6-m/nofp/crtbegin.o
 .text.add_repeating_timer_ms
                0x000000001000030c       0x3c CMakeFiles/Pico-Clock-Green.dir/Pico-Clock-Green.c.obj
 .text.convert_h24_to_h12
                0x0000000010000348       0x38 CMakeFiles/Pico-Clock-Green.dir/Pico-Clock-Green.c.obj
                0x0000000010000348                convert_h24_to_h12
 .text.date_stamp
                0x0000000010000380       0x70 CMakeFiles/Pico-Clock-Green.dir/Pico-Clock-Green.c.obj
                0x0000000010000380                date_stamp
 .text.evaluate_keyclick_start_time
                0x00000000100003f0       0x38 CMakeFiles/Pico-Clock-Green.dir/Pico-Clock-Green.c.obj
                0x00000000100003f0                evaluate_keyclick_start_time
 .text.evaluate_sound_stop_time
                0x0000000010000428      0x390 CMakeFiles/Pico-Clock-Green.dir/Pico-Clock-Green.c.obj
                0x0000000010000428                evaluate_sound_stop_time
 .text.fill_display_buffer_4X7
                0x00000000100007b8       0xc8 CMakeFiles/Pico-Clock-Green.dir/Pico-Clock-Green.c.obj
                0x00000000100007b8                fill_display_buffer_4X7
 .text.clear_framebuffer
                0x0000000010000880       0x16 CMakeFiles/Pico-Clock-Green.dir/Pico-Clock-Green.c.obj
                0x0000000010000880                clear_framebuffer
 *fill*         0x0000000010000896        0x2 
 .text.timer_callback_us
                0x0000000010000898       0xec CMakeFiles/Pico-Clock-Green.dir/Pico-Clock-Green.c.obj
                0x0000000010000898                timer_callback_us
 .text.get_ads1015
                0x0000000010000984       0x3c CMakeFiles/Pico-Clock-Green.dir/Pico-Clock-Green.c.obj
                0x0000000010000984                get_ads1015
 .text.adc_show_count
                0x00000000100009c0       0xc0 CMakeFiles/Pico-Clock-Green.dir/Pico-Clock-Green.c.obj
                0x00000000100009c0                adc_show_count
 .text.get_date_string
                0x0000000010000a80      0x1a8 CMakeFiles/Pico-Clock-Green.dir/Pico-Clock-Green.c.obj
                0x0000000010000a80                get_date_string
 .text.get_month_days
                0x0000000010000c28       0xdc CMakeFiles/Pico-Clock-Green.dir/Pico-Clock-Green.c.obj
                0x0000000010000c28                get_month_days
 .text.get_pico_temperature
                0x0000000010000d04      0x130 CMakeFiles/Pico-Clock-Green.dir/Pico-Clock-Green.c.obj
                0x0000000010000d04                get_pico_temperature
 .text.get_voltage
                0x0000000010000e34       0x70 CMakeFiles/Pico-Clock-Green.dir/Pico-Clock-Green.c.obj
                0x0000000010000e34                get_voltage
 .text.get_weekday
                0x0000000010000ea4       0x84 CMakeFiles/Pico-Clock-Green.dir/Pico-Clock-Green.c.obj
                0x0000000010000ea4                get_weekday
 .text.init_gpio
                0x0000000010000f28      0x130 CMakeFiles/Pico-Clock-Green.dir/Pico-Clock-Green.c.obj
                0x0000000010000f28                init_gpio
 .text.reverse_bits
                0x0000000010001058       0x22 CMakeFiles/Pico-Clock-Green.dir/Pico-Clock-Green.c.obj
                0x0000000010001058                reverse_bits
 *fill*         0x000000001000107a        0x2 
 .text.fill_display_buffer_5X7
                0x000000001000107c       0xf4 CMakeFiles/Pico-Clock-Green.dir/Pico-Clock-Green.c.obj
                0x000000001000107c                fill_display_buffer_5X7
 .text.scroll_one_dot
                0x0000000010001170       0x64 CMakeFiles/Pico-Clock-Green.dir/Pico-Clock-Green.c.obj
                0x0000000010001170                scroll_one_dot
 .text.evaluate_scroll_time
                0x00000000100011d4       0x60 CMakeFiles/Pico-Clock-Green.dir/Pico-Clock-Green.c.obj
                0x00000000100011d4                evaluate_scroll_time
 .text.scroll_queue
                0x0000000010001234       0x54 CMakeFiles/Pico-Clock-Green.dir/Pico-Clock-Green.c.obj
                0x0000000010001234                scroll_queue
 .text.scroll_string
                0x0000000010001288       0xa8 CMakeFiles/Pico-Clock-Green.dir/Pico-Clock-Green.c.obj
                0x0000000010001288                scroll_string
 .text.scroll_unqueue
                0x0000000010001330       0x38 CMakeFiles/Pico-Clock-Green.dir/Pico-Clock-Green.c.obj
                0x0000000010001330                scroll_unqueue
 .text.process_scroll_queue
                0x0000000010001368      0x2d0 CMakeFiles/Pico-Clock-Green.dir/Pico-Clock-Green.c.obj
                0x0000000010001368                process_scroll_queue
 .text.select_weekday
                0x0000000010001638      0x1f0 CMakeFiles/Pico-Clock-Green.dir/Pico-Clock-Green.c.obj
                0x0000000010001638                select_weekday
 .text.evaluate_blinking_time
                0x0000000010001828      0x17c CMakeFiles/Pico-Clock-Green.dir/Pico-Clock-Green.c.obj
                0x0000000010001828                evaluate_blinking_time
 .text.send_data
                0x00000000100019a4       0x36 CMakeFiles/Pico-Clock-Green.dir/Pico-Clock-Green.c.obj
                0x00000000100019a4                send_data
 *fill*         0x00000000100019da        0x2 
 .text.set_mode_out
                0x00000000100019dc      0x1a8 CMakeFiles/Pico-Clock-Green.dir/Pico-Clock-Green.c.obj
                0x00000000100019dc                set_mode_out
 .text.set_mode_timeout
                0x0000000010001b84       0x40 CMakeFiles/Pico-Clock-Green.dir/Pico-Clock-Green.c.obj
                0x0000000010001b84                set_mode_timeout
 .text.setup_alarm_frame
                0x0000000010001bc4      0x2d4 CMakeFiles/Pico-Clock-Green.dir/Pico-Clock-Green.c.obj
                0x0000000010001bc4                setup_alarm_frame
 .text.setup_alarm_variables
                0x0000000010001e98      0x178 CMakeFiles/Pico-Clock-Green.dir/Pico-Clock-Green.c.obj
                0x0000000010001e98                setup_alarm_variables
 .text.setup_clock_frame
                0x0000000010002010      0xd5c CMakeFiles/Pico-Clock-Green.dir/Pico-Clock-Green.c.obj
                0x0000000010002010                setup_clock_frame
 .text.setup_clock_variables
                0x0000000010002d6c      0x658 CMakeFiles/Pico-Clock-Green.dir/Pico-Clock-Green.c.obj
                0x0000000010002d6c                setup_clock_variables
 .text.setup_timer_frame
                0x00000000100033c4      0x3f8 CMakeFiles/Pico-Clock-Green.dir/Pico-Clock-Green.c.obj
                0x00000000100033c4                setup_timer_frame
 .text.setup_timer_variables
                0x00000000100037bc       0xc8 CMakeFiles/Pico-Clock-Green.dir/Pico-Clock-Green.c.obj
                0x00000000100037bc                setup_timer_variables
 .text.timer_callback_ms
                0x0000000010003884      0x39c CMakeFiles/Pico-Clock-Green.dir/Pico-Clock-Green.c.obj
                0x0000000010003884                timer_callback_ms
 .text.show_time
                0x0000000010003c20      0x1bc CMakeFiles/Pico-Clock-Green.dir/Pico-Clock-Green.c.obj
                0x0000000010003c20                show_time
 .text.uart_send
                0x0000000010003ddc       0xf8 CMakeFiles/Pico-Clock-Green.dir/Pico-Clock-Green.c.obj
                0x0000000010003ddc                uart_send
 .text.main     0x0000000010003ed4      0x6c8 CMakeFiles/Pico-Clock-Green.dir/Pico-Clock-Green.c.obj
                0x0000000010003ed4                main
 .text.timer_callback_s
                0x000000001000459c      0x67c CMakeFiles/Pico-Clock-Green.dir/Pico-Clock-Green.c.obj
                0x000000001000459c                timer_callback_s
 .text.bcd_to_byte
                0x0000000010004c18       0x14 CMakeFiles/Pico-Clock-Green.dir/Ds3231.c.obj
                0x0000000010004c18                bcd_to_byte
 .text.dec_to_bcd
                0x0000000010004c2c       0x1c CMakeFiles/Pico-Clock-Green.dir/Ds3231.c.obj
                0x0000000010004c2c                dec_to_bcd
 .text.ds3231_check_alarm_0
                0x0000000010004c48       0x58 CMakeFiles/Pico-Clock-Green.dir/Ds3231.c.obj
                0x0000000010004c48                ds3231_check_alarm_0
 .text.ds3231_check_alarm_1
                0x0000000010004ca0       0x58 CMakeFiles/Pico-Clock-Green.dir/Ds3231.c.obj
                0x0000000010004ca0                ds3231_check_alarm_1
 .text.ds3231_register_read
                0x0000000010004cf8       0x44 CMakeFiles/Pico-Clock-Green.dir/Ds3231.c.obj
                0x0000000010004cf8                ds3231_register_read
 .text.byte_data
                0x0000000010004d3c       0x28 CMakeFiles/Pico-Clock-Green.dir/Ds3231.c.obj
                0x0000000010004d3c                byte_data
 .text.Read_RTC
                0x0000000010004d64       0x54 CMakeFiles/Pico-Clock-Green.dir/Ds3231.c.obj
                0x0000000010004d64                Read_RTC
 .text.set_alarm1_clock
                0x0000000010004db8      0x108 CMakeFiles/Pico-Clock-Green.dir/Ds3231.c.obj
                0x0000000010004db8                set_alarm1_clock
 .text.set_alarm2_clock
                0x0000000010004ec0       0x88 CMakeFiles/Pico-Clock-Green.dir/Ds3231.c.obj
                0x0000000010004ec0                set_alarm2_clock
 .text.set_day_of_month
                0x0000000010004f48       0x2c CMakeFiles/Pico-Clock-Green.dir/Ds3231.c.obj
                0x0000000010004f48                set_day_of_month
 .text.set_day_of_week
                0x0000000010004f74       0x2c CMakeFiles/Pico-Clock-Green.dir/Ds3231.c.obj
                0x0000000010004f74                set_day_of_week
 .text.set_hour
                0x0000000010004fa0       0x2c CMakeFiles/Pico-Clock-Green.dir/Ds3231.c.obj
                0x0000000010004fa0                set_hour
 .text.set_minute
                0x0000000010004fcc       0x40 CMakeFiles/Pico-Clock-Green.dir/Ds3231.c.obj
                0x0000000010004fcc                set_minute
 .text.set_month
                0x000000001000500c       0x2c CMakeFiles/Pico-Clock-Green.dir/Ds3231.c.obj
                0x000000001000500c                set_month
 .text.set_year
                0x0000000010005038       0x2c CMakeFiles/Pico-Clock-Green.dir/Ds3231.c.obj
                0x0000000010005038                set_year
 .text.gpio_set_function
                0x0000000010005064       0x30 CMakeFiles/Pico-Clock-Green.dir/Users/max/pico/pico-sdk/src/rp2_common/hardware_gpio/gpio.c.obj
                0x0000000010005064                gpio_set_function
 .text.gpio_set_pulls
                0x0000000010005094       0x34 CMakeFiles/Pico-Clock-Green.dir/Users/max/pico/pico-sdk/src/rp2_common/hardware_gpio/gpio.c.obj
                0x0000000010005094                gpio_set_pulls
 .text.gpio_set_input_enabled
                0x00000000100050c8       0x30 CMakeFiles/Pico-Clock-Green.dir/Users/max/pico/pico-sdk/src/rp2_common/hardware_gpio/gpio.c.obj
                0x00000000100050c8                gpio_set_input_enabled
 .text.gpio_init
                0x00000000100050f8       0x16 CMakeFiles/Pico-Clock-Green.dir/Users/max/pico/pico-sdk/src/rp2_common/hardware_gpio/gpio.c.obj
                0x00000000100050f8                gpio_init
 *fill*         0x000000001000510e        0x2 
 .text.hw_claim_lock
                0x0000000010005110       0x18 CMakeFiles/Pico-Clock-Green.dir/Users/max/pico/pico-sdk/src/rp2_common/hardware_claim/claim.c.obj
                0x0000000010005110                hw_claim_lock
 .text.hw_claim_unlock
                0x0000000010005128       0x14 CMakeFiles/Pico-Clock-Green.dir/Users/max/pico/pico-sdk/src/rp2_common/hardware_claim/claim.c.obj
                0x0000000010005128                hw_claim_unlock
 .text.hw_claim_or_assert
                0x000000001000513c       0x32 CMakeFiles/Pico-Clock-Green.dir/Users/max/pico/pico-sdk/src/rp2_common/hardware_claim/claim.c.obj
                0x000000001000513c                hw_claim_or_assert
 *fill*         0x000000001000516e        0x2 
 .text.running_on_fpga
                0x0000000010005170       0x14 CMakeFiles/Pico-Clock-Green.dir/Users/max/pico/pico-sdk/src/rp2_common/pico_platform/platform.c.obj
                0x0000000010005170                running_on_fpga
 .text.spin_locks_reset
                0x0000000010005184       0x20 CMakeFiles/Pico-Clock-Green.dir/Users/max/pico/pico-sdk/src/rp2_common/hardware_sync/sync.c.obj
                0x0000000010005184                spin_locks_reset
 .text.next_striped_spin_lock_num
                0x00000000100051a4       0x1c CMakeFiles/Pico-Clock-Green.dir/Users/max/pico/pico-sdk/src/rp2_common/hardware_sync/sync.c.obj
                0x00000000100051a4                next_striped_spin_lock_num
 .text.set_raw_irq_handler_and_unlock
                0x00000000100051c0       0x28 CMakeFiles/Pico-Clock-Green.dir/Users/max/pico/pico-sdk/src/rp2_common/hardware_irq/irq.c.obj
 .text.make_branch
                0x00000000100051e8       0x48 CMakeFiles/Pico-Clock-Green.dir/Users/max/pico/pico-sdk/src/rp2_common/hardware_irq/irq.c.obj
 .text.insert_branch_and_link
                0x0000000010005230       0x40 CMakeFiles/Pico-Clock-Green.dir/Users/max/pico/pico-sdk/src/rp2_common/hardware_irq/irq.c.obj
 .text.irq_is_enabled
                0x0000000010005270       0x18 CMakeFiles/Pico-Clock-Green.dir/Users/max/pico/pico-sdk/src/rp2_common/hardware_irq/irq.c.obj
                0x0000000010005270                irq_is_enabled
 .text.irq_set_mask_enabled
                0x0000000010005288       0x20 CMakeFiles/Pico-Clock-Green.dir/Users/max/pico/pico-sdk/src/rp2_common/hardware_irq/irq.c.obj
                0x0000000010005288                irq_set_mask_enabled
 .text.irq_set_enabled
                0x00000000100052a8        0xe CMakeFiles/Pico-Clock-Green.dir/Users/max/pico/pico-sdk/src/rp2_common/hardware_irq/irq.c.obj
                0x00000000100052a8                irq_set_enabled
 *fill*         0x00000000100052b6        0x2 
 .text.irq_get_vtable_handler
                0x00000000100052b8       0x10 CMakeFiles/Pico-Clock-Green.dir/Users/max/pico/pico-sdk/src/rp2_common/hardware_irq/irq.c.obj
                0x00000000100052b8                irq_get_vtable_handler
 .text.irq_set_exclusive_handler
                0x00000000100052c8       0x54 CMakeFiles/Pico-Clock-Green.dir/Users/max/pico/pico-sdk/src/rp2_common/hardware_irq/irq.c.obj
                0x00000000100052c8                irq_set_exclusive_handler
 .text.irq_remove_handler
                0x000000001000531c      0x1a8 CMakeFiles/Pico-Clock-Green.dir/Users/max/pico/pico-sdk/src/rp2_common/hardware_irq/irq.c.obj
                0x000000001000531c                irq_remove_handler
 .text.irq_add_tail_to_free_list
                0x00000000100054c4       0xf0 CMakeFiles/Pico-Clock-Green.dir/Users/max/pico/pico-sdk/src/rp2_common/hardware_irq/irq.c.obj
                0x00000000100054c4                irq_add_tail_to_free_list
 .text.irq_init_priorities
                0x00000000100055b4       0x1c CMakeFiles/Pico-Clock-Green.dir/Users/max/pico/pico-sdk/src/rp2_common/hardware_irq/irq.c.obj
                0x00000000100055b4                irq_init_priorities
 .text.sem_init
                0x00000000100055d0       0x1e CMakeFiles/Pico-Clock-Green.dir/Users/max/pico/pico-sdk/src/common/pico_sync/sem.c.obj
                0x00000000100055d0                sem_init
 *fill*         0x00000000100055ee        0x2 
 .text.lock_init
                0x00000000100055f0       0x10 CMakeFiles/Pico-Clock-Green.dir/Users/max/pico/pico-sdk/src/common/pico_sync/lock_core.c.obj
                0x00000000100055f0                lock_init
 .text.repeating_timer_callback
                0x0000000010005600       0x40 CMakeFiles/Pico-Clock-Green.dir/Users/max/pico/pico-sdk/src/common/pico_time/time.c.obj
 .text.alarm_pool_post_alloc_init
                0x0000000010005640       0x40 CMakeFiles/Pico-Clock-Green.dir/Users/max/pico/pico-sdk/src/common/pico_time/time.c.obj
 .text.sleep_until_callback
                0x0000000010005680       0x30 CMakeFiles/Pico-Clock-Green.dir/Users/max/pico/pico-sdk/src/common/pico_time/time.c.obj
 .text.timer_pool_entry_comparator
                0x00000000100056b0       0x7c CMakeFiles/Pico-Clock-Green.dir/Users/max/pico/pico-sdk/src/common/pico_time/time.c.obj
                0x00000000100056b0                timer_pool_entry_comparator
 .text.ph_add_child_node
                0x000000001000572c       0xa4 CMakeFiles/Pico-Clock-Green.dir/Users/max/pico/pico-sdk/src/common/pico_time/time.c.obj
 .text.ph_merge_nodes
                0x00000000100057d0       0x3e CMakeFiles/Pico-Clock-Green.dir/Users/max/pico/pico-sdk/src/common/pico_time/time.c.obj
 *fill*         0x000000001000580e        0x2 
 .text.add_alarm_under_lock
                0x0000000010005810      0x174 CMakeFiles/Pico-Clock-Green.dir/Users/max/pico/pico-sdk/src/common/pico_time/time.c.obj
 .text.alarm_pool_alarm_callback
                0x0000000010005984      0x328 CMakeFiles/Pico-Clock-Green.dir/Users/max/pico/pico-sdk/src/common/pico_time/time.c.obj
 .text.alarm_pool_init_default
                0x0000000010005cac       0x38 CMakeFiles/Pico-Clock-Green.dir/Users/max/pico/pico-sdk/src/common/pico_time/time.c.obj
                0x0000000010005cac                alarm_pool_init_default
 .text.alarm_pool_get_default
                0x0000000010005ce4       0x2c CMakeFiles/Pico-Clock-Green.dir/Users/max/pico/pico-sdk/src/common/pico_time/time.c.obj
                0x0000000010005ce4                alarm_pool_get_default
 .text.alarm_pool_add_alarm_at
                0x0000000010005d10      0x170 CMakeFiles/Pico-Clock-Green.dir/Users/max/pico/pico-sdk/src/common/pico_time/time.c.obj
                0x0000000010005d10                alarm_pool_add_alarm_at
 .text.alarm_pool_cancel_alarm
                0x0000000010005e80       0xf0 CMakeFiles/Pico-Clock-Green.dir/Users/max/pico/pico-sdk/src/common/pico_time/time.c.obj
                0x0000000010005e80                alarm_pool_cancel_alarm
 .text.alarm_pool_add_repeating_timer_us
                0x0000000010005f70       0x9c CMakeFiles/Pico-Clock-Green.dir/Users/max/pico/pico-sdk/src/common/pico_time/time.c.obj
                0x0000000010005f70                alarm_pool_add_repeating_timer_us
 .text.cancel_repeating_timer
                0x000000001000600c       0x1a CMakeFiles/Pico-Clock-Green.dir/Users/max/pico/pico-sdk/src/common/pico_time/time.c.obj
                0x000000001000600c                cancel_repeating_timer
 *fill*         0x0000000010006026        0x2 
 .text.sleep_until
                0x0000000010006028       0xfc CMakeFiles/Pico-Clock-Green.dir/Users/max/pico/pico-sdk/src/common/pico_time/time.c.obj
                0x0000000010006028                sleep_until
 .text.sleep_us
                0x0000000010006124       0x58 CMakeFiles/Pico-Clock-Green.dir/Users/max/pico/pico-sdk/src/common/pico_time/time.c.obj
                0x0000000010006124                sleep_us
 .text.sleep_ms
                0x000000001000617c       0x14 CMakeFiles/Pico-Clock-Green.dir/Users/max/pico/pico-sdk/src/common/pico_time/time.c.obj
                0x000000001000617c                sleep_ms
 .text.hardware_alarm_irq_handler
                0x0000000010006190       0x8c CMakeFiles/Pico-Clock-Green.dir/Users/max/pico/pico-sdk/src/rp2_common/hardware_timer/timer.c.obj
 .text.hardware_alarm_claim
                0x000000001000621c       0x18 CMakeFiles/Pico-Clock-Green.dir/Users/max/pico/pico-sdk/src/rp2_common/hardware_timer/timer.c.obj
                0x000000001000621c                hardware_alarm_claim
 .text.time_us_64
                0x0000000010006234       0x18 CMakeFiles/Pico-Clock-Green.dir/Users/max/pico/pico-sdk/src/rp2_common/hardware_timer/timer.c.obj
                0x0000000010006234                time_us_64
 .text.busy_wait_until
                0x000000001000624c       0x28 CMakeFiles/Pico-Clock-Green.dir/Users/max/pico/pico-sdk/src/rp2_common/hardware_timer/timer.c.obj
                0x000000001000624c                busy_wait_until
 .text.hardware_alarm_set_callback
                0x0000000010006274       0x90 CMakeFiles/Pico-Clock-Green.dir/Users/max/pico/pico-sdk/src/rp2_common/hardware_timer/timer.c.obj
                0x0000000010006274                hardware_alarm_set_callback
 .text.hardware_alarm_set_target
                0x0000000010006304       0xe8 CMakeFiles/Pico-Clock-Green.dir/Users/max/pico/pico-sdk/src/rp2_common/hardware_timer/timer.c.obj
                0x0000000010006304                hardware_alarm_set_target
 .text.hardware_alarm_cancel
                0x00000000100063ec       0x40 CMakeFiles/Pico-Clock-Green.dir/Users/max/pico/pico-sdk/src/rp2_common/hardware_timer/timer.c.obj
                0x00000000100063ec                hardware_alarm_cancel
 .text.ph_add_child_node
                0x000000001000642c       0xa4 CMakeFiles/Pico-Clock-Green.dir/Users/max/pico/pico-sdk/src/common/pico_util/pheap.c.obj
 .text.ph_merge_nodes
                0x00000000100064d0       0x3e CMakeFiles/Pico-Clock-Green.dir/Users/max/pico/pico-sdk/src/common/pico_util/pheap.c.obj
 *fill*         0x000000001000650e        0x2 
 .text.ph_clear
                0x0000000010006510       0x70 CMakeFiles/Pico-Clock-Green.dir/Users/max/pico/pico-sdk/src/common/pico_util/pheap.c.obj
                0x0000000010006510                ph_clear
 .text.ph_post_alloc_init
                0x0000000010006580        0xe CMakeFiles/Pico-Clock-Green.dir/Users/max/pico/pico-sdk/src/common/pico_util/pheap.c.obj
                0x0000000010006580                ph_post_alloc_init
 *fill*         0x000000001000658e        0x2 
 .text.ph_merge_two_pass
                0x0000000010006590       0xa8 CMakeFiles/Pico-Clock-Green.dir/Users/max/pico/pico-sdk/src/common/pico_util/pheap.c.obj
                0x0000000010006590                ph_merge_two_pass
 .text.ph_remove_any_head
                0x0000000010006638      0x108 CMakeFiles/Pico-Clock-Green.dir/Users/max/pico/pico-sdk/src/common/pico_util/pheap.c.obj
 .text.ph_remove_head
                0x0000000010006740       0x14 CMakeFiles/Pico-Clock-Green.dir/Users/max/pico/pico-sdk/src/common/pico_util/pheap.c.obj
                0x0000000010006740                ph_remove_head
 .text.ph_remove_and_free_node
                0x0000000010006754       0xf8 CMakeFiles/Pico-Clock-Green.dir/Users/max/pico/pico-sdk/src/common/pico_util/pheap.c.obj
                0x0000000010006754                ph_remove_and_free_node
 .text.mutex_init
                0x000000001000684c       0x1a CMakeFiles/Pico-Clock-Green.dir/Users/max/pico/pico-sdk/src/common/pico_sync/mutex.c.obj
                0x000000001000684c                mutex_init
 .text.recursive_mutex_init
                0x0000000010006866       0x1e CMakeFiles/Pico-Clock-Green.dir/Users/max/pico/pico-sdk/src/common/pico_sync/mutex.c.obj
                0x0000000010006866                recursive_mutex_init
 .text.uart_set_baudrate
                0x0000000010006884       0x5c CMakeFiles/Pico-Clock-Green.dir/Users/max/pico/pico-sdk/src/rp2_common/hardware_uart/uart.c.obj
                0x0000000010006884                uart_set_baudrate
 .text.uart_set_translate_crlf
                0x00000000100068e0       0x28 CMakeFiles/Pico-Clock-Green.dir/Users/max/pico/pico-sdk/src/rp2_common/hardware_uart/uart.c.obj
                0x00000000100068e0                uart_set_translate_crlf
 .text.uart_init
                0x0000000010006908       0x80 CMakeFiles/Pico-Clock-Green.dir/Users/max/pico/pico-sdk/src/rp2_common/hardware_uart/uart.c.obj
                0x0000000010006908                uart_init
 .text._exit    0x0000000010006988        0x4 CMakeFiles/Pico-Clock-Green.dir/Users/max/pico/pico-sdk/src/rp2_common/pico_runtime/runtime.c.obj
                0x0000000010006988                _exit
 .text.exit     0x000000001000698c        0x6 CMakeFiles/Pico-Clock-Green.dir/Users/max/pico/pico-sdk/src/rp2_common/pico_runtime/runtime.c.obj
                0x000000001000698c                exit
 *fill*         0x0000000010006992        0x2 
 .text.__assert_func
                0x0000000010006994       0x3c CMakeFiles/Pico-Clock-Green.dir/Users/max/pico/pico-sdk/src/rp2_common/pico_runtime/runtime.c.obj
                0x0000000010006994                __assert_func
 .text.runtime_init
                0x00000000100069d0       0xf8 CMakeFiles/Pico-Clock-Green.dir/Users/max/pico/pico-sdk/src/rp2_common/pico_runtime/runtime.c.obj
                0x00000000100069d0                runtime_init
 .text.panic    0x0000000010006ac8       0x30 CMakeFiles/Pico-Clock-Green.dir/Users/max/pico/pico-sdk/src/rp2_common/pico_runtime/runtime.c.obj
                0x0000000010006ac8                panic
 .text.clock_configure
                0x0000000010006af8      0x104 CMakeFiles/Pico-Clock-Green.dir/Users/max/pico/pico-sdk/src/rp2_common/hardware_clocks/clocks.c.obj
                0x0000000010006af8                clock_configure
 .text.clocks_init
                0x0000000010006bfc      0x100 CMakeFiles/Pico-Clock-Green.dir/Users/max/pico/pico-sdk/src/rp2_common/hardware_clocks/clocks.c.obj
                0x0000000010006bfc                clocks_init
 .text.clock_get_hz
                0x0000000010006cfc        0xc CMakeFiles/Pico-Clock-Green.dir/Users/max/pico/pico-sdk/src/rp2_common/hardware_clocks/clocks.c.obj
                0x0000000010006cfc                clock_get_hz
 .text.pll_init
                0x0000000010006d08      0x140 CMakeFiles/Pico-Clock-Green.dir/Users/max/pico/pico-sdk/src/rp2_common/hardware_pll/pll.c.obj
                0x0000000010006d08                pll_init
 .text.watchdog_start_tick
                0x0000000010006e48       0x10 CMakeFiles/Pico-Clock-Green.dir/Users/max/pico/pico-sdk/src/rp2_common/hardware_watchdog/watchdog.c.obj
                0x0000000010006e48                watchdog_start_tick
 .text.xosc_init
                0x0000000010006e58       0x28 CMakeFiles/Pico-Clock-Green.dir/Users/max/pico/pico-sdk/src/rp2_common/hardware_xosc/xosc.c.obj
                0x0000000010006e58                xosc_init
 .text._out_buffer
                0x0000000010006e80        0x8 CMakeFiles/Pico-Clock-Green.dir/Users/max/pico/pico-sdk/src/rp2_common/pico_printf/printf.c.obj
 .text._out_null
                0x0000000010006e88        0x2 CMakeFiles/Pico-Clock-Green.dir/Users/max/pico/pico-sdk/src/rp2_common/pico_printf/printf.c.obj
 .text._out_fct
                0x0000000010006e8a        0xe CMakeFiles/Pico-Clock-Green.dir/Users/max/pico/pico-sdk/src/rp2_common/pico_printf/printf.c.obj
 .text._atoi    0x0000000010006e98       0x24 CMakeFiles/Pico-Clock-Green.dir/Users/max/pico/pico-sdk/src/rp2_common/pico_printf/printf.c.obj
 .text._out_rev
                0x0000000010006ebc       0xae CMakeFiles/Pico-Clock-Green.dir/Users/max/pico/pico-sdk/src/rp2_common/pico_printf/printf.c.obj
 .text._ntoa_format
                0x0000000010006f6a      0x112 CMakeFiles/Pico-Clock-Green.dir/Users/max/pico/pico-sdk/src/rp2_common/pico_printf/printf.c.obj
 .text._ntoa_long
                0x000000001000707c       0xbc CMakeFiles/Pico-Clock-Green.dir/Users/max/pico/pico-sdk/src/rp2_common/pico_printf/printf.c.obj
 .text._ntoa_long_long
                0x0000000010007138       0xe2 CMakeFiles/Pico-Clock-Green.dir/Users/max/pico/pico-sdk/src/rp2_common/pico_printf/printf.c.obj
 *fill*         0x000000001000721a        0x2 
 .text._etoa    0x000000001000721c      0x414 CMakeFiles/Pico-Clock-Green.dir/Users/max/pico/pico-sdk/src/rp2_common/pico_printf/printf.c.obj
 .text._ftoa    0x0000000010007630      0x354 CMakeFiles/Pico-Clock-Green.dir/Users/max/pico/pico-sdk/src/rp2_common/pico_printf/printf.c.obj
 .text._vsnprintf
                0x0000000010007984      0x624 CMakeFiles/Pico-Clock-Green.dir/Users/max/pico/pico-sdk/src/rp2_common/pico_printf/printf.c.obj
 .text.__wrap_sprintf
                0x0000000010007fa8       0x28 CMakeFiles/Pico-Clock-Green.dir/Users/max/pico/pico-sdk/src/rp2_common/pico_printf/printf.c.obj
                0x0000000010007fa8                __wrap_sprintf
 .text.vfctprintf
                0x0000000010007fd0       0x20 CMakeFiles/Pico-Clock-Green.dir/Users/max/pico/pico-sdk/src/rp2_common/pico_printf/printf.c.obj
                0x0000000010007fd0                vfctprintf
 .text          0x0000000010007ff0       0x10 CMakeFiles/Pico-Clock-Green.dir/Users/max/pico/pico-sdk/src/rp2_common/pico_bit_ops/bit_ops_aeabi.S.obj
 .text.rom_func_lookup
                0x0000000010008000       0x10 CMakeFiles/Pico-Clock-Green.dir/Users/max/pico/pico-sdk/src/rp2_common/pico_bootrom/bootrom.c.obj
                0x0000000010008000                rom_func_lookup
 .text.rom_data_lookup
                0x0000000010008010       0x10 CMakeFiles/Pico-Clock-Green.dir/Users/max/pico/pico-sdk/src/rp2_common/pico_bootrom/bootrom.c.obj
                0x0000000010008010                rom_data_lookup
 .text.rom_funcs_lookup
                0x0000000010008020       0x36 CMakeFiles/Pico-Clock-Green.dir/Users/max/pico/pico-sdk/src/rp2_common/pico_bootrom/bootrom.c.obj
                0x0000000010008020                rom_funcs_lookup
 *fill*         0x0000000010008056        0x2 
 .text.__wrap___aeabi_idiv
                0x0000000010008058       0x50 CMakeFiles/Pico-Clock-Green.dir/Users/max/pico/pico-sdk/src/rp2_common/pico_divider/divider.S.obj
                0x0000000010008058                __wrap___aeabi_idivmod
                0x0000000010008058                divmod_s32s32
                0x0000000010008058                div_s32s32
                0x0000000010008058                __wrap___aeabi_idiv
                0x0000000010008060                divmod_s32s32_unsafe
                0x000000001000808c                divmod_s32s32_savestate
 .text.__wrap___aeabi_uidiv
                0x00000000100080a8       0x4c CMakeFiles/Pico-Clock-Green.dir/Users/max/pico/pico-sdk/src/rp2_common/pico_divider/divider.S.obj
                0x00000000100080a8                __wrap___aeabi_uidiv
                0x00000000100080a8                __wrap___aeabi_uidivmod
                0x00000000100080a8                div_u32u32
                0x00000000100080a8                divmod_u32u32
                0x00000000100080b0                divmod_u32u32_unsafe
                0x00000000100080d8                divmod_u32u32_savestate
 .text.__wrap___aeabi_ldiv
                0x00000000100080f4      0x434 CMakeFiles/Pico-Clock-Green.dir/Users/max/pico/pico-sdk/src/rp2_common/pico_divider/divider.S.obj
                0x00000000100080f4                __wrap___aeabi_ldivmod
                0x00000000100080f4                div_s64s64
                0x00000000100080f4                divmod_s64s64
                0x000000001000812c                divmod_u64u64
                0x000000001000812c                div_u64u64
                0x000000001000812c                __wrap___aeabi_uldivmod
                0x000000001000813c                divmod_u64u64_savestate
                0x0000000010008164                divmod_s64s64_unsafe
                0x00000000100081ec                divmod_u64u64_unsafe
 .text.__wrap___aeabi_darithmetic
                0x0000000010008528       0x60 CMakeFiles/Pico-Clock-Green.dir/Users/max/pico/pico-sdk/src/rp2_common/pico_double/double_aeabi.S.obj
                0x0000000010008528                __wrap___aeabi_drsub
                0x000000001000852e                __wrap___aeabi_dsub
                0x0000000010008538                __wrap___aeabi_dadd
                0x0000000010008542                __wrap___aeabi_ddiv
                0x0000000010008576                __wrap___aeabi_dmul
 .text.__wrap___aeabi_cdcmple
                0x0000000010008588       0x6c CMakeFiles/Pico-Clock-Green.dir/Users/max/pico/pico-sdk/src/rp2_common/pico_double/double_aeabi.S.obj
                0x0000000010008588                __wrap___aeabi_cdrcmple
                0x0000000010008598                __wrap___aeabi_cdcmple
                0x0000000010008598                __wrap___aeabi_cdcmpeq
 .text.__wrap___aeabi_dcmplt
                0x00000000100085f4        0xc CMakeFiles/Pico-Clock-Green.dir/Users/max/pico/pico-sdk/src/rp2_common/pico_double/double_aeabi.S.obj
                0x00000000100085f4                __wrap___aeabi_dcmplt
 .text.__wrap___aeabi_dcmple
                0x0000000010008600       0x10 CMakeFiles/Pico-Clock-Green.dir/Users/max/pico/pico-sdk/src/rp2_common/pico_double/double_aeabi.S.obj
                0x0000000010008600                __wrap___aeabi_dcmple
 .text.__wrap___aeabi_dcmpge
                0x0000000010008610       0x10 CMakeFiles/Pico-Clock-Green.dir/Users/max/pico/pico-sdk/src/rp2_common/pico_double/double_aeabi.S.obj
                0x0000000010008610                __wrap___aeabi_dcmpge
 .text.__wrap___aeabi_dcmpgt
                0x0000000010008620        0xa CMakeFiles/Pico-Clock-Green.dir/Users/max/pico/pico-sdk/src/rp2_common/pico_double/double_aeabi.S.obj
                0x0000000010008620                __wrap___aeabi_dcmpgt
 .text.__wrap___aeabi_dcmpun
                0x000000001000862a       0x1c CMakeFiles/Pico-Clock-Green.dir/Users/max/pico/pico-sdk/src/rp2_common/pico_double/double_aeabi.S.obj
                0x000000001000862a                __wrap___aeabi_dcmpun
 *fill*         0x0000000010008646        0x2 
 .text.__wrap___aeabi_i2d
                0x0000000010008648       0x38 CMakeFiles/Pico-Clock-Green.dir/Users/max/pico/pico-sdk/src/rp2_common/pico_double/double_aeabi.S.obj
                0x0000000010008648                __wrap___aeabi_ui2d
                0x0000000010008650                __wrap___aeabi_i2d
 .text.__wrap___aeabi_d2iz
                0x0000000010008680       0x48 CMakeFiles/Pico-Clock-Green.dir/Users/max/pico/pico-sdk/src/rp2_common/pico_double/double_aeabi.S.obj
                0x0000000010008680                __wrap___aeabi_d2iz
                0x0000000010008680                double2int_z
 .text.__wrap___aeabi_d2uiz
                0x00000000100086c8       0x10 CMakeFiles/Pico-Clock-Green.dir/Users/max/pico/pico-sdk/src/rp2_common/pico_double/double_aeabi.S.obj
                0x00000000100086c8                double2uint
                0x00000000100086c8                __wrap___aeabi_d2uiz
 .text.__wrap___aeabi_d2f
                0x00000000100086d8       0x10 CMakeFiles/Pico-Clock-Green.dir/Users/max/pico/pico-sdk/src/rp2_common/pico_double/double_aeabi.S.obj
                0x00000000100086d8                __wrap___aeabi_d2f
 .text.missing_double_func_shim
                0x00000000100086e8        0xc CMakeFiles/Pico-Clock-Green.dir/Users/max/pico/pico-sdk/src/rp2_common/pico_double/double_init_rom.c.obj
 .text.__aeabi_double_init
                0x00000000100086f4       0xcc CMakeFiles/Pico-Clock-Green.dir/Users/max/pico/pico-sdk/src/rp2_common/pico_double/double_init_rom.c.obj
                0x00000000100086f4                __aeabi_double_init
 .text.double_table_shim_on_use_helper
                0x00000000100087c0       0x34 CMakeFiles/Pico-Clock-Green.dir/Users/max/pico/pico-sdk/src/rp2_common/pico_double/double_v1_rom_shim.S.obj
                0x00000000100087c0                double_table_shim_on_use_helper
 .text.__aeabi_lmul
                0x00000000100087f4       0x32 CMakeFiles/Pico-Clock-Green.dir/Users/max/pico/pico-sdk/src/rp2_common/pico_int64_ops/pico_int64_ops_aeabi.S.obj
                0x00000000100087f4                __wrap___aeabi_lmul
 *fill*         0x0000000010008826        0x2 
 .text.__wrap___aeabi_farithmetic
                0x0000000010008828       0x48 CMakeFiles/Pico-Clock-Green.dir/Users/max/pico/pico-sdk/src/rp2_common/pico_float/float_aeabi.S.obj
                0x0000000010008828                __wrap___aeabi_frsub
                0x000000001000882e                __wrap___aeabi_fsub
                0x0000000010008834                __wrap___aeabi_fadd
                0x000000001000883a                __wrap___aeabi_fdiv
                0x0000000010008862                __wrap___aeabi_fmul
 .text.__wrap___aeabi_ui2f
                0x0000000010008870        0xa CMakeFiles/Pico-Clock-Green.dir/Users/max/pico/pico-sdk/src/rp2_common/pico_float/float_aeabi.S.obj
                0x0000000010008870                __wrap___aeabi_ui2f
 *fill*         0x000000001000887a        0x2 
 .text.__wrap___aeabi_i2f
                0x000000001000887c       0x44 CMakeFiles/Pico-Clock-Green.dir/Users/max/pico/pico-sdk/src/rp2_common/pico_float/float_aeabi.S.obj
                0x000000001000887c                __wrap___aeabi_i2f
 .text.__wrap___aeabi_f2uiz
                0x00000000100088c0        0xc CMakeFiles/Pico-Clock-Green.dir/Users/max/pico/pico-sdk/src/rp2_common/pico_float/float_aeabi.S.obj
                0x00000000100088c0                __wrap___aeabi_f2uiz
 .text.__wrap___aeabi_f2d
                0x00000000100088cc        0xc CMakeFiles/Pico-Clock-Green.dir/Users/max/pico/pico-sdk/src/rp2_common/pico_float/float_aeabi.S.obj
                0x00000000100088cc                __wrap___aeabi_f2d
 .text.missing_float_func_shim
                0x00000000100088d8        0xc CMakeFiles/Pico-Clock-Green.dir/Users/max/pico/pico-sdk/src/rp2_common/pico_float/float_init_rom.c.obj
 .text.__aeabi_float_init
                0x00000000100088e4       0x88 CMakeFiles/Pico-Clock-Green.dir/Users/max/pico/pico-sdk/src/rp2_common/pico_float/float_init_rom.c.obj
                0x00000000100088e4                __aeabi_float_init
 .text          0x000000001000896c       0x10 CMakeFiles/Pico-Clock-Green.dir/Users/max/pico/pico-sdk/src/rp2_common/pico_mem_ops/mem_ops_aeabi.S.obj
                0x000000001000896c                __aeabi_mem_init
 .text.memset   0x000000001000897c        0xc CMakeFiles/Pico-Clock-Green.dir/Users/max/pico/pico-sdk/src/rp2_common/pico_mem_ops/mem_ops_aeabi.S.obj
                0x000000001000897c                __wrap_memset
 .text.memcpy   0x0000000010008988        0xc CMakeFiles/Pico-Clock-Green.dir/Users/max/pico/pico-sdk/src/rp2_common/pico_mem_ops/mem_ops_aeabi.S.obj
                0x0000000010008988                __wrap___aeabi_memcpy
                0x0000000010008988                __wrap_memcpy
 .text.stdio_out_chars_no_crlf
                0x0000000010008994        0xe CMakeFiles/Pico-Clock-Green.dir/Users/max/pico/pico-sdk/src/rp2_common/pico_stdio/stdio.c.obj
 *fill*         0x00000000100089a2        0x2 
 .text.stdio_out_chars_crlf
                0x00000000100089a4       0x80 CMakeFiles/Pico-Clock-Green.dir/Users/max/pico/pico-sdk/src/rp2_common/pico_stdio/stdio.c.obj
 .text.stdio_stack_buffer_flush
                0x0000000010008a24       0x44 CMakeFiles/Pico-Clock-Green.dir/Users/max/pico/pico-sdk/src/rp2_common/pico_stdio/stdio.c.obj
 .text.stdio_buffered_printer
                0x0000000010008a68       0x20 CMakeFiles/Pico-Clock-Green.dir/Users/max/pico/pico-sdk/src/rp2_common/pico_stdio/stdio.c.obj
 .text.stdout_serialize_begin
                0x0000000010008a88       0x30 CMakeFiles/Pico-Clock-Green.dir/Users/max/pico/pico-sdk/src/rp2_common/pico_stdio/stdio.c.obj
                0x0000000010008a88                stdout_serialize_begin
 .text.stdout_serialize_end
                0x0000000010008ab8       0x10 CMakeFiles/Pico-Clock-Green.dir/Users/max/pico/pico-sdk/src/rp2_common/pico_stdio/stdio.c.obj
                0x0000000010008ab8                stdout_serialize_end
 .text.stdio_put_string
                0x0000000010008ac8       0x98 CMakeFiles/Pico-Clock-Green.dir/Users/max/pico/pico-sdk/src/rp2_common/pico_stdio/stdio.c.obj
 .text.stdio_set_driver_enabled
                0x0000000010008b60       0x2c CMakeFiles/Pico-Clock-Green.dir/Users/max/pico/pico-sdk/src/rp2_common/pico_stdio/stdio.c.obj
                0x0000000010008b60                stdio_set_driver_enabled
 .text.stdio_flush
                0x0000000010008b8c       0x20 CMakeFiles/Pico-Clock-Green.dir/Users/max/pico/pico-sdk/src/rp2_common/pico_stdio/stdio.c.obj
                0x0000000010008b8c                stdio_flush
 .text.__wrap_puts
                0x0000000010008bac       0x1e CMakeFiles/Pico-Clock-Green.dir/Users/max/pico/pico-sdk/src/rp2_common/pico_stdio/stdio.c.obj
                0x0000000010008bac                __wrap_puts
 *fill*         0x0000000010008bca        0x2 
 .text.__wrap_vprintf
                0x0000000010008bcc       0x44 CMakeFiles/Pico-Clock-Green.dir/Users/max/pico/pico-sdk/src/rp2_common/pico_stdio/stdio.c.obj
                0x0000000010008bcc                __wrap_vprintf
 .text.__wrap_printf
                0x0000000010008c10       0x18 CMakeFiles/Pico-Clock-Green.dir/Users/max/pico/pico-sdk/src/rp2_common/pico_stdio/stdio.c.obj
                0x0000000010008c10                __wrap_printf
 .text.stdio_init_all
                0x0000000010008c28        0x8 CMakeFiles/Pico-Clock-Green.dir/Users/max/pico/pico-sdk/src/rp2_common/pico_stdio/stdio.c.obj
                0x0000000010008c28                stdio_init_all
 .text.stdio_uart_out_chars
                0x0000000010008c30       0x74 CMakeFiles/Pico-Clock-Green.dir/Users/max/pico/pico-sdk/src/rp2_common/pico_stdio_uart/stdio_uart.c.obj
 .text.stdio_uart_in_chars
                0x0000000010008ca4       0x58 CMakeFiles/Pico-Clock-Green.dir/Users/max/pico/pico-sdk/src/rp2_common/pico_stdio_uart/stdio_uart.c.obj
                0x0000000010008ca4                stdio_uart_in_chars
 .text.stdio_uart_init_full
                0x0000000010008cfc       0x3c CMakeFiles/Pico-Clock-Green.dir/Users/max/pico/pico-sdk/src/rp2_common/pico_stdio_uart/stdio_uart.c.obj
                0x0000000010008cfc                stdio_uart_init_full
 .text.stdio_uart_init
                0x0000000010008d38       0x28 CMakeFiles/Pico-Clock-Green.dir/Users/max/pico/pico-sdk/src/rp2_common/pico_stdio_uart/stdio_uart.c.obj
                0x0000000010008d38                stdio_uart_init
 .text.i2c_write_blocking_internal
                0x0000000010008d60      0x140 CMakeFiles/Pico-Clock-Green.dir/Users/max/pico/pico-sdk/src/rp2_common/hardware_i2c/i2c.c.obj
 .text.i2c_read_blocking_internal
                0x0000000010008ea0       0xe6 CMakeFiles/Pico-Clock-Green.dir/Users/max/pico/pico-sdk/src/rp2_common/hardware_i2c/i2c.c.obj
 *fill*         0x0000000010008f86        0x2 
 .text.i2c_set_baudrate
                0x0000000010008f88       0xf0 CMakeFiles/Pico-Clock-Green.dir/Users/max/pico/pico-sdk/src/rp2_common/hardware_i2c/i2c.c.obj
                0x0000000010008f88                i2c_set_baudrate
 .text.i2c_init
                0x0000000010009078       0x58 CMakeFiles/Pico-Clock-Green.dir/Users/max/pico/pico-sdk/src/rp2_common/hardware_i2c/i2c.c.obj
                0x0000000010009078                i2c_init
 .text.i2c_write_blocking
                0x00000000100090d0       0x18 CMakeFiles/Pico-Clock-Green.dir/Users/max/pico/pico-sdk/src/rp2_common/hardware_i2c/i2c.c.obj
                0x00000000100090d0                i2c_write_blocking
 .text.i2c_read_blocking
                0x00000000100090e8       0x18 CMakeFiles/Pico-Clock-Green.dir/Users/max/pico/pico-sdk/src/rp2_common/hardware_i2c/i2c.c.obj
                0x00000000100090e8                i2c_read_blocking
 .text.adc_init
                0x0000000010009100       0x34 CMakeFiles/Pico-Clock-Green.dir/Users/max/pico/pico-sdk/src/rp2_common/hardware_adc/adc.c.obj
                0x0000000010009100                adc_init
 .text._retrieve_unique_id_on_boot
                0x0000000010009134       0x10 CMakeFiles/Pico-Clock-Green.dir/Users/max/pico/pico-sdk/src/rp2_common/pico_unique_id/unique_id.c.obj
 .text.pico_get_unique_board_id
                0x0000000010009144       0x10 CMakeFiles/Pico-Clock-Green.dir/Users/max/pico/pico-sdk/src/rp2_common/pico_unique_id/unique_id.c.obj
                0x0000000010009144                pico_get_unique_board_id
 .text.flash_get_unique_id
                0x0000000010009154       0x46 CMakeFiles/Pico-Clock-Green.dir/Users/max/pico/pico-sdk/src/rp2_common/hardware_flash/flash.c.obj
                0x0000000010009154                flash_get_unique_id
 *fill*         0x000000001000919a        0x2 
 .text.srand    0x000000001000919c       0x14 /usr/local/Cellar/arm-none-eabi-gcc/10.3-2021.07/gcc/bin/../lib/gcc/arm-none-eabi/10.3.1/../../../../arm-none-eabi/lib/thumb/v6-m/nofp/libg.a(lib_a-rand.o)
                0x000000001000919c                srand
 .text          0x00000000100091b0       0x88 /usr/local/Cellar/arm-none-eabi-gcc/10.3-2021.07/gcc/bin/../lib/gcc/arm-none-eabi/10.3.1/../../../../arm-none-eabi/lib/thumb/v6-m/nofp/libg.a(lib_a-strcmp.o)
                0x00000000100091b0                strcmp
 .text.strlen   0x0000000010009238       0x5c /usr/local/Cellar/arm-none-eabi-gcc/10.3-2021.07/gcc/bin/../lib/gcc/arm-none-eabi/10.3.1/../../../../arm-none-eabi/lib/thumb/v6-m/nofp/libg.a(lib_a-strlen-stub.o)
                0x0000000010009238                strlen
 *(.fini)
 .fini          0x0000000010009294        0x4 /usr/local/Cellar/arm-none-eabi-gcc/10.3-2021.07/gcc/bin/../lib/gcc/arm-none-eabi/10.3.1/thumb/v6-m/nofp/crti.o
                0x0000000010009294                _fini
 .fini.__stub   0x0000000010009298       0x70 linker stubs
 *crtbegin.o(.ctors)
 *crtbegin?.o(.ctors)
 *(EXCLUDE_FILE(*crtend.o *crtend?.o) .ctors)
 *(SORT_BY_NAME(.ctors.*))
 *(.ctors)
 *crtbegin.o(.dtors)
 *crtbegin?.o(.dtors)
 *(EXCLUDE_FILE(*crtend.o *crtend?.o) .dtors)
 *(SORT_BY_NAME(.dtors.*))
 *(.dtors)
 *(.eh_frame*)
 .eh_frame      0x0000000010009308        0x0 /usr/local/Cellar/arm-none-eabi-gcc/10.3-2021.07/gcc/bin/../lib/gcc/arm-none-eabi/10.3.1/thumb/v6-m/nofp/crtbegin.o
                0x0000000010009308                . = ALIGN (0x4)

.glue_7         0x0000000010009308        0x0
 .glue_7        0x0000000010009308        0x0 linker stubs

.glue_7t        0x0000000010009308        0x0
 .glue_7t       0x0000000010009308        0x0 linker stubs

.vfp11_veneer   0x0000000010009308        0x0
 .vfp11_veneer  0x0000000010009308        0x0 linker stubs

.v4_bx          0x0000000010009308        0x0
 .v4_bx         0x0000000010009308        0x0 linker stubs

.iplt           0x0000000010009308        0x0
 .iplt          0x0000000010009308        0x0 /usr/local/Cellar/arm-none-eabi-gcc/10.3-2021.07/gcc/bin/../lib/gcc/arm-none-eabi/10.3.1/thumb/v6-m/nofp/crtbegin.o

.rodata         0x0000000010009308     0x18d8
 *(EXCLUDE_FILE(*libm.a: *libc.a:*lib_a-mem*.o *libgcc.a:) .rodata*)
 .rodata.date_stamp.str1.4
                0x0000000010009308       0x2b CMakeFiles/Pico-Clock-Green.dir/Pico-Clock-Green.c.obj
 *fill*         0x0000000010009333        0x1 
 .rodata.timer_callback_us.str1.4
                0x0000000010009334        0x6 CMakeFiles/Pico-Clock-Green.dir/Pico-Clock-Green.c.obj
 *fill*         0x000000001000933a        0x2 
 .rodata.get_date_string.str1.4
                0x000000001000933c       0x49 CMakeFiles/Pico-Clock-Green.dir/Pico-Clock-Green.c.obj
 *fill*         0x0000000010009385        0x3 
 .rodata.get_date_string
                0x0000000010009388       0x80 CMakeFiles/Pico-Clock-Green.dir/Pico-Clock-Green.c.obj
 .rodata.get_month_days
                0x0000000010009408       0x68 CMakeFiles/Pico-Clock-Green.dir/Pico-Clock-Green.c.obj
 .rodata.get_pico_temperature.str1.4
                0x0000000010009470       0x11 CMakeFiles/Pico-Clock-Green.dir/Pico-Clock-Green.c.obj
 *fill*         0x0000000010009481        0x3 
 .rodata.get_voltage.str1.4
                0x0000000010009484        0xc CMakeFiles/Pico-Clock-Green.dir/Pico-Clock-Green.c.obj
 .rodata.get_weekday
                0x0000000010009490       0x1c CMakeFiles/Pico-Clock-Green.dir/Pico-Clock-Green.c.obj
 .rodata.process_scroll_queue.str1.4
                0x00000000100094ac      0x18f CMakeFiles/Pico-Clock-Green.dir/Pico-Clock-Green.c.obj
                                        0x193 (size before relaxing)
 *fill*         0x000000001000963b        0x1 
 .rodata.process_scroll_queue
                0x000000001000963c       0x34 CMakeFiles/Pico-Clock-Green.dir/Pico-Clock-Green.c.obj
 .rodata.select_weekday
                0x0000000010009670       0x2c CMakeFiles/Pico-Clock-Green.dir/Pico-Clock-Green.c.obj
 .rodata.uart_send.str1.4
                0x000000001000969c       0x12 CMakeFiles/Pico-Clock-Green.dir/Pico-Clock-Green.c.obj
 *fill*         0x00000000100096ae        0x2 
 .rodata.main.str1.4
                0x00000000100096b0      0x148 CMakeFiles/Pico-Clock-Green.dir/Pico-Clock-Green.c.obj
 .rodata.timer_callback_s.str1.4
                0x00000000100097f8       0x96 CMakeFiles/Pico-Clock-Green.dir/Pico-Clock-Green.c.obj
 *fill*         0x000000001000988e        0x2 
 .rodata.CharacterMap
                0x0000000010009890      0x24d CMakeFiles/Pico-Clock-Green.dir/Pico-Clock-Green.c.obj
                0x0000000010009890                CharacterMap
 *fill*         0x0000000010009add        0x3 
 .rodata        0x0000000010009ae0        0x3 CMakeFiles/Pico-Clock-Green.dir/Ds3231.c.obj
 *fill*         0x0000000010009ae3        0x1 
 .rodata.make_branch.str1.4
                0x0000000010009ae4       0x6b CMakeFiles/Pico-Clock-Green.dir/Users/max/pico/pico-sdk/src/rp2_common/hardware_irq/irq.c.obj
 *fill*         0x0000000010009b4f        0x1 
 .rodata.insert_branch_and_link.str1.4
                0x0000000010009b50       0x10 CMakeFiles/Pico-Clock-Green.dir/Users/max/pico/pico-sdk/src/rp2_common/hardware_irq/irq.c.obj
 .rodata.irq_set_exclusive_handler.str1.4
                0x0000000010009b60       0x36 CMakeFiles/Pico-Clock-Green.dir/Users/max/pico/pico-sdk/src/rp2_common/hardware_irq/irq.c.obj
 *fill*         0x0000000010009b96        0x2 
 .rodata.irq_add_shared_handler.str1.4
                0x0000000010009b98       0xd9 CMakeFiles/Pico-Clock-Green.dir/Users/max/pico/pico-sdk/src/rp2_common/hardware_irq/irq.c.obj
 *fill*         0x0000000010009c71        0x3 
 .rodata.irq_remove_handler.str1.4
                0x0000000010009c74       0x2a CMakeFiles/Pico-Clock-Green.dir/Users/max/pico/pico-sdk/src/rp2_common/hardware_irq/irq.c.obj
 *fill*         0x0000000010009c9e        0x2 
 .rodata.irq_add_tail_to_free_list.str1.4
                0x0000000010009ca0       0x3a CMakeFiles/Pico-Clock-Green.dir/Users/max/pico/pico-sdk/src/rp2_common/hardware_irq/irq.c.obj
 *fill*         0x0000000010009cda        0x2 
 .rodata.__func__.0
                0x0000000010009cdc       0x1a CMakeFiles/Pico-Clock-Green.dir/Users/max/pico/pico-sdk/src/rp2_common/hardware_irq/irq.c.obj
 *fill*         0x0000000010009cf6        0x2 
 .rodata.__func__.1
                0x0000000010009cf8       0x17 CMakeFiles/Pico-Clock-Green.dir/Users/max/pico/pico-sdk/src/rp2_common/hardware_irq/irq.c.obj
 *fill*         0x0000000010009d0f        0x1 
 .rodata.__func__.2
                0x0000000010009d10       0x13 CMakeFiles/Pico-Clock-Green.dir/Users/max/pico/pico-sdk/src/rp2_common/hardware_irq/irq.c.obj
 *fill*         0x0000000010009d23        0x1 
 .rodata.__func__.3
                0x0000000010009d24        0xc CMakeFiles/Pico-Clock-Green.dir/Users/max/pico/pico-sdk/src/rp2_common/hardware_irq/irq.c.obj
 .rodata.__func__.4
                0x0000000010009d30        0xf CMakeFiles/Pico-Clock-Green.dir/Users/max/pico/pico-sdk/src/rp2_common/hardware_irq/irq.c.obj
 *fill*         0x0000000010009d3f        0x1 
 .rodata.__func__.6
                0x0000000010009d40       0x1a CMakeFiles/Pico-Clock-Green.dir/Users/max/pico/pico-sdk/src/rp2_common/hardware_irq/irq.c.obj
 *fill*         0x0000000010009d5a        0x2 
 .rodata.repeating_timer_callback.str1.4
                0x0000000010009d5c       0x49 CMakeFiles/Pico-Clock-Green.dir/Users/max/pico/pico-sdk/src/common/pico_time/time.c.obj
 *fill*         0x0000000010009da5        0x3 
 .rodata.alarm_pool_dump_key.str1.4
                0x0000000010009da8       0x33 CMakeFiles/Pico-Clock-Green.dir/Users/max/pico/pico-sdk/src/common/pico_time/time.c.obj
 *fill*         0x0000000010009ddb        0x1 
 .rodata.ph_add_child_node.str1.4
                0x0000000010009ddc       0x92 CMakeFiles/Pico-Clock-Green.dir/Users/max/pico/pico-sdk/src/common/pico_time/time.c.obj
 *fill*         0x0000000010009e6e        0x2 
 .rodata.add_alarm_under_lock.str1.4
                0x0000000010009e70       0x28 CMakeFiles/Pico-Clock-Green.dir/Users/max/pico/pico-sdk/src/common/pico_time/time.c.obj
                                         0x2b (size before relaxing)
 .rodata.alarm_pool_alarm_callback.str1.4
                0x0000000010009e98       0xe2 CMakeFiles/Pico-Clock-Green.dir/Users/max/pico/pico-sdk/src/common/pico_time/time.c.obj
 *fill*         0x0000000010009f7a        0x2 
 .rodata.alarm_pool_get_default.str1.4
                0x0000000010009f7c       0x21 CMakeFiles/Pico-Clock-Green.dir/Users/max/pico/pico-sdk/src/common/pico_time/time.c.obj
 *fill*         0x0000000010009f9d        0x3 
 .rodata.alarm_pool_cancel_alarm.str1.4
                0x0000000010009fa0       0x27 CMakeFiles/Pico-Clock-Green.dir/Users/max/pico/pico-sdk/src/common/pico_time/time.c.obj
 *fill*         0x0000000010009fc7        0x1 
 .rodata.sleep_until.str1.4
                0x0000000010009fc8       0x4d CMakeFiles/Pico-Clock-Green.dir/Users/max/pico/pico-sdk/src/common/pico_time/time.c.obj
 *fill*         0x000000001000a015        0x3 
 .rodata.__func__.0
                0x000000001000a018       0x19 CMakeFiles/Pico-Clock-Green.dir/Users/max/pico/pico-sdk/src/common/pico_time/time.c.obj
 *fill*         0x000000001000a031        0x3 
 .rodata.__func__.1
                0x000000001000a034       0x18 CMakeFiles/Pico-Clock-Green.dir/Users/max/pico/pico-sdk/src/common/pico_time/time.c.obj
 .rodata.__func__.10
                0x000000001000a04c       0x15 CMakeFiles/Pico-Clock-Green.dir/Users/max/pico/pico-sdk/src/common/pico_time/time.c.obj
 *fill*         0x000000001000a061        0x3 
 .rodata.__func__.11
                0x000000001000a064       0x1a CMakeFiles/Pico-Clock-Green.dir/Users/max/pico/pico-sdk/src/common/pico_time/time.c.obj
 *fill*         0x000000001000a07e        0x2 
 .rodata.__func__.12
                0x000000001000a080        0xa CMakeFiles/Pico-Clock-Green.dir/Users/max/pico/pico-sdk/src/common/pico_time/time.c.obj
 *fill*         0x000000001000a08a        0x2 
 .rodata.__func__.3
                0x000000001000a08c       0x17 CMakeFiles/Pico-Clock-Green.dir/Users/max/pico/pico-sdk/src/common/pico_time/time.c.obj
 *fill*         0x000000001000a0a3        0x1 
 .rodata.__func__.4
                0x000000001000a0a4       0x12 CMakeFiles/Pico-Clock-Green.dir/Users/max/pico/pico-sdk/src/common/pico_time/time.c.obj
 *fill*         0x000000001000a0b6        0x2 
 .rodata.__func__.5
                0x000000001000a0b8        0xd CMakeFiles/Pico-Clock-Green.dir/Users/max/pico/pico-sdk/src/common/pico_time/time.c.obj
 *fill*         0x000000001000a0c5        0x3 
 .rodata.__func__.6
                0x000000001000a0c8       0x12 CMakeFiles/Pico-Clock-Green.dir/Users/max/pico/pico-sdk/src/common/pico_time/time.c.obj
 *fill*         0x000000001000a0da        0x2 
 .rodata.__func__.7
                0x000000001000a0dc        0xf CMakeFiles/Pico-Clock-Green.dir/Users/max/pico/pico-sdk/src/common/pico_time/time.c.obj
 *fill*         0x000000001000a0eb        0x1 
 .rodata.__func__.8
                0x000000001000a0ec        0xc CMakeFiles/Pico-Clock-Green.dir/Users/max/pico/pico-sdk/src/common/pico_time/time.c.obj
 .rodata.__func__.9
                0x000000001000a0f8       0x15 CMakeFiles/Pico-Clock-Green.dir/Users/max/pico/pico-sdk/src/common/pico_time/time.c.obj
 *fill*         0x000000001000a10d        0x3 
 .rodata.hardware_alarm_claim.str1.4
                0x000000001000a110       0x22 CMakeFiles/Pico-Clock-Green.dir/Users/max/pico/pico-sdk/src/rp2_common/hardware_timer/timer.c.obj
 *fill*         0x000000001000a132        0x2 
 .rodata.hardware_alarm_set_target.str1.4
                0x000000001000a134       0x63 CMakeFiles/Pico-Clock-Green.dir/Users/max/pico/pico-sdk/src/rp2_common/hardware_timer/timer.c.obj
 *fill*         0x000000001000a197        0x1 
 .rodata.__func__.0
                0x000000001000a198       0x1a CMakeFiles/Pico-Clock-Green.dir/Users/max/pico/pico-sdk/src/rp2_common/hardware_timer/timer.c.obj
 .rodata.ph_add_child_node.str1.4
                0x000000001000a1b2       0x92 CMakeFiles/Pico-Clock-Green.dir/Users/max/pico/pico-sdk/src/common/pico_util/pheap.c.obj
 *fill*         0x000000001000a1b2        0x2 
 .rodata.ph_remove_any_head.str1.4
                0x000000001000a1b4       0x8c CMakeFiles/Pico-Clock-Green.dir/Users/max/pico/pico-sdk/src/common/pico_util/pheap.c.obj
 .rodata.ph_remove_and_free_node.str1.4
                0x000000001000a240       0x1e CMakeFiles/Pico-Clock-Green.dir/Users/max/pico/pico-sdk/src/common/pico_util/pheap.c.obj
                                         0x26 (size before relaxing)
 *fill*         0x000000001000a25e        0x2 
 .rodata.__func__.0
                0x000000001000a260       0x18 CMakeFiles/Pico-Clock-Green.dir/Users/max/pico/pico-sdk/src/common/pico_util/pheap.c.obj
 .rodata.__func__.1
                0x000000001000a278       0x13 CMakeFiles/Pico-Clock-Green.dir/Users/max/pico/pico-sdk/src/common/pico_util/pheap.c.obj
 *fill*         0x000000001000a28b        0x1 
 .rodata.__func__.2
                0x000000001000a28c       0x12 CMakeFiles/Pico-Clock-Green.dir/Users/max/pico/pico-sdk/src/common/pico_util/pheap.c.obj
 *fill*         0x000000001000a29e        0x2 
 .rodata.__func__.3
                0x000000001000a2a0        0xc CMakeFiles/Pico-Clock-Green.dir/Users/max/pico/pico-sdk/src/common/pico_util/pheap.c.obj
 .rodata.str1.4
                0x000000001000a2ac       0x89 CMakeFiles/Pico-Clock-Green.dir/Users/max/pico/pico-sdk/src/common/pico_sync/mutex.c.obj
                                         0xe9 (size before relaxing)
 *fill*         0x000000001000a335        0x3 
 .rodata.__func__.1
                0x000000001000a338        0xb CMakeFiles/Pico-Clock-Green.dir/Users/max/pico/pico-sdk/src/common/pico_sync/mutex.c.obj
 *fill*         0x000000001000a343        0x1 
 .rodata.__assert_func.str1.4
                0x000000001000a344       0x3f CMakeFiles/Pico-Clock-Green.dir/Users/max/pico/pico-sdk/src/rp2_common/pico_runtime/runtime.c.obj
                                         0x43 (size before relaxing)
 *fill*         0x000000001000a383        0x1 
 .rodata.runtime_init.str1.4
                0x000000001000a384       0x5f CMakeFiles/Pico-Clock-Green.dir/Users/max/pico/pico-sdk/src/rp2_common/pico_runtime/runtime.c.obj
 *fill*         0x000000001000a3e3        0x1 
 .rodata.panic.str1.4
                0x000000001000a3e4       0x12 CMakeFiles/Pico-Clock-Green.dir/Users/max/pico/pico-sdk/src/rp2_common/pico_runtime/runtime.c.obj
 *fill*         0x000000001000a3f6        0x2 
 .rodata.__func__.1
                0x000000001000a3f8        0xd CMakeFiles/Pico-Clock-Green.dir/Users/max/pico/pico-sdk/src/rp2_common/pico_runtime/runtime.c.obj
 *fill*         0x000000001000a405        0x3 
 .rodata.clock_configure.str1.4
                0x000000001000a408       0x55 CMakeFiles/Pico-Clock-Green.dir/Users/max/pico/pico-sdk/src/rp2_common/hardware_clocks/clocks.c.obj
 *fill*         0x000000001000a45d        0x3 
 .rodata.__func__.1
                0x000000001000a460       0x10 CMakeFiles/Pico-Clock-Green.dir/Users/max/pico/pico-sdk/src/rp2_common/hardware_clocks/clocks.c.obj
 .rodata.pll_init.str1.4
                0x000000001000a470      0x137 CMakeFiles/Pico-Clock-Green.dir/Users/max/pico/pico-sdk/src/rp2_common/hardware_pll/pll.c.obj
 *fill*         0x000000001000a5a7        0x1 
 .rodata.__func__.0
                0x000000001000a5a8        0x9 CMakeFiles/Pico-Clock-Green.dir/Users/max/pico/pico-sdk/src/rp2_common/hardware_pll/pll.c.obj
 *fill*         0x000000001000a5b1        0x3 
 .rodata._ftoa.str1.4
                0x000000001000a5b4       0x15 CMakeFiles/Pico-Clock-Green.dir/Users/max/pico/pico-sdk/src/rp2_common/pico_printf/printf.c.obj
 *fill*         0x000000001000a5c9        0x3 
 .rodata._vsnprintf
                0x000000001000a5cc      0x1e0 CMakeFiles/Pico-Clock-Green.dir/Users/max/pico/pico-sdk/src/rp2_common/pico_printf/printf.c.obj
 *fill*         0x000000001000a7ac        0x4 
 .rodata.pow10.0
                0x000000001000a7b0       0x50 CMakeFiles/Pico-Clock-Green.dir/Users/max/pico/pico-sdk/src/rp2_common/pico_printf/printf.c.obj
 .rodata.missing_double_func_shim.str1.4
                0x000000001000a800       0x18 CMakeFiles/Pico-Clock-Green.dir/Users/max/pico/pico-sdk/src/rp2_common/pico_double/double_init_rom.c.obj
 .rodata.__aeabi_double_init.str1.4
                0x000000001000a818       0xa6 CMakeFiles/Pico-Clock-Green.dir/Users/max/pico/pico-sdk/src/rp2_common/pico_double/double_init_rom.c.obj
 *fill*         0x000000001000a8be        0x2 
 .rodata.__func__.0
                0x000000001000a8c0       0x14 CMakeFiles/Pico-Clock-Green.dir/Users/max/pico/pico-sdk/src/rp2_common/pico_double/double_init_rom.c.obj
 .rodata.missing_float_func_shim.str1.4
                0x000000001000a8d4        0x1 CMakeFiles/Pico-Clock-Green.dir/Users/max/pico/pico-sdk/src/rp2_common/pico_float/float_init_rom.c.obj
 .rodata.__aeabi_float_init.str1.4
                0x000000001000a8d4       0x78 CMakeFiles/Pico-Clock-Green.dir/Users/max/pico/pico-sdk/src/rp2_common/pico_float/float_init_rom.c.obj
 .rodata.__func__.0
                0x000000001000a94c       0x13 CMakeFiles/Pico-Clock-Green.dir/Users/max/pico/pico-sdk/src/rp2_common/pico_float/float_init_rom.c.obj
 *fill*         0x000000001000a95f        0x1 
 .rodata.str1.4
                0x000000001000a960       0x40 CMakeFiles/Pico-Clock-Green.dir/Users/max/pico/pico-sdk/src/rp2_common/pico_standard_link/binary_info.c.obj
                                         0x48 (size before relaxing)
 .rodata.__bi_44
                0x000000001000a9a0        0xc CMakeFiles/Pico-Clock-Green.dir/Users/max/pico/pico-sdk/src/rp2_common/pico_standard_link/binary_info.c.obj
 .rodata.__bi_75
                0x000000001000a9ac        0xc CMakeFiles/Pico-Clock-Green.dir/Users/max/pico/pico-sdk/src/rp2_common/pico_standard_link/binary_info.c.obj
 .rodata.__bi_81
                0x000000001000a9b8        0xc CMakeFiles/Pico-Clock-Green.dir/Users/max/pico/pico-sdk/src/rp2_common/pico_standard_link/binary_info.c.obj
 .rodata.crlf_str.3
                0x000000001000a9c4        0x2 CMakeFiles/Pico-Clock-Green.dir/Users/max/pico/pico-sdk/src/rp2_common/pico_stdio/stdio.c.obj
 *fill*         0x000000001000a9c6        0x2 
 .rodata.str1.4
                0x000000001000a9c8       0x2c CMakeFiles/Pico-Clock-Green.dir/Users/max/pico/pico-sdk/src/rp2_common/pico_stdio_uart/stdio_uart.c.obj
 .rodata.__bi_28.4
                0x000000001000a9f4        0xc CMakeFiles/Pico-Clock-Green.dir/Users/max/pico/pico-sdk/src/rp2_common/pico_stdio_uart/stdio_uart.c.obj
 .rodata.__bi_29.5
                0x000000001000aa00        0x8 CMakeFiles/Pico-Clock-Green.dir/Users/max/pico/pico-sdk/src/rp2_common/pico_stdio_uart/stdio_uart.c.obj
 .rodata.i2c_set_baudrate.str1.4
                0x000000001000aa08       0x5b CMakeFiles/Pico-Clock-Green.dir/Users/max/pico/pico-sdk/src/rp2_common/hardware_i2c/i2c.c.obj
 *fill*         0x000000001000aa63        0x1 
 .rodata.__func__.0
                0x000000001000aa64       0x11 CMakeFiles/Pico-Clock-Green.dir/Users/max/pico/pico-sdk/src/rp2_common/hardware_i2c/i2c.c.obj
 *fill*         0x000000001000aa75        0x3 
 .rodata.str1.4
                0x000000001000aa78      0x156 CMakeFiles/Pico-Clock-Green.dir/Users/max/pico/pico-sdk/src/rp2_common/hardware_flash/flash.c.obj
 *fill*         0x000000001000abce        0x2 
 .rodata.__func__.0
                0x000000001000abd0        0xd CMakeFiles/Pico-Clock-Green.dir/Users/max/pico/pico-sdk/src/rp2_common/hardware_flash/flash.c.obj
                0x000000001000abe0                . = ALIGN (0x4)
 *fill*         0x000000001000abdd        0x3 
 *(SORT_BY_ALIGNMENT(SORT_BY_NAME(.flashdata*)))
                0x000000001000abe0                . = ALIGN (0x4)

.rel.dyn        0x000000001000abe0        0x0
 .rel.iplt      0x000000001000abe0        0x0 /usr/local/Cellar/arm-none-eabi-gcc/10.3-2021.07/gcc/bin/../lib/gcc/arm-none-eabi/10.3.1/thumb/v6-m/nofp/crtbegin.o

.ARM.extab
 *(.ARM.extab* .gnu.linkonce.armextab.*)
                0x000000001000abe0                __exidx_start = .

.ARM.exidx
 *(.ARM.exidx* .gnu.linkonce.armexidx.*)
                0x000000001000abe0                __exidx_end = .
                0x000000001000abe0                . = ALIGN (0x4)
                0x000000001000abe0                __binary_info_start = .

.binary_info    0x000000001000abe0       0x24
 *(.binary_info.keep.*)
 .binary_info.keep.__bi_ptr22
                0x000000001000abe0        0x4 CMakeFiles/Pico-Clock-Green.dir/Users/max/pico/pico-sdk/src/rp2_common/pico_standard_link/binary_info.c.obj
 .binary_info.keep.__bi_ptr30
                0x000000001000abe4        0x4 CMakeFiles/Pico-Clock-Green.dir/Users/max/pico/pico-sdk/src/rp2_common/pico_standard_link/binary_info.c.obj
 .binary_info.keep.__bi_ptr38
                0x000000001000abe8        0x4 CMakeFiles/Pico-Clock-Green.dir/Users/max/pico/pico-sdk/src/rp2_common/pico_standard_link/binary_info.c.obj
 .binary_info.keep.__bi_ptr44
                0x000000001000abec        0x4 CMakeFiles/Pico-Clock-Green.dir/Users/max/pico/pico-sdk/src/rp2_common/pico_standard_link/binary_info.c.obj
 .binary_info.keep.__bi_ptr50
                0x000000001000abf0        0x4 CMakeFiles/Pico-Clock-Green.dir/Users/max/pico/pico-sdk/src/rp2_common/pico_standard_link/binary_info.c.obj
 .binary_info.keep.__bi_ptr75
                0x000000001000abf4        0x4 CMakeFiles/Pico-Clock-Green.dir/Users/max/pico/pico-sdk/src/rp2_common/pico_standard_link/binary_info.c.obj
 .binary_info.keep.__bi_ptr81
                0x000000001000abf8        0x4 CMakeFiles/Pico-Clock-Green.dir/Users/max/pico/pico-sdk/src/rp2_common/pico_standard_link/binary_info.c.obj
 *(.binary_info.*)
 .binary_info.__bi_ptr28
                0x000000001000abfc        0x4 CMakeFiles/Pico-Clock-Green.dir/Users/max/pico/pico-sdk/src/rp2_common/pico_stdio_uart/stdio_uart.c.obj
 .binary_info.__bi_ptr29
                0x000000001000ac00        0x4 CMakeFiles/Pico-Clock-Green.dir/Users/max/pico/pico-sdk/src/rp2_common/pico_stdio_uart/stdio_uart.c.obj
                0x000000001000ac04                __binary_info_end = .
                0x000000001000ac04                . = ALIGN (0x4)
                0x000000001000ac04                __etext = .

.ram_vector_table
                0x0000000020000000       0xc0
 *(.ram_vector_table)
 .ram_vector_table
                0x0000000020000000       0xc0 CMakeFiles/Pico-Clock-Green.dir/Users/max/pico/pico-sdk/src/rp2_common/pico_runtime/runtime.c.obj
                0x0000000020000000                ram_vector_table

.data           0x00000000200000c0      0xe40 load address 0x000000001000ac04
                0x00000000200000c0                __data_start__ = .
 *(vtable)
 *(.time_critical*)
 .time_critical.sem_release
                0x00000000200000c0       0x4a CMakeFiles/Pico-Clock-Green.dir/Users/max/pico/pico-sdk/src/common/pico_sync/sem.c.obj
                0x00000000200000c0                sem_release
 .time_critical.mutex_enter_blocking
                0x000000002000010a       0x48 CMakeFiles/Pico-Clock-Green.dir/Users/max/pico/pico-sdk/src/common/pico_sync/mutex.c.obj
                0x000000002000010a                mutex_enter_blocking
 .time_critical.mutex_try_enter
                0x0000000020000152       0x46 CMakeFiles/Pico-Clock-Green.dir/Users/max/pico/pico-sdk/src/common/pico_sync/mutex.c.obj
                0x0000000020000152                mutex_try_enter
 .time_critical.mutex_exit
                0x0000000020000198       0x4c CMakeFiles/Pico-Clock-Green.dir/Users/max/pico/pico-sdk/src/common/pico_sync/mutex.c.obj
                0x0000000020000198                mutex_exit
 .time_critical.flash_init_boot2_copyout
                0x00000000200001e4       0x30 CMakeFiles/Pico-Clock-Green.dir/Users/max/pico/pico-sdk/src/rp2_common/hardware_flash/flash.c.obj
 .time_critical.flash_enable_xip_via_boot2
                0x0000000020000214       0x10 CMakeFiles/Pico-Clock-Green.dir/Users/max/pico/pico-sdk/src/rp2_common/hardware_flash/flash.c.obj
 .time_critical.flash_cs_force
                0x0000000020000224       0x28 CMakeFiles/Pico-Clock-Green.dir/Users/max/pico/pico-sdk/src/rp2_common/hardware_flash/flash.c.obj
 .time_critical.flash_do_cmd
                0x000000002000024c       0xd8 CMakeFiles/Pico-Clock-Green.dir/Users/max/pico/pico-sdk/src/rp2_common/hardware_flash/flash.c.obj
                0x000000002000024c                flash_do_cmd
 *(.text*)
 .text          0x0000000020000324        0x4 /usr/local/Cellar/arm-none-eabi-gcc/10.3-2021.07/gcc/bin/../lib/gcc/arm-none-eabi/10.3.1/thumb/v6-m/nofp/libgcc.a(_dvmd_tls.o)
                0x0000000020000324                __aeabi_ldiv0
                0x0000000020000324                __aeabi_idiv0
 .text.__stub   0x0000000020000328       0x10 linker stubs
                0x0000000020000338                . = ALIGN (0x4)
 *(.rodata*)
                0x0000000020000338                . = ALIGN (0x4)
 *(.data*)
 .data.AverageLightLevel
                0x0000000020000338        0x8 CMakeFiles/Pico-Clock-Green.dir/Pico-Clock-Green.c.obj
                0x0000000020000338                AverageLightLevel
 .data.CharMap  0x0000000020000340      0x2bc CMakeFiles/Pico-Clock-Green.dir/Pico-Clock-Green.c.obj
                0x0000000020000340                CharMap
 .data.CharWidth
                0x00000000200005fc       0x64 CMakeFiles/Pico-Clock-Green.dir/Pico-Clock-Green.c.obj
                0x00000000200005fc                CharWidth
 .data.ChimeTimeOff
                0x0000000020000660        0x1 CMakeFiles/Pico-Clock-Green.dir/Pico-Clock-Green.c.obj
                0x0000000020000660                ChimeTimeOff
 .data.ChimeTimeOffDisplay
                0x0000000020000661        0x1 CMakeFiles/Pico-Clock-Green.dir/Pico-Clock-Green.c.obj
                0x0000000020000661                ChimeTimeOffDisplay
 .data.ChimeTimeOn
                0x0000000020000662        0x1 CMakeFiles/Pico-Clock-Green.dir/Pico-Clock-Green.c.obj
                0x0000000020000662                ChimeTimeOn
 .data.ChimeTimeOnDisplay
                0x0000000020000663        0x1 CMakeFiles/Pico-Clock-Green.dir/Pico-Clock-Green.c.obj
                0x0000000020000663                ChimeTimeOnDisplay
 .data.CurrentYearCentile
                0x0000000020000664        0x1 CMakeFiles/Pico-Clock-Green.dir/Pico-Clock-Green.c.obj
                0x0000000020000664                CurrentYearCentile
 *fill*         0x0000000020000665        0x3 
 .data.DayName  0x0000000020000668       0xf0 CMakeFiles/Pico-Clock-Green.dir/Pico-Clock-Green.c.obj
                0x0000000020000668                DayName
 .data.FlagAutoBrightness
                0x0000000020000758        0x1 CMakeFiles/Pico-Clock-Green.dir/Pico-Clock-Green.c.obj
                0x0000000020000758                FlagAutoBrightness
 *fill*         0x0000000020000759        0x3 
 .data.FlagFlashing
                0x000000002000075c       0x14 CMakeFiles/Pico-Clock-Green.dir/Pico-Clock-Green.c.obj
                0x000000002000075c                FlagFlashing
 .data.FlagScrollEnable
                0x0000000020000770        0x1 CMakeFiles/Pico-Clock-Green.dir/Pico-Clock-Green.c.obj
                0x0000000020000770                FlagScrollEnable
 .data.Language
                0x0000000020000771        0x1 CMakeFiles/Pico-Clock-Green.dir/Pico-Clock-Green.c.obj
                0x0000000020000771                Language
 *fill*         0x0000000020000772        0x2 
 .data.LightLevel.4
                0x0000000020000774       0x18 CMakeFiles/Pico-Clock-Green.dir/Pico-Clock-Green.c.obj
 .data.MonthDays
                0x000000002000078c       0x18 CMakeFiles/Pico-Clock-Green.dir/Pico-Clock-Green.c.obj
                0x000000002000078c                MonthDays
 .data.MonthName
                0x00000000200007a4      0x186 CMakeFiles/Pico-Clock-Green.dir/Pico-Clock-Green.c.obj
                0x00000000200007a4                MonthName
 .data.NightLightTimeOff
                0x000000002000092a        0x1 CMakeFiles/Pico-Clock-Green.dir/Pico-Clock-Green.c.obj
                0x000000002000092a                NightLightTimeOff
 .data.NightLightTimeOn
                0x000000002000092b        0x1 CMakeFiles/Pico-Clock-Green.dir/Pico-Clock-Green.c.obj
                0x000000002000092b                NightLightTimeOn
 .data.SETUP_AUTO_BRIGHT
                0x000000002000092c        0x1 CMakeFiles/Pico-Clock-Green.dir/Pico-Clock-Green.c.obj
                0x000000002000092c                SETUP_AUTO_BRIGHT
 .data.SETUP_CHIME_TIME_OFF
                0x000000002000092d        0x1 CMakeFiles/Pico-Clock-Green.dir/Pico-Clock-Green.c.obj
                0x000000002000092d                SETUP_CHIME_TIME_OFF
 .data.SETUP_CHIME_TIME_ON
                0x000000002000092e        0x1 CMakeFiles/Pico-Clock-Green.dir/Pico-Clock-Green.c.obj
                0x000000002000092e                SETUP_CHIME_TIME_ON
 .data.SETUP_DAY_OF_MONTH
                0x000000002000092f        0x1 CMakeFiles/Pico-Clock-Green.dir/Pico-Clock-Green.c.obj
                0x000000002000092f                SETUP_DAY_OF_MONTH
 .data.SETUP_DST
                0x0000000020000930        0x1 CMakeFiles/Pico-Clock-Green.dir/Pico-Clock-Green.c.obj
                0x0000000020000930                SETUP_DST
 .data.SETUP_HOUR
                0x0000000020000931        0x1 CMakeFiles/Pico-Clock-Green.dir/Pico-Clock-Green.c.obj
                0x0000000020000931                SETUP_HOUR
 .data.SETUP_HOURLY_CHIME
                0x0000000020000932        0x1 CMakeFiles/Pico-Clock-Green.dir/Pico-Clock-Green.c.obj
                0x0000000020000932                SETUP_HOURLY_CHIME
 .data.SETUP_KEYCLICK
                0x0000000020000933        0x1 CMakeFiles/Pico-Clock-Green.dir/Pico-Clock-Green.c.obj
                0x0000000020000933                SETUP_KEYCLICK
 .data.SETUP_LANGUAGE
                0x0000000020000934        0x1 CMakeFiles/Pico-Clock-Green.dir/Pico-Clock-Green.c.obj
                0x0000000020000934                SETUP_LANGUAGE
 .data.SETUP_MINUTE
                0x0000000020000935        0x1 CMakeFiles/Pico-Clock-Green.dir/Pico-Clock-Green.c.obj
                0x0000000020000935                SETUP_MINUTE
 .data.SETUP_MONTH
                0x0000000020000936        0x1 CMakeFiles/Pico-Clock-Green.dir/Pico-Clock-Green.c.obj
                0x0000000020000936                SETUP_MONTH
 .data.SETUP_NIGHT_LIGHT
                0x0000000020000937        0x1 CMakeFiles/Pico-Clock-Green.dir/Pico-Clock-Green.c.obj
                0x0000000020000937                SETUP_NIGHT_LIGHT
 .data.SETUP_NIGHT_LIGHT_TIME_OFF
                0x0000000020000938        0x1 CMakeFiles/Pico-Clock-Green.dir/Pico-Clock-Green.c.obj
                0x0000000020000938                SETUP_NIGHT_LIGHT_TIME_OFF
 .data.SETUP_NIGHT_LIGHT_TIME_ON
                0x0000000020000939        0x1 CMakeFiles/Pico-Clock-Green.dir/Pico-Clock-Green.c.obj
                0x0000000020000939                SETUP_NIGHT_LIGHT_TIME_ON
 .data.SETUP_SCROLLING
                0x000000002000093a        0x1 CMakeFiles/Pico-Clock-Green.dir/Pico-Clock-Green.c.obj
                0x000000002000093a                SETUP_SCROLLING
 .data.SETUP_TEMP_UNIT
                0x000000002000093b        0x1 CMakeFiles/Pico-Clock-Green.dir/Pico-Clock-Green.c.obj
                0x000000002000093b                SETUP_TEMP_UNIT
 .data.SETUP_TIME_FORMAT
                0x000000002000093c        0x1 CMakeFiles/Pico-Clock-Green.dir/Pico-Clock-Green.c.obj
                0x000000002000093c                SETUP_TIME_FORMAT
 .data.SETUP_YEAR
                0x000000002000093d        0x1 CMakeFiles/Pico-Clock-Green.dir/Pico-Clock-Green.c.obj
                0x000000002000093d                SETUP_YEAR
 *fill*         0x000000002000093e        0x2 
 .data.ShortMonth
                0x0000000020000940       0x9c CMakeFiles/Pico-Clock-Green.dir/Pico-Clock-Green.c.obj
                0x0000000020000940                ShortMonth
 .data.TimeDisplayMode
                0x00000000200009dc        0x1 CMakeFiles/Pico-Clock-Green.dir/Pico-Clock-Green.c.obj
                0x00000000200009dc                TimeDisplayMode
 *fill*         0x00000000200009dd        0x3 
 .data.REG_ADDRESSES
                0x00000000200009e0       0x11 CMakeFiles/Pico-Clock-Green.dir/Ds3231.c.obj
                0x00000000200009e0                REG_ADDRESSES
 .data.striped_spin_lock_num
                0x00000000200009f1        0x1 CMakeFiles/Pico-Clock-Green.dir/Users/max/pico/pico-sdk/src/rp2_common/hardware_sync/sync.c.obj
 *fill*         0x00000000200009f2        0x2 
 .data          0x00000000200009f4       0x48 CMakeFiles/Pico-Clock-Green.dir/Users/max/pico/pico-sdk/src/rp2_common/hardware_irq/irq_handler_chain.S.obj
                0x00000000200009f4                irq_handler_chain_slots
                0x0000000020000a24                irq_handler_chain_first_slot
                0x0000000020000a2e                irq_handler_chain_remove_tail
 .data.default_alarm_pool
                0x0000000020000a3c       0x18 CMakeFiles/Pico-Clock-Green.dir/Users/max/pico/pico-sdk/src/common/pico_time/time.c.obj
 .data.default_alarm_pool_heap
                0x0000000020000a54       0x10 CMakeFiles/Pico-Clock-Green.dir/Users/max/pico/pico-sdk/src/common/pico_time/time.c.obj
 *fill*         0x0000000020000a64        0xc 
 .data.aeabi_bits_funcs
                0x0000000020000a70       0x10 CMakeFiles/Pico-Clock-Green.dir/Users/max/pico/pico-sdk/src/rp2_common/pico_bit_ops/bit_ops_aeabi.S.obj
                0x0000000020000a70                aeabi_bits_funcs
                0x0000000020000a80                aeabi_bits_funcs_end
 .data.aeabi_mem_funcs
                0x0000000020000a80       0x10 CMakeFiles/Pico-Clock-Green.dir/Users/max/pico/pico-sdk/src/rp2_common/pico_mem_ops/mem_ops_aeabi.S.obj
                0x0000000020000a80                aeabi_mem_funcs
                0x0000000020000a90                aeabi_mem_funcs_end
 .data.stdio_uart
                0x0000000020000a90       0x14 CMakeFiles/Pico-Clock-Green.dir/Users/max/pico/pico-sdk/src/rp2_common/pico_stdio_uart/stdio_uart.c.obj
                0x0000000020000a90                stdio_uart
 .data.i2c0_inst
                0x0000000020000aa4        0x8 CMakeFiles/Pico-Clock-Green.dir/Users/max/pico/pico-sdk/src/rp2_common/hardware_i2c/i2c.c.obj
                0x0000000020000aa4                i2c0_inst
 .data.i2c1_inst
                0x0000000020000aac        0x8 CMakeFiles/Pico-Clock-Green.dir/Users/max/pico/pico-sdk/src/rp2_common/hardware_i2c/i2c.c.obj
                0x0000000020000aac                i2c1_inst
 .data._impure_ptr
                0x0000000020000ab4        0x4 /usr/local/Cellar/arm-none-eabi-gcc/10.3-2021.07/gcc/bin/../lib/gcc/arm-none-eabi/10.3.1/../../../../arm-none-eabi/lib/thumb/v6-m/nofp/libg.a(lib_a-impure.o)
                0x0000000020000ab4                _impure_ptr
 .data.impure_data
                0x0000000020000ab8      0x428 /usr/local/Cellar/arm-none-eabi-gcc/10.3-2021.07/gcc/bin/../lib/gcc/arm-none-eabi/10.3.1/../../../../arm-none-eabi/lib/thumb/v6-m/nofp/libg.a(lib_a-impure.o)
                0x0000000020000ee0                . = ALIGN (0x4)
 *(.after_data.*)
                0x0000000020000ee0                . = ALIGN (0x4)
                0x0000000020000ee0                PROVIDE (__mutex_array_start = .)
 *(SORT_BY_NAME(.mutex_array.*))
 *(.mutex_array)
 .mutex_array   0x0000000020000ee0        0x8 CMakeFiles/Pico-Clock-Green.dir/Users/max/pico/pico-sdk/src/rp2_common/pico_stdio/stdio.c.obj
                0x0000000020000ee8                PROVIDE (__mutex_array_end = .)
                0x0000000020000ee8                . = ALIGN (0x4)
                0x0000000020000ee8                PROVIDE (__preinit_array_start = .)
 *(SORT_BY_NAME(.preinit_array.*))
 .preinit_array.00001
                0x0000000020000ee8        0x4 CMakeFiles/Pico-Clock-Green.dir/Users/max/pico/pico-sdk/src/rp2_common/pico_mem_ops/mem_ops_aeabi.S.obj
 .preinit_array.00010
                0x0000000020000eec        0x4 CMakeFiles/Pico-Clock-Green.dir/Users/max/pico/pico-sdk/src/rp2_common/pico_bit_ops/bit_ops_aeabi.S.obj
 .preinit_array.00020
                0x0000000020000ef0        0x4 CMakeFiles/Pico-Clock-Green.dir/Users/max/pico/pico-sdk/src/rp2_common/pico_double/double_aeabi.S.obj
 .preinit_array.00020
                0x0000000020000ef4        0x4 CMakeFiles/Pico-Clock-Green.dir/Users/max/pico/pico-sdk/src/rp2_common/pico_float/float_aeabi.S.obj
 *(.preinit_array)
                0x0000000020000ef8                PROVIDE (__preinit_array_end = .)
                0x0000000020000ef8                . = ALIGN (0x4)
                0x0000000020000ef8                PROVIDE (__init_array_start = .)
 *(SORT_BY_NAME(.init_array.*))
 *(.init_array)
 .init_array    0x0000000020000ef8        0x4 /usr/local/Cellar/arm-none-eabi-gcc/10.3-2021.07/gcc/bin/../lib/gcc/arm-none-eabi/10.3.1/thumb/v6-m/nofp/crtbegin.o
 .init_array    0x0000000020000efc        0x4 CMakeFiles/Pico-Clock-Green.dir/Users/max/pico/pico-sdk/src/rp2_common/pico_unique_id/unique_id.c.obj
                0x0000000020000f00                PROVIDE (__init_array_end = .)
                0x0000000020000f00                . = ALIGN (0x4)
                [!provide]                        PROVIDE (__fini_array_start = .)
 *(SORT_BY_NAME(.fini_array.*))
 *(.fini_array)
                [!provide]                        PROVIDE (__fini_array_end = .)
 *(.jcr)
                0x0000000020000f00                . = ALIGN (0x4)
                0x0000000020000f00                __data_end__ = .

.igot.plt       0x0000000020000f00        0x0 load address 0x000000001000ba44
 .igot.plt      0x0000000020000f00        0x0 /usr/local/Cellar/arm-none-eabi-gcc/10.3-2021.07/gcc/bin/../lib/gcc/arm-none-eabi/10.3.1/thumb/v6-m/nofp/crtbegin.o

.uninitialized_data
                0x0000000020000f00        0x0 load address 0x000000001000ba44
                0x0000000020000f00                . = ALIGN (0x4)
 *(.uninitialized_data*)

.scratch_x      0x0000000020040000        0x0 load address 0x000000001000ba44
                0x0000000020040000                __scratch_x_start__ = .
 *(.scratch_x.*)
                0x0000000020040000                . = ALIGN (0x4)
                0x0000000020040000                __scratch_x_end__ = .
                0x000000001000ba44                __scratch_x_source__ = LOADADDR (.scratch_x)

.scratch_y      0x0000000020041000        0x0 load address 0x000000001000ba44
                0x0000000020041000                __scratch_y_start__ = .
 *(.scratch_y.*)
                0x0000000020041000                . = ALIGN (0x4)
                0x0000000020041000                __scratch_y_end__ = .
                0x000000001000ba44                __scratch_y_source__ = LOADADDR (.scratch_y)

.bss            0x0000000020000f00     0x1c7c
                0x0000000020000f00                . = ALIGN (0x4)
                0x0000000020000f00                __bss_start__ = .
 *(SORT_BY_ALIGNMENT(SORT_BY_NAME(.bss*)))
 .bss.CumulativeLightLevel.6
                0x0000000020000f00        0x8 CMakeFiles/Pico-Clock-Green.dir/Pico-Clock-Green.c.obj
 .bss.DebugBitMask
                0x0000000020000f08        0x8 CMakeFiles/Pico-Clock-Green.dir/Pico-Clock-Green.c.obj
                0x0000000020000f08                DebugBitMask
 .bss.Timer50uSec
                0x0000000020000f10       0x18 CMakeFiles/Pico-Clock-Green.dir/Pico-Clock-Green.c.obj
                0x0000000020000f10                Timer50uSec
 .bss.default_alarm_pool_entries
                0x0000000020000f28      0x100 CMakeFiles/Pico-Clock-Green.dir/Users/max/pico/pico-sdk/src/common/pico_time/time.c.obj
 .bss           0x0000000020001028       0x1c /usr/local/Cellar/arm-none-eabi-gcc/10.3-2021.07/gcc/bin/../lib/gcc/arm-none-eabi/10.3.1/thumb/v6-m/nofp/crtbegin.o
 .bss.Alarm     0x0000000020001044        0xa CMakeFiles/Pico-Clock-Green.dir/Pico-Clock-Green.c.obj
                0x0000000020001044                Alarm
 *fill*         0x000000002000104e        0x2 
 .bss.ByteData  0x0000000020001050       0x10 CMakeFiles/Pico-Clock-Green.dir/Ds3231.c.obj
                0x0000000020001050                ByteData
 .bss.CalendarEvent
                0x0000000020001060      0x8fc CMakeFiles/Pico-Clock-Green.dir/Pico-Clock-Green.c.obj
                0x0000000020001060                CalendarEvent
 .bss.DisplayBuffer
                0x000000002000195c       0xf8 CMakeFiles/Pico-Clock-Green.dir/Pico-Clock-Green.c.obj
                0x000000002000195c                DisplayBuffer
 .bss.Ds3231ReadRegister
                0x0000000020001a54       0x11 CMakeFiles/Pico-Clock-Green.dir/Ds3231.c.obj
                0x0000000020001a54                Ds3231ReadRegister
 *fill*         0x0000000020001a65        0x3 
 .bss.FlagSetupAlarm
                0x0000000020001a68        0x6 CMakeFiles/Pico-Clock-Green.dir/Pico-Clock-Green.c.obj
                0x0000000020001a68                FlagSetupAlarm
 *fill*         0x0000000020001a6e        0x2 
 .bss.FlagSetupClock
                0x0000000020001a70       0x13 CMakeFiles/Pico-Clock-Green.dir/Pico-Clock-Green.c.obj
                0x0000000020001a70                FlagSetupClock
 *fill*         0x0000000020001a83        0x1 
 .bss.FlagSetupTimer
                0x0000000020001a84        0x5 CMakeFiles/Pico-Clock-Green.dir/Pico-Clock-Green.c.obj
                0x0000000020001a84                FlagSetupTimer
 *fill*         0x0000000020001a89        0x3 
 .bss.NextCell.5
                0x0000000020001a8c        0x4 CMakeFiles/Pico-Clock-Green.dir/Pico-Clock-Green.c.obj
 .bss.ScrollQueue
                0x0000000020001a90       0x4b CMakeFiles/Pico-Clock-Green.dir/Pico-Clock-Green.c.obj
                0x0000000020001a90                ScrollQueue
 *fill*         0x0000000020001adb        0x1 
 .bss.SemSync   0x0000000020001adc        0x8 CMakeFiles/Pico-Clock-Green.dir/Pico-Clock-Green.c.obj
                0x0000000020001adc                SemSync
 .bss.SoundQueue
                0x0000000020001ae4      0xc80 CMakeFiles/Pico-Clock-Green.dir/Pico-Clock-Green.c.obj
                0x0000000020001ae4                SoundQueue
 .bss.SystemClock
                0x0000000020002764        0x4 CMakeFiles/Pico-Clock-Green.dir/Pico-Clock-Green.c.obj
                0x0000000020002764                SystemClock
 .bss.Time_RTC  0x0000000020002768        0x7 CMakeFiles/Pico-Clock-Green.dir/Pico-Clock-Green.c.obj
                0x0000000020002768                Time_RTC
 *fill*         0x000000002000276f        0x1 
 .bss.alarm_callbacks
                0x0000000020002770       0x10 CMakeFiles/Pico-Clock-Green.dir/Users/max/pico/pico-sdk/src/rp2_common/hardware_timer/timer.c.obj
 .bss.boot2_copyout
                0x0000000020002780      0x100 CMakeFiles/Pico-Clock-Green.dir/Users/max/pico/pico-sdk/src/rp2_common/hardware_flash/flash.c.obj
 .bss.configured_freq
                0x0000000020002880       0x28 CMakeFiles/Pico-Clock-Green.dir/Users/max/pico/pico-sdk/src/rp2_common/hardware_clocks/clocks.c.obj
 .bss.default_alarm_pool_entry_ids_high
                0x00000000200028a8       0x10 CMakeFiles/Pico-Clock-Green.dir/Users/max/pico/pico-sdk/src/common/pico_time/time.c.obj
 .bss.default_alarm_pool_heap_nodes
                0x00000000200028b8       0x30 CMakeFiles/Pico-Clock-Green.dir/Users/max/pico/pico-sdk/src/common/pico_time/time.c.obj
 .bss.drivers   0x00000000200028e8        0x4 CMakeFiles/Pico-Clock-Green.dir/Users/max/pico/pico-sdk/src/rp2_common/pico_stdio/stdio.c.obj
 .bss.filter    0x00000000200028ec        0x4 CMakeFiles/Pico-Clock-Green.dir/Users/max/pico/pico-sdk/src/rp2_common/pico_stdio/stdio.c.obj
 .bss.pools     0x00000000200028f0       0x10 CMakeFiles/Pico-Clock-Green.dir/Users/max/pico/pico-sdk/src/common/pico_time/time.c.obj
 .bss.retrieved_id
                0x0000000020002900        0x8 CMakeFiles/Pico-Clock-Green.dir/Users/max/pico/pico-sdk/src/rp2_common/pico_unique_id/unique_id.c.obj
 .bss.sd_table  0x0000000020002908      0x100 CMakeFiles/Pico-Clock-Green.dir/Users/max/pico/pico-sdk/src/rp2_common/pico_double/double_init_rom.c.obj
                0x0000000020002908                sd_table
 .bss.sf_clz_func
                0x0000000020002a08        0x4 CMakeFiles/Pico-Clock-Green.dir/Users/max/pico/pico-sdk/src/rp2_common/pico_double/double_init_rom.c.obj
                0x0000000020002a08                sf_clz_func
 .bss.sf_table  0x0000000020002a0c      0x100 CMakeFiles/Pico-Clock-Green.dir/Users/max/pico/pico-sdk/src/rp2_common/pico_float/float_init_rom.c.obj
                0x0000000020002a0c                sf_table
 .bss.sleep_notifier