Archive member included to satisfy reference by file (symbol)

/usr/local/Cellar/arm-none-eabi-gcc/10.3-2021.07/gcc/bin/../lib/gcc/arm-none-eabi/10.3.1/thumb/v6-m/nofp/libgcc.a(_dvmd_tls.o)
                              CMakeFiles/Pico-Clock-Green.dir/Users/max/pico/pico-sdk/src/rp2_common/pico_divider/divider.S.obj (__aeabi_idiv0)
/usr/local/Cellar/arm-none-eabi-gcc/10.3-2021.07/gcc/bin/../lib/gcc/arm-none-eabi/10.3.1/../../../../arm-none-eabi/lib/thumb/v6-m/nofp/libg.a(lib_a-calloc.o)
                              CMakeFiles/Pico-Clock-Green.dir/Users/max/pico/pico-sdk/src/rp2_common/pico_malloc/pico_malloc.c.obj (calloc)
/usr/local/Cellar/arm-none-eabi-gcc/10.3-2021.07/gcc/bin/../lib/gcc/arm-none-eabi/10.3.1/../../../../arm-none-eabi/lib/thumb/v6-m/nofp/libg.a(lib_a-callocr.o)
                              /usr/local/Cellar/arm-none-eabi-gcc/10.3-2021.07/gcc/bin/../lib/gcc/arm-none-eabi/10.3.1/../../../../arm-none-eabi/lib/thumb/v6-m/nofp/libg.a(lib_a-calloc.o) (_calloc_r)
/usr/local/Cellar/arm-none-eabi-gcc/10.3-2021.07/gcc/bin/../lib/gcc/arm-none-eabi/10.3.1/../../../../arm-none-eabi/lib/thumb/v6-m/nofp/libg.a(lib_a-errno.o)
                              /usr/local/Cellar/arm-none-eabi-gcc/10.3-2021.07/gcc/bin/../lib/gcc/arm-none-eabi/10.3.1/../../../../arm-none-eabi/lib/thumb/v6-m/nofp/libg.a(lib_a-callocr.o) (__errno)
/usr/local/Cellar/arm-none-eabi-gcc/10.3-2021.07/gcc/bin/../lib/gcc/arm-none-eabi/10.3.1/../../../../arm-none-eabi/lib/thumb/v6-m/nofp/libg.a(lib_a-impure.o)
                              /usr/local/Cellar/arm-none-eabi-gcc/10.3-2021.07/gcc/bin/../lib/gcc/arm-none-eabi/10.3.1/../../../../arm-none-eabi/lib/thumb/v6-m/nofp/libg.a(lib_a-calloc.o) (_impure_ptr)
/usr/local/Cellar/arm-none-eabi-gcc/10.3-2021.07/gcc/bin/../lib/gcc/arm-none-eabi/10.3.1/../../../../arm-none-eabi/lib/thumb/v6-m/nofp/libg.a(lib_a-init.o)
                              /usr/local/Cellar/arm-none-eabi-gcc/10.3-2021.07/gcc/bin/../lib/gcc/arm-none-eabi/10.3.1/../../../../arm-none-eabi/lib/thumb/v6-m/nofp/crt0.o (__libc_init_array)
/usr/local/Cellar/arm-none-eabi-gcc/10.3-2021.07/gcc/bin/../lib/gcc/arm-none-eabi/10.3.1/../../../../arm-none-eabi/lib/thumb/v6-m/nofp/libg.a(lib_a-malloc.o)
                              CMakeFiles/Pico-Clock-Green.dir/Users/max/pico/pico-sdk/src/rp2_common/pico_malloc/pico_malloc.c.obj (malloc)
/usr/local/Cellar/arm-none-eabi-gcc/10.3-2021.07/gcc/bin/../lib/gcc/arm-none-eabi/10.3.1/../../../../arm-none-eabi/lib/thumb/v6-m/nofp/libg.a(lib_a-mallocr.o)
                              /usr/local/Cellar/arm-none-eabi-gcc/10.3-2021.07/gcc/bin/../lib/gcc/arm-none-eabi/10.3.1/../../../../arm-none-eabi/lib/thumb/v6-m/nofp/libg.a(lib_a-callocr.o) (_malloc_r)
/usr/local/Cellar/arm-none-eabi-gcc/10.3-2021.07/gcc/bin/../lib/gcc/arm-none-eabi/10.3.1/../../../../arm-none-eabi/lib/thumb/v6-m/nofp/libg.a(lib_a-mlock.o)
                              /usr/local/Cellar/arm-none-eabi-gcc/10.3-2021.07/gcc/bin/../lib/gcc/arm-none-eabi/10.3.1/../../../../arm-none-eabi/lib/thumb/v6-m/nofp/libg.a(lib_a-mallocr.o) (__malloc_lock)
/usr/local/Cellar/arm-none-eabi-gcc/10.3-2021.07/gcc/bin/../lib/gcc/arm-none-eabi/10.3.1/../../../../arm-none-eabi/lib/thumb/v6-m/nofp/libg.a(lib_a-rand.o)
                              CMakeFiles/Pico-Clock-Green.dir/Pico-Clock-Green.c.obj (srand)
/usr/local/Cellar/arm-none-eabi-gcc/10.3-2021.07/gcc/bin/../lib/gcc/arm-none-eabi/10.3.1/../../../../arm-none-eabi/lib/thumb/v6-m/nofp/libg.a(lib_a-realloc.o)
                              CMakeFiles/Pico-Clock-Green.dir/Users/max/pico/pico-sdk/src/rp2_common/pico_malloc/pico_malloc.c.obj (realloc)
/usr/local/Cellar/arm-none-eabi-gcc/10.3-2021.07/gcc/bin/../lib/gcc/arm-none-eabi/10.3.1/../../../../arm-none-eabi/lib/thumb/v6-m/nofp/libg.a(lib_a-reallocr.o)
                              /usr/local/Cellar/arm-none-eabi-gcc/10.3-2021.07/gcc/bin/../lib/gcc/arm-none-eabi/10.3.1/../../../../arm-none-eabi/lib/thumb/v6-m/nofp/libg.a(lib_a-realloc.o) (_realloc_r)
/usr/local/Cellar/arm-none-eabi-gcc/10.3-2021.07/gcc/bin/../lib/gcc/arm-none-eabi/10.3.1/../../../../arm-none-eabi/lib/thumb/v6-m/nofp/libg.a(lib_a-sbrkr.o)
                              /usr/local/Cellar/arm-none-eabi-gcc/10.3-2021.07/gcc/bin/../lib/gcc/arm-none-eabi/10.3.1/../../../../arm-none-eabi/lib/thumb/v6-m/nofp/libg.a(lib_a-mallocr.o) (_sbrk_r)
/usr/local/Cellar/arm-none-eabi-gcc/10.3-2021.07/gcc/bin/../lib/gcc/arm-none-eabi/10.3.1/../../../../arm-none-eabi/lib/thumb/v6-m/nofp/libg.a(lib_a-strcmp.o)
                              CMakeFiles/Pico-Clock-Green.dir/Pico-Clock-Green.c.obj (strcmp)
/usr/local/Cellar/arm-none-eabi-gcc/10.3-2021.07/gcc/bin/../lib/gcc/arm-none-eabi/10.3.1/../../../../arm-none-eabi/lib/thumb/v6-m/nofp/libg.a(lib_a-strcpy.o)
                              CMakeFiles/Pico-Clock-Green.dir/Pico-Clock-Green.c.obj (strcpy)
[...]
Memory Configuration

Name             Origin             Length             Attributes
FLASH            0x0000000010000000 0x0000000000200000 xr
RAM              0x0000000020000000 0x0000000000040000 xrw
SCRATCH_X        0x0000000020040000 0x0000000000001000 xrw
SCRATCH_Y        0x0000000020041000 0x0000000000001000 xrw
*default*        0x0000000000000000 0xffffffffffffffff

Linker script and memory map

LOAD /usr/local/Cellar/arm-none-eabi-gcc/10.3-2021.07/gcc/bin/../lib/gcc/arm-none-eabi/10.3.1/thumb/v6-m/nofp/crti.o
LOAD /usr/local/Cellar/arm-none-eabi-gcc/10.3-2021.07/gcc/bin/../lib/gcc/arm-none-eabi/10.3.1/thumb/v6-m/nofp/crtbegin.o
LOAD /usr/local/Cellar/arm-none-eabi-gcc/10.3-2021.07/gcc/bin/../lib/gcc/arm-none-eabi/10.3.1/../../../../arm-none-eabi/lib/thumb/v6-m/nofp/crt0.o

.flash_begin    0x0000000010000000        0x0
                0x0000000010000000                __flash_binary_start = .

.boot2          0x0000000010000000      0x100
                0x0000000010000000                __boot2_start__ = .
 *(.boot2)
 .boot2         0x0000000010000000      0x100 /var/folders/hx/ybfzs61s0_df8jx22m7xnqnr0000gn/T//ccuqV7wC.o
                0x0000000010000100                __boot2_end__ = .
                0x0000000000000001                ASSERT (((__boot2_end__ - __boot2_start__) == 0x100), ERROR: Pico second stage bootloader must be 256 bytes in size)

.text           0x0000000010000100     0x9cd8
                0x0000000010000100                __logical_binary_start = .
 *(.vectors)
 .vectors       0x0000000010000100       0xd4 CMakeFiles/Pico-Clock-Green.dir/Users/max/pico/pico-sdk/src/rp2_common/pico_standard_link/crt0.S.obj
                0x0000000010000100                __VECTOR_TABLE
                0x0000000010000100                __vectors
                0x00000000100001c0                __default_isrs_start
                0x00000000100001c0                isr_invalid
                0x00000000100001c2                isr_nmi
                0x00000000100001c4                isr_hardfault
                0x00000000100001c6                isr_svcall
                0x00000000100001c8                isr_pendsv
                0x00000000100001ca                isr_systick
                0x00000000100001cc                isr_irq28
                0x00000000100001cc                isr_irq19
                0x00000000100001cc                isr_irq0
                0x00000000100001cc                isr_irq6
                0x00000000100001cc                isr_irq22
                0x00000000100001cc                isr_irq17
                0x00000000100001cc                isr_irq14
                0x00000000100001cc                isr_irq2
                0x00000000100001cc                isr_irq10
                0x00000000100001cc                isr_irq8
                0x00000000100001cc                isr_irq24
                0x00000000100001cc                isr_irq1
                0x00000000100001cc                isr_irq7
                0x00000000100001cc                isr_irq21
                0x00000000100001cc                isr_irq20
                0x00000000100001cc                isr_irq15
                0x00000000100001cc                isr_irq25
                0x00000000100001cc                isr_irq4
                0x00000000100001cc                isr_irq16
                0x00000000100001cc                isr_irq29
                0x00000000100001cc                isr_irq26
                0x00000000100001cc                __default_isrs_end
                0x00000000100001cc                isr_irq3
                0x00000000100001cc                isr_irq9
                0x00000000100001cc                __unhandled_user_irq
                0x00000000100001cc                isr_irq13
                0x00000000100001cc                isr_irq27
                0x00000000100001cc                isr_irq31
                0x00000000100001cc                isr_irq5
                0x00000000100001cc                isr_irq11
                0x00000000100001cc                isr_irq23
                0x00000000100001cc                isr_irq18
                0x00000000100001cc                isr_irq30
                0x00000000100001cc                isr_irq12
                0x00000000100001d2                unhandled_user_irq_num_in_r0
 *(.binary_info_header)
 .binary_info_header
                0x00000000100001d4       0x14 CMakeFiles/Pico-Clock-Green.dir/Users/max/pico/pico-sdk/src/rp2_common/pico_standard_link/crt0.S.obj
                0x00000000100001e8                __binary_info_header_end = .
 *(.reset)
 .reset         0x00000000100001e8       0xa8 CMakeFiles/Pico-Clock-Green.dir/Users/max/pico/pico-sdk/src/rp2_common/pico_standard_link/crt0.S.obj
                0x00000000100001e8                _entry_point
                0x0000000010000266                __get_current_exception
 .reset         0x0000000010000290       0x30 CMakeFiles/Pico-Clock-Green.dir/Users/max/pico/pico-sdk/src/rp2_common/pico_standard_link/binary_info.c.obj
 *(.init)
 .init          0x00000000100002c0        0x4 /usr/local/Cellar/arm-none-eabi-gcc/10.3-2021.07/gcc/bin/../lib/gcc/arm-none-eabi/10.3.1/thumb/v6-m/nofp/crti.o
                0x00000000100002c0                _init
 *(EXCLUDE_FILE(*libm.a: *libc.a:*lib_a-mem*.o *libgcc.a:) .text*)
 .text          0x00000000100002c4       0x48 /usr/local/Cellar/arm-none-eabi-gcc/10.3-2021.07/gcc/bin/../lib/gcc/arm-none-eabi/10.3.1/thumb/v6-m/nofp/crtbegin.o
 .text.add_repeating_timer_ms
                0x000000001000030c       0x3c CMakeFiles/Pico-Clock-Green.dir/Pico-Clock-Green.c.obj
 .text.convert_h24_to_h12
                0x0000000010000348       0x38 CMakeFiles/Pico-Clock-Green.dir/Pico-Clock-Green.c.obj
                0x0000000010000348                convert_h24_to_h12
 .text.date_stamp
                0x0000000010000380       0x70 CMakeFiles/Pico-Clock-Green.dir/Pico-Clock-Green.c.obj
                0x0000000010000380                date_stamp
 .text.evaluate_keyclick_start_time
                0x00000000100003f0       0x38 CMakeFiles/Pico-Clock-Green.dir/Pico-Clock-Green.c.obj
                0x00000000100003f0                evaluate_keyclick_start_time
 .text.evaluate_sound_stop_time
                0x0000000010000428      0x390 CMakeFiles/Pico-Clock-Green.dir/Pico-Clock-Green.c.obj
                0x0000000010000428                evaluate_sound_stop_time
 .text.fill_display_buffer_4X7
                0x00000000100007b8       0xc8 CMakeFiles/Pico-Clock-Green.dir/Pico-Clock-Green.c.obj
                0x00000000100007b8                fill_display_buffer_4X7
 .text.clear_framebuffer
                0x0000000010000880       0x16 CMakeFiles/Pico-Clock-Green.dir/Pico-Clock-Green.c.obj
                0x0000000010000880                clear_framebuffer
 *fill*         0x0000000010000896        0x2 
 .text.timer_callback_us
                0x0000000010000898       0xec CMakeFiles/Pico-Clock-Green.dir/Pico-Clock-Green.c.obj
                0x0000000010000898                timer_callback_us
 .text.get_ads1015
                0x0000000010000984       0x3c CMakeFiles/Pico-Clock-Green.dir/Pico-Clock-Green.c.obj
                0x0000000010000984                get_ads1015
 .text.adc_show_count
                0x00000000100009c0       0xc0 CMakeFiles/Pico-Clock-Green.dir/Pico-Clock-Green.c.obj
                0x00000000100009c0                adc_show_count
 .text.get_date_string
                0x0000000010000a80      0x1a8 CMakeFiles/Pico-Clock-Green.dir/Pico-Clock-Green.c.obj
                0x0000000010000a80                get_date_string
 .text.get_month_days
                0x0000000010000c28       0xdc CMakeFiles/Pico-Clock-Green.dir/Pico-Clock-Green.c.obj
                0x0000000010000c28                get_month_days
 .text.get_pico_temperature
                0x0000000010000d04      0x130 CMakeFiles/Pico-Clock-Green.dir/Pico-Clock-Green.c.obj
                0x0000000010000d04                get_pico_temperature
 .text.get_voltage
                0x0000000010000e34       0x70 CMakeFiles/Pico-Clock-Green.dir/Pico-Clock-Green.c.obj
                0x0000000010000e34                get_voltage
 .text.get_weekday
                0x0000000010000ea4       0x84 CMakeFiles/Pico-Clock-Green.dir/Pico-Clock-Green.c.obj
                0x0000000010000ea4                get_weekday
 .text.init_gpio
                0x0000000010000f28      0x130 CMakeFiles/Pico-Clock-Green.dir/Pico-Clock-Green.c.obj
                0x0000000010000f28                init_gpio
 .text.matrix_test
                0x0000000010001058      0x288 CMakeFiles/Pico-Clock-Green.dir/Pico-Clock-Green.c.obj
                0x0000000010001058                matrix_test
 .text.pixel_twinkling
                0x00000000100012e0       0xf8 CMakeFiles/Pico-Clock-Green.dir/Pico-Clock-Green.c.obj
                0x00000000100012e0                pixel_twinkling
 .text.reverse_bits
                0x00000000100013d8       0x22 CMakeFiles/Pico-Clock-Green.dir/Pico-Clock-Green.c.obj
                0x00000000100013d8                reverse_bits
 *fill*         0x00000000100013fa        0x2 
 .text.fill_display_buffer_5X7
                0x00000000100013fc       0xf4 CMakeFiles/Pico-Clock-Green.dir/Pico-Clock-Green.c.obj
                0x00000000100013fc                fill_display_buffer_5X7
 .text.scroll_one_dot
                0x00000000100014f0       0x64 CMakeFiles/Pico-Clock-Green.dir/Pico-Clock-Green.c.obj
                0x00000000100014f0                scroll_one_dot
 .text.evaluate_scroll_time
                0x0000000010001554       0x60 CMakeFiles/Pico-Clock-Green.dir/Pico-Clock-Green.c.obj
                0x0000000010001554                evaluate_scroll_time
 .text.scroll_queue
                0x00000000100015b4       0x54 CMakeFiles/Pico-Clock-Green.dir/Pico-Clock-Green.c.obj
                0x00000000100015b4                scroll_queue
 .text.scroll_string
                0x0000000010001608       0xa8 CMakeFiles/Pico-Clock-Green.dir/Pico-Clock-Green.c.obj
                0x0000000010001608                scroll_string
 .text.scroll_unqueue
                0x00000000100016b0       0x38 CMakeFiles/Pico-Clock-Green.dir/Pico-Clock-Green.c.obj
                0x00000000100016b0                scroll_unqueue
 .text.process_scroll_queue
                0x00000000100016e8      0x2d0 CMakeFiles/Pico-Clock-Green.dir/Pico-Clock-Green.c.obj
                0x00000000100016e8                process_scroll_queue
 .text.select_weekday
                0x00000000100019b8      0x1f0 CMakeFiles/Pico-Clock-Green.dir/Pico-Clock-Green.c.obj
                0x00000000100019b8                select_weekday
 .text.evaluate_blinking_time
                0x0000000010001ba8      0x17c CMakeFiles/Pico-Clock-Green.dir/Pico-Clock-Green.c.obj
                0x0000000010001ba8                evaluate_blinking_time
 .text.send_data
                0x0000000010001d24       0x36 CMakeFiles/Pico-Clock-Green.dir/Pico-Clock-Green.c.obj
                0x0000000010001d24                send_data
 *fill*         0x0000000010001d5a        0x2 
 .text.set_mode_out
                0x0000000010001d5c      0x1a8 CMakeFiles/Pico-Clock-Green.dir/Pico-Clock-Green.c.obj
                0x0000000010001d5c                set_mode_out
 .text.set_mode_timeout
                0x0000000010001f04       0x40 CMakeFiles/Pico-Clock-Green.dir/Pico-Clock-Green.c.obj
                0x0000000010001f04                set_mode_timeout
 .text.setup_alarm_frame
                0x0000000010001f44      0x2d4 CMakeFiles/Pico-Clock-Green.dir/Pico-Clock-Green.c.obj
                0x0000000010001f44                setup_alarm_frame
 .text.setup_alarm_variables
                0x0000000010002218      0x178 CMakeFiles/Pico-Clock-Green.dir/Pico-Clock-Green.c.obj
                0x0000000010002218                setup_alarm_variables
 .text.setup_clock_frame
                0x0000000010002390      0xd5c CMakeFiles/Pico-Clock-Green.dir/Pico-Clock-Green.c.obj
                0x0000000010002390                setup_clock_frame
 .text.setup_clock_variables
                0x00000000100030ec      0x658 CMakeFiles/Pico-Clock-Green.dir/Pico-Clock-Green.c.obj
                0x00000000100030ec                setup_clock_variables
 .text.setup_timer_frame
                0x0000000010003744      0x3f8 CMakeFiles/Pico-Clock-Green.dir/Pico-Clock-Green.c.obj
                0x0000000010003744                setup_timer_frame
 .text.setup_timer_variables
                0x0000000010003b3c       0xc8 CMakeFiles/Pico-Clock-Green.dir/Pico-Clock-Green.c.obj
                0x0000000010003b3c                setup_timer_variables
 .text.timer_callback_ms
                0x0000000010003c04      0x39c CMakeFiles/Pico-Clock-Green.dir/Pico-Clock-Green.c.obj
                0x0000000010003c04                timer_callback_ms
 .text.show_time
                0x0000000010003fa0      0x1bc CMakeFiles/Pico-Clock-Green.dir/Pico-Clock-Green.c.obj
                0x0000000010003fa0                show_time
 .text.tone     0x000000001000415c       0x14 CMakeFiles/Pico-Clock-Green.dir/Pico-Clock-Green.c.obj
                0x000000001000415c                tone
 .text.uart_send
                0x0000000010004170       0xf8 CMakeFiles/Pico-Clock-Green.dir/Pico-Clock-Green.c.obj
                0x0000000010004170                uart_send
 .text.main     0x0000000010004268      0x734 CMakeFiles/Pico-Clock-Green.dir/Pico-Clock-Green.c.obj
                0x0000000010004268                main
 .text.timer_callback_s
                0x000000001000499c      0x67c CMakeFiles/Pico-Clock-Green.dir/Pico-Clock-Green.c.obj
                0x000000001000499c                timer_callback_s
 .text.bcd_to_byte
                0x0000000010005018       0x14 CMakeFiles/Pico-Clock-Green.dir/Ds3231.c.obj
                0x0000000010005018                bcd_to_byte
 .text.dec_to_bcd
                0x000000001000502c       0x1c CMakeFiles/Pico-Clock-Green.dir/Ds3231.c.obj
                0x000000001000502c                dec_to_bcd
 .text.ds3231_check_alarm_0
                0x0000000010005048       0x58 CMakeFiles/Pico-Clock-Green.dir/Ds3231.c.obj
                0x0000000010005048                ds3231_check_alarm_0
 .text.ds3231_check_alarm_1
                0x00000000100050a0       0x58 CMakeFiles/Pico-Clock-Green.dir/Ds3231.c.obj
                0x00000000100050a0                ds3231_check_alarm_1
 .text.ds3231_register_read
                0x00000000100050f8       0x44 CMakeFiles/Pico-Clock-Green.dir/Ds3231.c.obj
                0x00000000100050f8                ds3231_register_read
 .text.byte_data
                0x000000001000513c       0x28 CMakeFiles/Pico-Clock-Green.dir/Ds3231.c.obj
                0x000000001000513c                byte_data
 .text.Read_RTC
                0x0000000010005164       0x54 CMakeFiles/Pico-Clock-Green.dir/Ds3231.c.obj
                0x0000000010005164                Read_RTC
 .text.set_alarm1_clock
                0x00000000100051b8      0x108 CMakeFiles/Pico-Clock-Green.dir/Ds3231.c.obj
                0x00000000100051b8                set_alarm1_clock
 .text.set_alarm2_clock
                0x00000000100052c0       0x88 CMakeFiles/Pico-Clock-Green.dir/Ds3231.c.obj
                0x00000000100052c0                set_alarm2_clock
 .text.set_day_of_month
                0x0000000010005348       0x2c CMakeFiles/Pico-Clock-Green.dir/Ds3231.c.obj
                0x0000000010005348                set_day_of_month
 .text.set_day_of_week
                0x0000000010005374       0x2c CMakeFiles/Pico-Clock-Green.dir/Ds3231.c.obj
                0x0000000010005374                set_day_of_week
 .text.set_hour
                0x00000000100053a0       0x2c CMakeFiles/Pico-Clock-Green.dir/Ds3231.c.obj
                0x00000000100053a0                set_hour
 .text.set_minute
                0x00000000100053cc       0x40 CMakeFiles/Pico-Clock-Green.dir/Ds3231.c.obj
                0x00000000100053cc                set_minute
 .text.set_month
                0x000000001000540c       0x2c CMakeFiles/Pico-Clock-Green.dir/Ds3231.c.obj
                0x000000001000540c                set_month
 .text.set_year
                0x0000000010005438       0x2c CMakeFiles/Pico-Clock-Green.dir/Ds3231.c.obj
                0x0000000010005438                set_year
 .text.gpio_set_function
                0x0000000010005464       0x30 CMakeFiles/Pico-Clock-Green.dir/Users/max/pico/pico-sdk/src/rp2_common/hardware_gpio/gpio.c.obj
                0x0000000010005464                gpio_set_function
 .text.gpio_set_pulls
                0x0000000010005494       0x34 CMakeFiles/Pico-Clock-Green.dir/Users/max/pico/pico-sdk/src/rp2_common/hardware_gpio/gpio.c.obj
                0x0000000010005494                gpio_set_pulls
 .text.gpio_set_input_enabled
                0x00000000100054c8       0x30 CMakeFiles/Pico-Clock-Green.dir/Users/max/pico/pico-sdk/src/rp2_common/hardware_gpio/gpio.c.obj
                0x00000000100054c8                gpio_set_input_enabled
 .text.gpio_init
                0x00000000100054f8       0x16 CMakeFiles/Pico-Clock-Green.dir/Users/max/pico/pico-sdk/src/rp2_common/hardware_gpio/gpio.c.obj
                0x00000000100054f8                gpio_init
 *fill*         0x000000001000550e        0x2 
 .text.hw_claim_lock
                0x0000000010005510       0x18 CMakeFiles/Pico-Clock-Green.dir/Users/max/pico/pico-sdk/src/rp2_common/hardware_claim/claim.c.obj
                0x0000000010005510                hw_claim_lock
 .text.hw_claim_unlock
                0x0000000010005528       0x14 CMakeFiles/Pico-Clock-Green.dir/Users/max/pico/pico-sdk/src/rp2_common/hardware_claim/claim.c.obj
                0x0000000010005528                hw_claim_unlock
 .text.hw_claim_or_assert
                0x000000001000553c       0x32 CMakeFiles/Pico-Clock-Green.dir/Users/max/pico/pico-sdk/src/rp2_common/hardware_claim/claim.c.obj
                0x000000001000553c                hw_claim_or_assert
 *fill*         0x000000001000556e        0x2 
 .text.running_on_fpga
                0x0000000010005570       0x14 CMakeFiles/Pico-Clock-Green.dir/Users/max/pico/pico-sdk/src/rp2_common/pico_platform/platform.c.obj
                0x0000000010005570                running_on_fpga
 .text.spin_locks_reset
                0x0000000010005584       0x20 CMakeFiles/Pico-Clock-Green.dir/Users/max/pico/pico-sdk/src/rp2_common/hardware_sync/sync.c.obj
                0x0000000010005584                spin_locks_reset
 .text.next_striped_spin_lock_num
                0x00000000100055a4       0x1c CMakeFiles/Pico-Clock-Green.dir/Users/max/pico/pico-sdk/src/rp2_common/hardware_sync/sync.c.obj
                0x00000000100055a4                next_striped_spin_lock_num
 .text.set_raw_irq_handler_and_unlock
                0x00000000100055c0       0x28 CMakeFiles/Pico-Clock-Green.dir/Users/max/pico/pico-sdk/src/rp2_common/hardware_irq/irq.c.obj
 .text.make_branch
                0x00000000100055e8       0x48 CMakeFiles/Pico-Clock-Green.dir/Users/max/pico/pico-sdk/src/rp2_common/hardware_irq/irq.c.obj
 .text.insert_branch_and_link
                0x0000000010005630       0x40 CMakeFiles/Pico-Clock-Green.dir/Users/max/pico/pico-sdk/src/rp2_common/hardware_irq/irq.c.obj
 .text.irq_is_enabled
                0x0000000010005670       0x18 CMakeFiles/Pico-Clock-Green.dir/Users/max/pico/pico-sdk/src/rp2_common/hardware_irq/irq.c.obj
                0x0000000010005670                irq_is_enabled
 .text.irq_set_mask_enabled
                0x0000000010005688       0x20 CMakeFiles/Pico-Clock-Green.dir/Users/max/pico/pico-sdk/src/rp2_common/hardware_irq/irq.c.obj
                0x0000000010005688                irq_set_mask_enabled
 .text.irq_set_enabled
                0x00000000100056a8        0xe CMakeFiles/Pico-Clock-Green.dir/Users/max/pico/pico-sdk/src/rp2_common/hardware_irq/irq.c.obj
                0x00000000100056a8                irq_set_enabled
 *fill*         0x00000000100056b6        0x2 
 .text.irq_get_vtable_handler
                0x00000000100056b8       0x10 CMakeFiles/Pico-Clock-Green.dir/Users/max/pico/pico-sdk/src/rp2_common/hardware_irq/irq.c.obj
                0x00000000100056b8                irq_get_vtable_handler
 .text.irq_set_exclusive_handler
                0x00000000100056c8       0x54 CMakeFiles/Pico-Clock-Green.dir/Users/max/pico/pico-sdk/src/rp2_common/hardware_irq/irq.c.obj
                0x00000000100056c8                irq_set_exclusive_handler
 .text.irq_remove_handler
                0x000000001000571c      0x1a8 CMakeFiles/Pico-Clock-Green.dir/Users/max/pico/pico-sdk/src/rp2_common/hardware_irq/irq.c.obj
                0x000000001000571c                irq_remove_handler
 .text.irq_add_tail_to_free_list
                0x00000000100058c4       0xf0 CMakeFiles/Pico-Clock-Green.dir/Users/max/pico/pico-sdk/src/rp2_common/hardware_irq/irq.c.obj
                0x00000000100058c4                irq_add_tail_to_free_list
 .text.irq_init_priorities
                0x00000000100059b4       0x1c CMakeFiles/Pico-Clock-Green.dir/Users/max/pico/pico-sdk/src/rp2_common/hardware_irq/irq.c.obj
                0x00000000100059b4                irq_init_priorities
 .text.sem_init
                0x00000000100059d0       0x1e CMakeFiles/Pico-Clock-Green.dir/Users/max/pico/pico-sdk/src/common/pico_sync/sem.c.obj
                0x00000000100059d0                sem_init
 *fill*         0x00000000100059ee        0x2 
 .text.lock_init
                0x00000000100059f0       0x10 CMakeFiles/Pico-Clock-Green.dir/Users/max/pico/pico-sdk/src/common/pico_sync/lock_core.c.obj
                0x00000000100059f0                lock_init
 .text.repeating_timer_callback
                0x0000000010005a00       0x40 CMakeFiles/Pico-Clock-Green.dir/Users/max/pico/pico-sdk/src/common/pico_time/time.c.obj
 .text.alarm_pool_post_alloc_init
                0x0000000010005a40       0x40 CMakeFiles/Pico-Clock-Green.dir/Users/max/pico/pico-sdk/src/common/pico_time/time.c.obj
 .text.sleep_until_callback
                0x0000000010005a80       0x30 CMakeFiles/Pico-Clock-Green.dir/Users/max/pico/pico-sdk/src/common/pico_time/time.c.obj
 .text.timer_pool_entry_comparator
                0x0000000010005ab0       0x7c CMakeFiles/Pico-Clock-Green.dir/Users/max/pico/pico-sdk/src/common/pico_time/time.c.obj
                0x0000000010005ab0                timer_pool_entry_comparator
 .text.ph_add_child_node
                0x0000000010005b2c       0xa4 CMakeFiles/Pico-Clock-Green.dir/Users/max/pico/pico-sdk/src/common/pico_time/time.c.obj
 .text.ph_merge_nodes
                0x0000000010005bd0       0x3e CMakeFiles/Pico-Clock-Green.dir/Users/max/pico/pico-sdk/src/common/pico_time/time.c.obj
 *fill*         0x0000000010005c0e        0x2 
 .text.add_alarm_under_lock
                0x0000000010005c10      0x174 CMakeFiles/Pico-Clock-Green.dir/Users/max/pico/pico-sdk/src/common/pico_time/time.c.obj
 .text.alarm_pool_alarm_callback
                0x0000000010005d84      0x328 CMakeFiles/Pico-Clock-Green.dir/Users/max/pico/pico-sdk/src/common/pico_time/time.c.obj
 .text.alarm_pool_init_default
                0x00000000100060ac       0x38 CMakeFiles/Pico-Clock-Green.dir/Users/max/pico/pico-sdk/src/common/pico_time/time.c.obj
                0x00000000100060ac                alarm_pool_init_default
 .text.alarm_pool_get_default
                0x00000000100060e4       0x2c CMakeFiles/Pico-Clock-Green.dir/Users/max/pico/pico-sdk/src/common/pico_time/time.c.obj
                0x00000000100060e4                alarm_pool_get_default
 .text.alarm_pool_add_alarm_at
                0x0000000010006110      0x170 CMakeFiles/Pico-Clock-Green.dir/Users/max/pico/pico-sdk/src/common/pico_time/time.c.obj
                0x0000000010006110                alarm_pool_add_alarm_at
 .text.alarm_pool_cancel_alarm
                0x0000000010006280       0xf0 CMakeFiles/Pico-Clock-Green.dir/Users/max/pico/pico-sdk/src/common/pico_time/time.c.obj
                0x0000000010006280                alarm_pool_cancel_alarm
 .text.alarm_pool_add_repeating_timer_us
                0x0000000010006370       0x9c CMakeFiles/Pico-Clock-Green.dir/Users/max/pico/pico-sdk/src/common/pico_time/time.c.obj
                0x0000000010006370                alarm_pool_add_repeating_timer_us
 .text.cancel_repeating_timer
                0x000000001000640c       0x1a CMakeFiles/Pico-Clock-Green.dir/Users/max/pico/pico-sdk/src/common/pico_time/time.c.obj
                0x000000001000640c                cancel_repeating_timer
 *fill*         0x0000000010006426        0x2 
 .text.sleep_until
                0x0000000010006428       0xfc CMakeFiles/Pico-Clock-Green.dir/Users/max/pico/pico-sdk/src/common/pico_time/time.c.obj
                0x0000000010006428                sleep_until
 .text.sleep_us
                0x0000000010006524       0x58 CMakeFiles/Pico-Clock-Green.dir/Users/max/pico/pico-sdk/src/common/pico_time/time.c.obj
                0x0000000010006524                sleep_us
 .text.sleep_ms
                0x000000001000657c       0x14 CMakeFiles/Pico-Clock-Green.dir/Users/max/pico/pico-sdk/src/common/pico_time/time.c.obj
                0x000000001000657c                sleep_ms
 .text.hardware_alarm_irq_handler
                0x0000000010006590       0x8c CMakeFiles/Pico-Clock-Green.dir/Users/max/pico/pico-sdk/src/rp2_common/hardware_timer/timer.c.obj
 .text.hardware_alarm_claim
                0x000000001000661c       0x18 CMakeFiles/Pico-Clock-Green.dir/Users/max/pico/pico-sdk/src/rp2_common/hardware_timer/timer.c.obj
                0x000000001000661c                hardware_alarm_claim
 .text.time_us_64
                0x0000000010006634       0x18 CMakeFiles/Pico-Clock-Green.dir/Users/max/pico/pico-sdk/src/rp2_common/hardware_timer/timer.c.obj
                0x0000000010006634                time_us_64
 .text.busy_wait_until
                0x000000001000664c       0x28 CMakeFiles/Pico-Clock-Green.dir/Users/max/pico/pico-sdk/src/rp2_common/hardware_timer/timer.c.obj
                0x000000001000664c                busy_wait_until
 .text.hardware_alarm_set_callback
                0x0000000010006674       0x90 CMakeFiles/Pico-Clock-Green.dir/Users/max/pico/pico-sdk/src/rp2_common/hardware_timer/timer.c.obj
                0x0000000010006674                hardware_alarm_set_callback
 .text.hardware_alarm_set_target
                0x0000000010006704       0xe8 CMakeFiles/Pico-Clock-Green.dir/Users/max/pico/pico-sdk/src/rp2_common/hardware_timer/timer.c.obj
                0x0000000010006704                hardware_alarm_set_target
 .text.hardware_alarm_cancel
                0x00000000100067ec       0x40 CMakeFiles/Pico-Clock-Green.dir/Users/max/pico/pico-sdk/src/rp2_common/hardware_timer/timer.c.obj
                0x00000000100067ec                hardware_alarm_cancel
 .text.ph_add_child_node
                0x000000001000682c       0xa4 CMakeFiles/Pico-Clock-Green.dir/Users/max/pico/pico-sdk/src/common/pico_util/pheap.c.obj
 .text.ph_merge_nodes
                0x00000000100068d0       0x3e CMakeFiles/Pico-Clock-Green.dir/Users/max/pico/pico-sdk/src/common/pico_util/pheap.c.obj
 *fill*         0x000000001000690e        0x2 
 .text.ph_clear
                0x0000000010006910       0x70 CMakeFiles/Pico-Clock-Green.dir/Users/max/pico/pico-sdk/src/common/pico_util/pheap.c.obj
                0x0000000010006910                ph_clear
 .text.ph_post_alloc_init
                0x0000000010006980        0xe CMakeFiles/Pico-Clock-Green.dir/Users/max/pico/pico-sdk/src/common/pico_util/pheap.c.obj
                0x0000000010006980                ph_post_alloc_init
 *fill*         0x000000001000698e        0x2 
 .text.ph_merge_two_pass
                0x0000000010006990       0xa8 CMakeFiles/Pico-Clock-Green.dir/Users/max/pico/pico-sdk/src/common/pico_util/pheap.c.obj
                0x0000000010006990                ph_merge_two_pass
 .text.ph_remove_any_head
                0x0000000010006a38      0x108 CMakeFiles/Pico-Clock-Green.dir/Users/max/pico/pico-sdk/src/common/pico_util/pheap.c.obj
 .text.ph_remove_head
                0x0000000010006b40       0x14 CMakeFiles/Pico-Clock-Green.dir/Users/max/pico/pico-sdk/src/common/pico_util/pheap.c.obj
                0x0000000010006b40                ph_remove_head
 .text.ph_remove_and_free_node
                0x0000000010006b54       0xf8 CMakeFiles/Pico-Clock-Green.dir/Users/max/pico/pico-sdk/src/common/pico_util/pheap.c.obj
                0x0000000010006b54                ph_remove_and_free_node
 .text.mutex_init
                0x0000000010006c4c       0x1a CMakeFiles/Pico-Clock-Green.dir/Users/max/pico/pico-sdk/src/common/pico_sync/mutex.c.obj
                0x0000000010006c4c                mutex_init
 .text.recursive_mutex_init
                0x0000000010006c66       0x1e CMakeFiles/Pico-Clock-Green.dir/Users/max/pico/pico-sdk/src/common/pico_sync/mutex.c.obj
                0x0000000010006c66                recursive_mutex_init
 .text.uart_set_baudrate
                0x0000000010006c84       0x5c CMakeFiles/Pico-Clock-Green.dir/Users/max/pico/pico-sdk/src/rp2_common/hardware_uart/uart.c.obj
                0x0000000010006c84                uart_set_baudrate
 .text.uart_set_translate_crlf
                0x0000000010006ce0       0x28 CMakeFiles/Pico-Clock-Green.dir/Users/max/pico/pico-sdk/src/rp2_common/hardware_uart/uart.c.obj
                0x0000000010006ce0                uart_set_translate_crlf
 .text.uart_init
                0x0000000010006d08       0x80 CMakeFiles/Pico-Clock-Green.dir/Users/max/pico/pico-sdk/src/rp2_common/hardware_uart/uart.c.obj
                0x0000000010006d08                uart_init
 .text._exit    0x0000000010006d88        0x4 CMakeFiles/Pico-Clock-Green.dir/Users/max/pico/pico-sdk/src/rp2_common/pico_runtime/runtime.c.obj
                0x0000000010006d88                _exit
 .text.exit     0x0000000010006d8c        0x6 CMakeFiles/Pico-Clock-Green.dir/Users/max/pico/pico-sdk/src/rp2_common/pico_runtime/runtime.c.obj
                0x0000000010006d8c                exit
 *fill*         0x0000000010006d92        0x2 
 .text.__assert_func
                0x0000000010006d94       0x3c CMakeFiles/Pico-Clock-Green.dir/Users/max/pico/pico-sdk/src/rp2_common/pico_runtime/runtime.c.obj
                0x0000000010006d94                __assert_func
 .text.runtime_init
                0x0000000010006dd0       0xf8 CMakeFiles/Pico-Clock-Green.dir/Users/max/pico/pico-sdk/src/rp2_common/pico_runtime/runtime.c.obj
                0x0000000010006dd0                runtime_init
 .text.panic    0x0000000010006ec8       0x30 CMakeFiles/Pico-Clock-Green.dir/Users/max/pico/pico-sdk/src/rp2_common/pico_runtime/runtime.c.obj
                0x0000000010006ec8                panic
 .text.clock_configure
                0x0000000010006ef8      0x104 CMakeFiles/Pico-Clock-Green.dir/Users/max/pico/pico-sdk/src/rp2_common/hardware_clocks/clocks.c.obj
                0x0000000010006ef8                clock_configure
 .text.clocks_init
                0x0000000010006ffc      0x100 CMakeFiles/Pico-Clock-Green.dir/Users/max/pico/pico-sdk/src/rp2_common/hardware_clocks/clocks.c.obj
                0x0000000010006ffc                clocks_init
 .text.clock_get_hz
                0x00000000100070fc        0xc CMakeFiles/Pico-Clock-Green.dir/Users/max/pico/pico-sdk/src/rp2_common/hardware_clocks/clocks.c.obj
                0x00000000100070fc                clock_get_hz
 .text.pll_init
                0x0000000010007108      0x140 CMakeFiles/Pico-Clock-Green.dir/Users/max/pico/pico-sdk/src/rp2_common/hardware_pll/pll.c.obj
                0x0000000010007108                pll_init
 .text.watchdog_start_tick
                0x0000000010007248       0x10 CMakeFiles/Pico-Clock-Green.dir/Users/max/pico/pico-sdk/src/rp2_common/hardware_watchdog/watchdog.c.obj
                0x0000000010007248                watchdog_start_tick
 .text.xosc_init
                0x0000000010007258       0x28 CMakeFiles/Pico-Clock-Green.dir/Users/max/pico/pico-sdk/src/rp2_common/hardware_xosc/xosc.c.obj
                0x0000000010007258                xosc_init
 .text._out_buffer
                0x0000000010007280        0x8 CMakeFiles/Pico-Clock-Green.dir/Users/max/pico/pico-sdk/src/rp2_common/pico_printf/printf.c.obj
 .text._out_null
                0x0000000010007288        0x2 CMakeFiles/Pico-Clock-Green.dir/Users/max/pico/pico-sdk/src/rp2_common/pico_printf/printf.c.obj
 .text._out_fct
                0x000000001000728a        0xe CMakeFiles/Pico-Clock-Green.dir/Users/max/pico/pico-sdk/src/rp2_common/pico_printf/printf.c.obj
 .text._atoi    0x0000000010007298       0x24 CMakeFiles/Pico-Clock-Green.dir/Users/max/pico/pico-sdk/src/rp2_common/pico_printf/printf.c.obj
 .text._out_rev
                0x00000000100072bc       0xae CMakeFiles/Pico-Clock-Green.dir/Users/max/pico/pico-sdk/src/rp2_common/pico_printf/printf.c.obj
 .text._ntoa_format
                0x000000001000736a      0x112 CMakeFiles/Pico-Clock-Green.dir/Users/max/pico/pico-sdk/src/rp2_common/pico_printf/printf.c.obj
 .text._ntoa_long
                0x000000001000747c       0xbc CMakeFiles/Pico-Clock-Green.dir/Users/max/pico/pico-sdk/src/rp2_common/pico_printf/printf.c.obj
 .text._ntoa_long_long
                0x0000000010007538       0xe2 CMakeFiles/Pico-Clock-Green.dir/Users/max/pico/pico-sdk/src/rp2_common/pico_printf/printf.c.obj
 *fill*         0x000000001000761a        0x2 
 .text._etoa    0x000000001000761c      0x414 CMakeFiles/Pico-Clock-Green.dir/Users/max/pico/pico-sdk/src/rp2_common/pico_printf/printf.c.obj
 .text._ftoa    0x0000000010007a30      0x354 CMakeFiles/Pico-Clock-Green.dir/Users/max/pico/pico-sdk/src/rp2_common/pico_printf/printf.c.obj
 .text._vsnprintf
                0x0000000010007d84      0x624 CMakeFiles/Pico-Clock-Green.dir/Users/max/pico/pico-sdk/src/rp2_common/pico_printf/printf.c.obj
 .text.__wrap_sprintf
                0x00000000100083a8       0x28 CMakeFiles/Pico-Clock-Green.dir/Users/max/pico/pico-sdk/src/rp2_common/pico_printf/printf.c.obj
                0x00000000100083a8                __wrap_sprintf
 .text.vfctprintf
                0x00000000100083d0       0x20 CMakeFiles/Pico-Clock-Green.dir/Users/max/pico/pico-sdk/src/rp2_common/pico_printf/printf.c.obj
                0x00000000100083d0                vfctprintf
 .text          0x00000000100083f0       0x10 CMakeFiles/Pico-Clock-Green.dir/Users/max/pico/pico-sdk/src/rp2_common/pico_bit_ops/bit_ops_aeabi.S.obj
 .text.rom_func_lookup
                0x0000000010008400       0x10 CMakeFiles/Pico-Clock-Green.dir/Users/max/pico/pico-sdk/src/rp2_common/pico_bootrom/bootrom.c.obj
                0x0000000010008400                rom_func_lookup
 .text.rom_data_lookup
                0x0000000010008410       0x10 CMakeFiles/Pico-Clock-Green.dir/Users/max/pico/pico-sdk/src/rp2_common/pico_bootrom/bootrom.c.obj
                0x0000000010008410                rom_data_lookup
 .text.rom_funcs_lookup
                0x0000000010008420       0x36 CMakeFiles/Pico-Clock-Green.dir/Users/max/pico/pico-sdk/src/rp2_common/pico_bootrom/bootrom.c.obj
                0x0000000010008420                rom_funcs_lookup
 *fill*         0x0000000010008456        0x2 
 .text.__wrap___aeabi_idiv
                0x0000000010008458       0x50 CMakeFiles/Pico-Clock-Green.dir/Users/max/pico/pico-sdk/src/rp2_common/pico_divider/divider.S.obj
                0x0000000010008458                __wrap___aeabi_idivmod
                0x0000000010008458                divmod_s32s32
                0x0000000010008458                div_s32s32
                0x0000000010008458                __wrap___aeabi_idiv
                0x0000000010008460                divmod_s32s32_unsafe
                0x000000001000848c                divmod_s32s32_savestate
 .text.__wrap___aeabi_uidiv
                0x00000000100084a8       0x4c CMakeFiles/Pico-Clock-Green.dir/Users/max/pico/pico-sdk/src/rp2_common/pico_divider/divider.S.obj
                0x00000000100084a8                __wrap___aeabi_uidiv
                0x00000000100084a8                __wrap___aeabi_uidivmod
                0x00000000100084a8                div_u32u32
                0x00000000100084a8                divmod_u32u32
                0x00000000100084b0                divmod_u32u32_unsafe
                0x00000000100084d8                divmod_u32u32_savestate
 .text.__wrap___aeabi_ldiv
                0x00000000100084f4      0x434 CMakeFiles/Pico-Clock-Green.dir/Users/max/pico/pico-sdk/src/rp2_common/pico_divider/divider.S.obj
                0x00000000100084f4                __wrap___aeabi_ldivmod
                0x00000000100084f4                div_s64s64
                0x00000000100084f4                divmod_s64s64
                0x000000001000852c                divmod_u64u64
                0x000000001000852c                div_u64u64
                0x000000001000852c                __wrap___aeabi_uldivmod
                0x000000001000853c                divmod_u64u64_savestate
                0x0000000010008564                divmod_s64s64_unsafe
                0x00000000100085ec                divmod_u64u64_unsafe
 .text.__wrap___aeabi_darithmetic
                0x0000000010008928       0x80 CMakeFiles/Pico-Clock-Green.dir/Users/max/pico/pico-sdk/src/rp2_common/pico_double/double_aeabi.S.obj
                0x0000000010008928                __wrap___aeabi_drsub
                0x000000001000892e                __wrap___aeabi_dsub
                0x0000000010008940                __wrap___aeabi_dadd
                0x0000000010008952                __wrap___aeabi_ddiv
                0x000000001000898e                __wrap___aeabi_dmul
 .text.__wrap___aeabi_cdcmple
                0x00000000100089a8       0x6c CMakeFiles/Pico-Clock-Green.dir/Users/max/pico/pico-sdk/src/rp2_common/pico_double/double_aeabi.S.obj
                0x00000000100089a8                __wrap___aeabi_cdrcmple
                0x00000000100089b8                __wrap___aeabi_cdcmple
                0x00000000100089b8                __wrap___aeabi_cdcmpeq
 .text.__wrap___aeabi_dcmplt
                0x0000000010008a14        0xc CMakeFiles/Pico-Clock-Green.dir/Users/max/pico/pico-sdk/src/rp2_common/pico_double/double_aeabi.S.obj
                0x0000000010008a14                __wrap___aeabi_dcmplt
 .text.__wrap___aeabi_dcmple
                0x0000000010008a20       0x10 CMakeFiles/Pico-Clock-Green.dir/Users/max/pico/pico-sdk/src/rp2_common/pico_double/double_aeabi.S.obj
                0x0000000010008a20                __wrap___aeabi_dcmple
 .text.__wrap___aeabi_dcmpge
                0x0000000010008a30       0x10 CMakeFiles/Pico-Clock-Green.dir/Users/max/pico/pico-sdk/src/rp2_common/pico_double/double_aeabi.S.obj
                0x0000000010008a30                __wrap___aeabi_dcmpge
 .text.__wrap___aeabi_dcmpgt
                0x0000000010008a40        0xa CMakeFiles/Pico-Clock-Green.dir/Users/max/pico/pico-sdk/src/rp2_common/pico_double/double_aeabi.S.obj
                0x0000000010008a40                __wrap___aeabi_dcmpgt
 .text.__wrap___aeabi_dcmpun
                0x0000000010008a4a       0x1c CMakeFiles/Pico-Clock-Green.dir/Users/max/pico/pico-sdk/src/rp2_common/pico_double/double_aeabi.S.obj
                0x0000000010008a4a                __wrap___aeabi_dcmpun
 *fill*         0x0000000010008a66        0x2 
 .text.__wrap___aeabi_i2d
                0x0000000010008a68       0x38 CMakeFiles/Pico-Clock-Green.dir/Users/max/pico/pico-sdk/src/rp2_common/pico_double/double_aeabi.S.obj
                0x0000000010008a68                __wrap___aeabi_ui2d
                0x0000000010008a70                __wrap___aeabi_i2d
 .text.__wrap___aeabi_d2iz
                0x0000000010008aa0       0x48 CMakeFiles/Pico-Clock-Green.dir/Users/max/pico/pico-sdk/src/rp2_common/pico_double/double_aeabi.S.obj
                0x0000000010008aa0                __wrap___aeabi_d2iz
                0x0000000010008aa0                double2int_z
 .text.__wrap___aeabi_d2uiz
                0x0000000010008ae8       0x18 CMakeFiles/Pico-Clock-Green.dir/Users/max/pico/pico-sdk/src/rp2_common/pico_double/double_aeabi.S.obj
                0x0000000010008ae8                double2uint
                0x0000000010008ae8                __wrap___aeabi_d2uiz
 .text.__wrap___aeabi_d2f
                0x0000000010008b00       0x18 CMakeFiles/Pico-Clock-Green.dir/Users/max/pico/pico-sdk/src/rp2_common/pico_double/double_aeabi.S.obj
                0x0000000010008b00                __wrap___aeabi_d2f
 .text.__aeabi_double_init
                0x0000000010008b18       0xc8 CMakeFiles/Pico-Clock-Green.dir/Users/max/pico/pico-sdk/src/rp2_common/pico_double/double_init_rom.c.obj
                0x0000000010008b18                __aeabi_double_init
 .text.double_table_shim_on_use_helper
                0x0000000010008be0       0x34 CMakeFiles/Pico-Clock-Green.dir/Users/max/pico/pico-sdk/src/rp2_common/pico_double/double_v1_rom_shim.S.obj
                0x0000000010008be0                double_table_shim_on_use_helper
 .text.__wrap___aeabi_dsub
                0x0000000010008c14       0x10 CMakeFiles/Pico-Clock-Green.dir/Users/max/pico/pico-sdk/src/rp2_common/pico_double/double_v1_rom_shim.S.obj
                0x0000000010008c14                drsub_shim
                0x0000000010008c1a                dsub_shim
 .text.dadd_shim
                0x0000000010008c24      0x15c CMakeFiles/Pico-Clock-Green.dir/Users/max/pico/pico-sdk/src/rp2_common/pico_double/double_v1_rom_shim.S.obj
                0x0000000010008c24                dadd_shim
 .text.dmul_shim
                0x0000000010008d80      0x15c CMakeFiles/Pico-Clock-Green.dir/Users/max/pico/pico-sdk/src/rp2_common/pico_double/double_v1_rom_shim.S.obj
                0x0000000010008d80                dmul_shim
 .text.ddiv_shim
                0x0000000010008edc      0x1b0 CMakeFiles/Pico-Clock-Green.dir/Users/max/pico/pico-sdk/src/rp2_common/pico_double/double_v1_rom_shim.S.obj
                0x0000000010008edc                ddiv_shim
 .text.double2uint_shim
                0x000000001000908c        0xe CMakeFiles/Pico-Clock-Green.dir/Users/max/pico/pico-sdk/src/rp2_common/pico_double/double_v1_rom_shim.S.obj
                0x000000001000908c                double2uint_shim
                0x000000001000908e                double2ufix_shim
 *fill*         0x000000001000909a        0x2 
 .text.double2uint64_shim
                0x000000001000909c       0x70 CMakeFiles/Pico-Clock-Green.dir/Users/max/pico/pico-sdk/src/rp2_common/pico_double/double_v1_rom_shim.S.obj
                0x000000001000909c                double2uint64_shim
                0x000000001000909e                double2ufix64_shim
                0x00000000100090be                d2fix_a
 .text.double2float_shim
                0x000000001000910c       0x5c CMakeFiles/Pico-Clock-Green.dir/Users/max/pico/pico-sdk/src/rp2_common/pico_double/double_v1_rom_shim.S.obj
                0x000000001000910c                double2float_shim
 .text.dunpacks
                0x0000000010009168       0x3c CMakeFiles/Pico-Clock-Green.dir/Users/max/pico/pico-sdk/src/rp2_common/pico_double/double_v1_rom_shim.S.obj
                0x0000000010009168                dunpacks
 .text.__aeabi_lmul
                0x00000000100091a4       0x32 CMakeFiles/Pico-Clock-Green.dir/Users/max/pico/pico-sdk/src/rp2_common/pico_int64_ops/pico_int64_ops_aeabi.S.obj
                0x00000000100091a4                __wrap___aeabi_lmul
 *fill*         0x00000000100091d6        0x2 
 .text.__wrap___aeabi_farithmetic
                0x00000000100091d8       0x58 CMakeFiles/Pico-Clock-Green.dir/Users/max/pico/pico-sdk/src/rp2_common/pico_float/float_aeabi.S.obj
                0x00000000100091d8                __wrap___aeabi_frsub
                0x00000000100091de                __wrap___aeabi_fsub
                0x00000000100091e8                __wrap___aeabi_fadd
                0x00000000100091f2                __wrap___aeabi_fdiv
                0x000000001000921e                __wrap___aeabi_fmul
 .text.__wrap___aeabi_ui2f
                0x0000000010009230        0xa CMakeFiles/Pico-Clock-Green.dir/Users/max/pico/pico-sdk/src/rp2_common/pico_float/float_aeabi.S.obj
                0x0000000010009230                __wrap___aeabi_ui2f
 *fill*         0x000000001000923a        0x2 
 .text.__wrap___aeabi_i2f
                0x000000001000923c       0x44 CMakeFiles/Pico-Clock-Green.dir/Users/max/pico/pico-sdk/src/rp2_common/pico_float/float_aeabi.S.obj
                0x000000001000923c                __wrap___aeabi_i2f
 .text.__wrap___aeabi_f2uiz
                0x0000000010009280       0x10 CMakeFiles/Pico-Clock-Green.dir/Users/max/pico/pico-sdk/src/rp2_common/pico_float/float_aeabi.S.obj
                0x0000000010009280                __wrap___aeabi_f2uiz
 .text.__wrap___aeabi_f2d
                0x0000000010009290       0x14 CMakeFiles/Pico-Clock-Green.dir/Users/max/pico/pico-sdk/src/rp2_common/pico_float/float_aeabi.S.obj
                0x0000000010009290                __wrap___aeabi_f2d
 .text.__aeabi_float_init
                0x00000000100092a4       0xfc CMakeFiles/Pico-Clock-Green.dir/Users/max/pico/pico-sdk/src/rp2_common/pico_float/float_init_rom.c.obj
                0x00000000100092a4                __aeabi_float_init
 .text.float_table_shim_on_use_helper
                0x00000000100093a0       0x34 CMakeFiles/Pico-Clock-Green.dir/Users/max/pico/pico-sdk/src/rp2_common/pico_float/float_v1_rom_shim.S.obj
                0x00000000100093a0                float_table_shim_on_use_helper
 .text.float2double_shim
                0x00000000100093d4       0x30 CMakeFiles/Pico-Clock-Green.dir/Users/max/pico/pico-sdk/src/rp2_common/pico_float/float_v1_rom_shim.S.obj
                0x00000000100093d4                float2double_shim
 .text          0x0000000010009404       0x10 CMakeFiles/Pico-Clock-Green.dir/Users/max/pico/pico-sdk/src/rp2_common/pico_mem_ops/mem_ops_aeabi.S.obj
                0x0000000010009404                __aeabi_mem_init
 .text.memset   0x0000000010009414        0xc CMakeFiles/Pico-Clock-Green.dir/Users/max/pico/pico-sdk/src/rp2_common/pico_mem_ops/mem_ops_aeabi.S.obj
                0x0000000010009414                __wrap_memset
 .text.memcpy   0x0000000010009420        0xc CMakeFiles/Pico-Clock-Green.dir/Users/max/pico/pico-sdk/src/rp2_common/pico_mem_ops/mem_ops_aeabi.S.obj
                0x0000000010009420                __wrap___aeabi_memcpy
                0x0000000010009420                __wrap_memcpy
 .text.stdio_out_chars_no_crlf
                0x000000001000942c        0xe CMakeFiles/Pico-Clock-Green.dir/Users/max/pico/pico-sdk/src/rp2_common/pico_stdio/stdio.c.obj
 *fill*         0x000000001000943a        0x2 
 .text.stdio_out_chars_crlf
                0x000000001000943c       0x80 CMakeFiles/Pico-Clock-Green.dir/Users/max/pico/pico-sdk/src/rp2_common/pico_stdio/stdio.c.obj
 .text.stdio_stack_buffer_flush
                0x00000000100094bc       0x44 CMakeFiles/Pico-Clock-Green.dir/Users/max/pico/pico-sdk/src/rp2_common/pico_stdio/stdio.c.obj
 .text.stdio_buffered_printer
                0x0000000010009500       0x20 CMakeFiles/Pico-Clock-Green.dir/Users/max/pico/pico-sdk/src/rp2_common/pico_stdio/stdio.c.obj
 .text.stdout_serialize_begin
                0x0000000010009520       0x30 CMakeFiles/Pico-Clock-Green.dir/Users/max/pico/pico-sdk/src/rp2_common/pico_stdio/stdio.c.obj
                0x0000000010009520                stdout_serialize_begin
 .text.stdout_serialize_end
                0x0000000010009550       0x10 CMakeFiles/Pico-Clock-Green.dir/Users/max/pico/pico-sdk/src/rp2_common/pico_stdio/stdio.c.obj
                0x0000000010009550                stdout_serialize_end
 .text.stdio_put_string
                0x0000000010009560       0x98 CMakeFiles/Pico-Clock-Green.dir/Users/max/pico/pico-sdk/src/rp2_common/pico_stdio/stdio.c.obj
 .text.stdio_set_driver_enabled
                0x00000000100095f8       0x2c CMakeFiles/Pico-Clock-Green.dir/Users/max/pico/pico-sdk/src/rp2_common/pico_stdio/stdio.c.obj
                0x00000000100095f8                stdio_set_driver_enabled
 .text.stdio_flush
                0x0000000010009624       0x20 CMakeFiles/Pico-Clock-Green.dir/Users/max/pico/pico-sdk/src/rp2_common/pico_stdio/stdio.c.obj
                0x0000000010009624                stdio_flush
 .text.__wrap_puts
                0x0000000010009644       0x1e CMakeFiles/Pico-Clock-Green.dir/Users/max/pico/pico-sdk/src/rp2_common/pico_stdio/stdio.c.obj
                0x0000000010009644                __wrap_puts
 *fill*         0x0000000010009662        0x2 
 .text.__wrap_vprintf
                0x0000000010009664       0x44 CMakeFiles/Pico-Clock-Green.dir/Users/max/pico/pico-sdk/src/rp2_common/pico_stdio/stdio.c.obj
                0x0000000010009664                __wrap_vprintf
 .text.__wrap_printf
                0x00000000100096a8       0x18 CMakeFiles/Pico-Clock-Green.dir/Users/max/pico/pico-sdk/src/rp2_common/pico_stdio/stdio.c.obj
                0x00000000100096a8                __wrap_printf
 .text.stdio_init_all
                0x00000000100096c0        0x8 CMakeFiles/Pico-Clock-Green.dir/Users/max/pico/pico-sdk/src/rp2_common/pico_stdio/stdio.c.obj
                0x00000000100096c0                stdio_init_all
 .text.stdio_uart_out_chars
                0x00000000100096c8       0x74 CMakeFiles/Pico-Clock-Green.dir/Users/max/pico/pico-sdk/src/rp2_common/pico_stdio_uart/stdio_uart.c.obj
 .text.stdio_uart_in_chars
                0x000000001000973c       0x58 CMakeFiles/Pico-Clock-Green.dir/Users/max/pico/pico-sdk/src/rp2_common/pico_stdio_uart/stdio_uart.c.obj
                0x000000001000973c                stdio_uart_in_chars
 .text.stdio_uart_init_full
                0x0000000010009794       0x3c CMakeFiles/Pico-Clock-Green.dir/Users/max/pico/pico-sdk/src/rp2_common/pico_stdio_uart/stdio_uart.c.obj
                0x0000000010009794                stdio_uart_init_full
 .text.stdio_uart_init
                0x00000000100097d0       0x28 CMakeFiles/Pico-Clock-Green.dir/Users/max/pico/pico-sdk/src/rp2_common/pico_stdio_uart/stdio_uart.c.obj
                0x00000000100097d0                stdio_uart_init
 .text.i2c_write_blocking_internal
                0x00000000100097f8      0x140 CMakeFiles/Pico-Clock-Green.dir/Users/max/pico/pico-sdk/src/rp2_common/hardware_i2c/i2c.c.obj
 .text.i2c_read_blocking_internal
                0x0000000010009938       0xe6 CMakeFiles/Pico-Clock-Green.dir/Users/max/pico/pico-sdk/src/rp2_common/hardware_i2c/i2c.c.obj
 *fill*         0x0000000010009a1e        0x2 
 .text.i2c_set_baudrate
                0x0000000010009a20       0xf0 CMakeFiles/Pico-Clock-Green.dir/Users/max/pico/pico-sdk/src/rp2_common/hardware_i2c/i2c.c.obj
                0x0000000010009a20                i2c_set_baudrate
 .text.i2c_init
                0x0000000010009b10       0x58 CMakeFiles/Pico-Clock-Green.dir/Users/max/pico/pico-sdk/src/rp2_common/hardware_i2c/i2c.c.obj
                0x0000000010009b10                i2c_init
 .text.i2c_write_blocking
                0x0000000010009b68       0x18 CMakeFiles/Pico-Clock-Green.dir/Users/max/pico/pico-sdk/src/rp2_common/hardware_i2c/i2c.c.obj
                0x0000000010009b68                i2c_write_blocking
 .text.i2c_read_blocking
                0x0000000010009b80       0x18 CMakeFiles/Pico-Clock-Green.dir/Users/max/pico/pico-sdk/src/rp2_common/hardware_i2c/i2c.c.obj
                0x0000000010009b80                i2c_read_blocking
 .text.adc_init
                0x0000000010009b98       0x34 CMakeFiles/Pico-Clock-Green.dir/Users/max/pico/pico-sdk/src/rp2_common/hardware_adc/adc.c.obj
                0x0000000010009b98                adc_init
 .text._retrieve_unique_id_on_boot
                0x0000000010009bcc       0x10 CMakeFiles/Pico-Clock-Green.dir/Users/max/pico/pico-sdk/src/rp2_common/pico_unique_id/unique_id.c.obj
 .text.pico_get_unique_board_id
                0x0000000010009bdc       0x10 CMakeFiles/Pico-Clock-Green.dir/Users/max/pico/pico-sdk/src/rp2_common/pico_unique_id/unique_id.c.obj
                0x0000000010009bdc                pico_get_unique_board_id
 .text.flash_get_unique_id
                0x0000000010009bec       0x46 CMakeFiles/Pico-Clock-Green.dir/Users/max/pico/pico-sdk/src/rp2_common/hardware_flash/flash.c.obj
                0x0000000010009bec                flash_get_unique_id
 *fill*         0x0000000010009c32        0x2 
 .text.srand    0x0000000010009c34       0x14 /usr/local/Cellar/arm-none-eabi-gcc/10.3-2021.07/gcc/bin/../lib/gcc/arm-none-eabi/10.3.1/../../../../arm-none-eabi/lib/thumb/v6-m/nofp/libg.a(lib_a-rand.o)
                0x0000000010009c34                srand
 .text.rand     0x0000000010009c48       0x34 /usr/local/Cellar/arm-none-eabi-gcc/10.3-2021.07/gcc/bin/../lib/gcc/arm-none-eabi/10.3.1/../../../../arm-none-eabi/lib/thumb/v6-m/nofp/libg.a(lib_a-rand.o)
                0x0000000010009c48                rand
 .text          0x0000000010009c7c       0x88 /usr/local/Cellar/arm-none-eabi-gcc/10.3-2021.07/gcc/bin/../lib/gcc/arm-none-eabi/10.3.1/../../../../arm-none-eabi/lib/thumb/v6-m/nofp/libg.a(lib_a-strcmp.o)
                0x0000000010009c7c                strcmp
 .text.strlen   0x0000000010009d04       0x5c /usr/local/Cellar/arm-none-eabi-gcc/10.3-2021.07/gcc/bin/../lib/gcc/arm-none-eabi/10.3.1/../../../../arm-none-eabi/lib/thumb/v6-m/nofp/libg.a(lib_a-strlen-stub.o)
                0x0000000010009d04                strlen
 *(.fini)
 .fini          0x0000000010009d60        0x4 /usr/local/Cellar/arm-none-eabi-gcc/10.3-2021.07/gcc/bin/../lib/gcc/arm-none-eabi/10.3.1/thumb/v6-m/nofp/crti.o
                0x0000000010009d60                _fini
 *fill*         0x0000000010009d64        0x4 
 .fini.__stub   0x0000000010009d68       0x70 linker stubs
 *crtbegin.o(.ctors)
 *crtbegin?.o(.ctors)
 *(EXCLUDE_FILE(*crtend.o *crtend?.o) .ctors)
 *(SORT_BY_NAME(.ctors.*))
 *(.ctors)
 *crtbegin.o(.dtors)
 *crtbegin?.o(.dtors)
 *(EXCLUDE_FILE(*crtend.o *crtend?.o) .dtors)
 *(SORT_BY_NAME(.dtors.*))
 *(.dtors)
 *(.eh_frame*)
 .eh_frame      0x0000000010009dd8        0x0 /usr/local/Cellar/arm-none-eabi-gcc/10.3-2021.07/gcc/bin/../lib/gcc/arm-none-eabi/10.3.1/thumb/v6-m/nofp/crtbegin.o
                0x0000000010009dd8                . = ALIGN (0x4)

.glue_7         0x0000000010009dd8        0x0
 .glue_7        0x0000000010009dd8        0x0 linker stubs

.glue_7t        0x0000000010009dd8        0x0
 .glue_7t       0x0000000010009dd8        0x0 linker stubs

.vfp11_veneer   0x0000000010009dd8        0x0
 .vfp11_veneer  0x0000000010009dd8        0x0 linker stubs

.v4_bx          0x0000000010009dd8        0x0
 .v4_bx         0x0000000010009dd8        0x0 linker stubs

.iplt           0x0000000010009dd8        0x0
 .iplt          0x0000000010009dd8        0x0 /usr/local/Cellar/arm-none-eabi-gcc/10.3-2021.07/gcc/bin/../lib/gcc/arm-none-eabi/10.3.1/thumb/v6-m/nofp/crtbegin.o

.rodata         0x0000000010009dd8     0x18c0
 *(EXCLUDE_FILE(*libm.a: *libc.a:*lib_a-mem*.o *libgcc.a:) .rodata*)
 .rodata.date_stamp.str1.4
                0x0000000010009dd8       0x2b CMakeFiles/Pico-Clock-Green.dir/Pico-Clock-Green.c.obj
 *fill*         0x0000000010009e03        0x1 
 .rodata.timer_callback_us.str1.4
                0x0000000010009e04        0x6 CMakeFiles/Pico-Clock-Green.dir/Pico-Clock-Green.c.obj
 *fill*         0x0000000010009e0a        0x2 
 .rodata.get_date_string.str1.4
                0x0000000010009e0c       0x49 CMakeFiles/Pico-Clock-Green.dir/Pico-Clock-Green.c.obj
 *fill*         0x0000000010009e55        0x3 
 .rodata.get_date_string
                0x0000000010009e58       0x80 CMakeFiles/Pico-Clock-Green.dir/Pico-Clock-Green.c.obj
 .rodata.get_month_days
                0x0000000010009ed8       0x68 CMakeFiles/Pico-Clock-Green.dir/Pico-Clock-Green.c.obj
 .rodata.get_pico_temperature.str1.4
                0x0000000010009f40       0x11 CMakeFiles/Pico-Clock-Green.dir/Pico-Clock-Green.c.obj
 *fill*         0x0000000010009f51        0x3 
 .rodata.get_voltage.str1.4
                0x0000000010009f54        0xc CMakeFiles/Pico-Clock-Green.dir/Pico-Clock-Green.c.obj
 .rodata.get_weekday
                0x0000000010009f60       0x1c CMakeFiles/Pico-Clock-Green.dir/Pico-Clock-Green.c.obj
 .rodata.process_scroll_queue.str1.4
                0x0000000010009f7c      0x18f CMakeFiles/Pico-Clock-Green.dir/Pico-Clock-Green.c.obj
                                        0x193 (size before relaxing)
 *fill*         0x000000001000a10b        0x1 
 .rodata.process_scroll_queue
                0x000000001000a10c       0x34 CMakeFiles/Pico-Clock-Green.dir/Pico-Clock-Green.c.obj
 .rodata.select_weekday
                0x000000001000a140       0x2c CMakeFiles/Pico-Clock-Green.dir/Pico-Clock-Green.c.obj
 .rodata.uart_send.str1.4
                0x000000001000a16c       0x12 CMakeFiles/Pico-Clock-Green.dir/Pico-Clock-Green.c.obj
 *fill*         0x000000001000a17e        0x2 
 .rodata.main.str1.4
                0x000000001000a180      0x148 CMakeFiles/Pico-Clock-Green.dir/Pico-Clock-Green.c.obj
 .rodata.timer_callback_s.str1.4
                0x000000001000a2c8       0x96 CMakeFiles/Pico-Clock-Green.dir/Pico-Clock-Green.c.obj
 *fill*         0x000000001000a35e        0x2 
 .rodata.CharacterMap
                0x000000001000a360      0x24d CMakeFiles/Pico-Clock-Green.dir/Pico-Clock-Green.c.obj
                0x000000001000a360                CharacterMap
 *fill*         0x000000001000a5ad        0x3 
 .rodata        0x000000001000a5b0        0x3 CMakeFiles/Pico-Clock-Green.dir/Ds3231.c.obj
 *fill*         0x000000001000a5b3        0x1 
 .rodata.make_branch.str1.4
                0x000000001000a5b4       0x6b CMakeFiles/Pico-Clock-Green.dir/Users/max/pico/pico-sdk/src/rp2_common/hardware_irq/irq.c.obj
 *fill*         0x000000001000a61f        0x1 
 .rodata.insert_branch_and_link.str1.4
                0x000000001000a620       0x10 CMakeFiles/Pico-Clock-Green.dir/Users/max/pico/pico-sdk/src/rp2_common/hardware_irq/irq.c.obj
 .rodata.irq_set_exclusive_handler.str1.4
                0x000000001000a630       0x36 CMakeFiles/Pico-Clock-Green.dir/Users/max/pico/pico-sdk/src/rp2_common/hardware_irq/irq.c.obj
 *fill*         0x000000001000a666        0x2 
 .rodata.irq_add_shared_handler.str1.4
                0x000000001000a668       0xd9 CMakeFiles/Pico-Clock-Green.dir/Users/max/pico/pico-sdk/src/rp2_common/hardware_irq/irq.c.obj
 *fill*         0x000000001000a741        0x3 
 .rodata.irq_remove_handler.str1.4
                0x000000001000a744       0x2a CMakeFiles/Pico-Clock-Green.dir/Users/max/pico/pico-sdk/src/rp2_common/hardware_irq/irq.c.obj
 *fill*         0x000000001000a76e        0x2 
 .rodata.irq_add_tail_to_free_list.str1.4
                0x000000001000a770       0x3a CMakeFiles/Pico-Clock-Green.dir/Users/max/pico/pico-sdk/src/rp2_common/hardware_irq/irq.c.obj
 *fill*         0x000000001000a7aa        0x2 
 .rodata.__func__.0
                0x000000001000a7ac       0x1a CMakeFiles/Pico-Clock-Green.dir/Users/max/pico/pico-sdk/src/rp2_common/hardware_irq/irq.c.obj
 *fill*         0x000000001000a7c6        0x2 
 .rodata.__func__.1
                0x000000001000a7c8       0x17 CMakeFiles/Pico-Clock-Green.dir/Users/max/pico/pico-sdk/src/rp2_common/hardware_irq/irq.c.obj
 *fill*         0x000000001000a7df        0x1 
 .rodata.__func__.2
                0x000000001000a7e0       0x13 CMakeFiles/Pico-Clock-Green.dir/Users/max/pico/pico-sdk/src/rp2_common/hardware_irq/irq.c.obj
 *fill*         0x000000001000a7f3        0x1 
 .rodata.__func__.3
                0x000000001000a7f4        0xc CMakeFiles/Pico-Clock-Green.dir/Users/max/pico/pico-sdk/src/rp2_common/hardware_irq/irq.c.obj
 .rodata.__func__.4
                0x000000001000a800        0xf CMakeFiles/Pico-Clock-Green.dir/Users/max/pico/pico-sdk/src/rp2_common/hardware_irq/irq.c.obj
 *fill*         0x000000001000a80f        0x1 
 .rodata.__func__.6
                0x000000001000a810       0x1a CMakeFiles/Pico-Clock-Green.dir/Users/max/pico/pico-sdk/src/rp2_common/hardware_irq/irq.c.obj
 *fill*         0x000000001000a82a        0x2 
 .rodata.repeating_timer_callback.str1.4
                0x000000001000a82c       0x49 CMakeFiles/Pico-Clock-Green.dir/Users/max/pico/pico-sdk/src/common/pico_time/time.c.obj
 *fill*         0x000000001000a875        0x3 
 .rodata.alarm_pool_dump_key.str1.4
                0x000000001000a878       0x33 CMakeFiles/Pico-Clock-Green.dir/Users/max/pico/pico-sdk/src/common/pico_time/time.c.obj
 *fill*         0x000000001000a8ab        0x1 
 .rodata.ph_add_child_node.str1.4
                0x000000001000a8ac       0x92 CMakeFiles/Pico-Clock-Green.dir/Users/max/pico/pico-sdk/src/common/pico_time/time.c.obj
 *fill*         0x000000001000a93e        0x2 
 .rodata.add_alarm_under_lock.str1.4
                0x000000001000a940       0x28 CMakeFiles/Pico-Clock-Green.dir/Users/max/pico/pico-sdk/src/common/pico_time/time.c.obj
                                         0x2b (size before relaxing)
 .rodata.alarm_pool_alarm_callback.str1.4
                0x000000001000a968       0xe2 CMakeFiles/Pico-Clock-Green.dir/Users/max/pico/pico-sdk/src/common/pico_time/time.c.obj
 *fill*         0x000000001000aa4a        0x2 
 .rodata.alarm_pool_get_default.str1.4
                0x000000001000aa4c       0x21 CMakeFiles/Pico-Clock-Green.dir/Users/max/pico/pico-sdk/src/common/pico_time/time.c.obj
 *fill*         0x000000001000aa6d        0x3 
 .rodata.alarm_pool_cancel_alarm.str1.4
                0x000000001000aa70       0x27 CMakeFiles/Pico-Clock-Green.dir/Users/max/pico/pico-sdk/src/common/pico_time/time.c.obj
 *fill*         0x000000001000aa97        0x1 
 .rodata.sleep_until.str1.4
                0x000000001000aa98       0x4d CMakeFiles/Pico-Clock-Green.dir/Users/max/pico/pico-sdk/src/common/pico_time/time.c.obj
 *fill*         0x000000001000aae5        0x3 
 .rodata.__func__.0
                0x000000001000aae8       0x19 CMakeFiles/Pico-Clock-Green.dir/Users/max/pico/pico-sdk/src/common/pico_time/time.c.obj
 *fill*         0x000000001000ab01        0x3 
 .rodata.__func__.1
                0x000000001000ab04       0x18 CMakeFiles/Pico-Clock-Green.dir/Users/max/pico/pico-sdk/src/common/pico_time/time.c.obj
 .rodata.__func__.10
                0x000000001000ab1c       0x15 CMakeFiles/Pico-Clock-Green.dir/Users/max/pico/pico-sdk/src/common/pico_time/time.c.obj
 *fill*         0x000000001000ab31        0x3 
 .rodata.__func__.11
                0x000000001000ab34       0x1a CMakeFiles/Pico-Clock-Green.dir/Users/max/pico/pico-sdk/src/common/pico_time/time.c.obj
 *fill*         0x000000001000ab4e        0x2 
 .rodata.__func__.12
                0x000000001000ab50        0xa CMakeFiles/Pico-Clock-Green.dir/Users/max/pico/pico-sdk/src/common/pico_time/time.c.obj
 *fill*         0x000000001000ab5a        0x2 
 .rodata.__func__.3
                0x000000001000ab5c       0x17 CMakeFiles/Pico-Clock-Green.dir/Users/max/pico/pico-sdk/src/common/pico_time/time.c.obj
 *fill*         0x000000001000ab73        0x1 
 .rodata.__func__.4
                0x000000001000ab74       0x12 CMakeFiles/Pico-Clock-Green.dir/Users/max/pico/pico-sdk/src/common/pico_time/time.c.obj
 *fill*         0x000000001000ab86        0x2 
 .rodata.__func__.5
                0x000000001000ab88        0xd CMakeFiles/Pico-Clock-Green.dir/Users/max/pico/pico-sdk/src/common/pico_time/time.c.obj
 *fill*         0x000000001000ab95        0x3 
 .rodata.__func__.6
                0x000000001000ab98       0x12 CMakeFiles/Pico-Clock-Green.dir/Users/max/pico/pico-sdk/src/common/pico_time/time.c.obj
 *fill*         0x000000001000abaa        0x2 
 .rodata.__func__.7
                0x000000001000abac        0xf CMakeFiles/Pico-Clock-Green.dir/Users/max/pico/pico-sdk/src/common/pico_time/time.c.obj
 *fill*         0x000000001000abbb        0x1 
 .rodata.__func__.8
                0x000000001000abbc        0xc CMakeFiles/Pico-Clock-Green.dir/Users/max/pico/pico-sdk/src/common/pico_time/time.c.obj
 .rodata.__func__.9
                0x000000001000abc8       0x15 CMakeFiles/Pico-Clock-Green.dir/Users/max/pico/pico-sdk/src/common/pico_time/time.c.obj
 *fill*         0x000000001000abdd        0x3 
 .rodata.hardware_alarm_claim.str1.4
                0x000000001000abe0       0x22 CMakeFiles/Pico-Clock-Green.dir/Users/max/pico/pico-sdk/src/rp2_common/hardware_timer/timer.c.obj
 *fill*         0x000000001000ac02        0x2 
 .rodata.hardware_alarm_set_target.str1.4
                0x000000001000ac04       0x63 CMakeFiles/Pico-Clock-Green.dir/Users/max/pico/pico-sdk/src/rp2_common/hardware_timer/timer.c.obj
 *fill*         0x000000001000ac67        0x1 
 .rodata.__func__.0
                0x000000001000ac68       0x1a CMakeFiles/Pico-Clock-Green.dir/Users/max/pico/pico-sdk/src/rp2_common/hardware_timer/timer.c.obj
 .rodata.ph_add_child_node.str1.4
                0x000000001000ac82       0x92 CMakeFiles/Pico-Clock-Green.dir/Users/max/pico/pico-sdk/src/common/pico_util/pheap.c.obj
 *fill*         0x000000001000ac82        0x2 
 .rodata.ph_remove_any_head.str1.4
                0x000000001000ac84       0x8c CMakeFiles/Pico-Clock-Green.dir/Users/max/pico/pico-sdk/src/common/pico_util/pheap.c.obj
 .rodata.ph_remove_and_free_node.str1.4
                0x000000001000ad10       0x1e CMakeFiles/Pico-Clock-Green.dir/Users/max/pico/pico-sdk/src/common/pico_util/pheap.c.obj
                                         0x26 (size before relaxing)
 *fill*         0x000000001000ad2e        0x2 
 .rodata.__func__.0
                0x000000001000ad30       0x18 CMakeFiles/Pico-Clock-Green.dir/Users/max/pico/pico-sdk/src/common/pico_util/pheap.c.obj
 .rodata.__func__.1
                0x000000001000ad48       0x13 CMakeFiles/Pico-Clock-Green.dir/Users/max/pico/pico-sdk/src/common/pico_util/pheap.c.obj
 *fill*         0x000000001000ad5b        0x1 
 .rodata.__func__.2
                0x000000001000ad5c       0x12 CMakeFiles/Pico-Clock-Green.dir/Users/max/pico/pico-sdk/src/common/pico_util/pheap.c.obj
 *fill*         0x000000001000ad6e        0x2 
 .rodata.__func__.3
                0x000000001000ad70        0xc CMakeFiles/Pico-Clock-Green.dir/Users/max/pico/pico-sdk/src/common/pico_util/pheap.c.obj
 .rodata.str1.4
                0x000000001000ad7c       0x89 CMakeFiles/Pico-Clock-Green.dir/Users/max/pico/pico-sdk/src/common/pico_sync/mutex.c.obj
                                         0xe9 (size before relaxing)
 *fill*         0x000000001000ae05        0x3 
 .rodata.__func__.1
                0x000000001000ae08        0xb CMakeFiles/Pico-Clock-Green.dir/Users/max/pico/pico-sdk/src/common/pico_sync/mutex.c.obj
 *fill*         0x000000001000ae13        0x1 
 .rodata.__assert_func.str1.4
                0x000000001000ae14       0x3f CMakeFiles/Pico-Clock-Green.dir/Users/max/pico/pico-sdk/src/rp2_common/pico_runtime/runtime.c.obj
                                         0x43 (size before relaxing)
 *fill*         0x000000001000ae53        0x1 
 .rodata.runtime_init.str1.4
                0x000000001000ae54       0x5f CMakeFiles/Pico-Clock-Green.dir/Users/max/pico/pico-sdk/src/rp2_common/pico_runtime/runtime.c.obj
 *fill*         0x000000001000aeb3        0x1 
 .rodata.panic.str1.4
                0x000000001000aeb4       0x12 CMakeFiles/Pico-Clock-Green.dir/Users/max/pico/pico-sdk/src/rp2_common/pico_runtime/runtime.c.obj
 *fill*         0x000000001000aec6        0x2 
 .rodata.__func__.1
                0x000000001000aec8        0xd CMakeFiles/Pico-Clock-Green.dir/Users/max/pico/pico-sdk/src/rp2_common/pico_runtime/runtime.c.obj
 *fill*         0x000000001000aed5        0x3 
 .rodata.clock_configure.str1.4
                0x000000001000aed8       0x55 CMakeFiles/Pico-Clock-Green.dir/Users/max/pico/pico-sdk/src/rp2_common/hardware_clocks/clocks.c.obj
 *fill*         0x000000001000af2d        0x3 
 .rodata.__func__.1
                0x000000001000af30       0x10 CMakeFiles/Pico-Clock-Green.dir/Users/max/pico/pico-sdk/src/rp2_common/hardware_clocks/clocks.c.obj
 .rodata.pll_init.str1.4
                0x000000001000af40      0x137 CMakeFiles/Pico-Clock-Green.dir/Users/max/pico/pico-sdk/src/rp2_common/hardware_pll/pll.c.obj
 *fill*         0x000000001000b077        0x1 
 .rodata.__func__.0
                0x000000001000b078        0x9 CMakeFiles/Pico-Clock-Green.dir/Users/max/pico/pico-sdk/src/rp2_common/hardware_pll/pll.c.obj
 *fill*         0x000000001000b081        0x3 
 .rodata._ftoa.str1.4
                0x000000001000b084       0x15 CMakeFiles/Pico-Clock-Green.dir/Users/max/pico/pico-sdk/src/rp2_common/pico_printf/printf.c.obj
 *fill*         0x000000001000b099        0x3 
 .rodata._vsnprintf
                0x000000001000b09c      0x1e0 CMakeFiles/Pico-Clock-Green.dir/Users/max/pico/pico-sdk/src/rp2_common/pico_printf/printf.c.obj
 *fill*         0x000000001000b27c        0x4 
 .rodata.pow10.0
                0x000000001000b280       0x50 CMakeFiles/Pico-Clock-Green.dir/Users/max/pico/pico-sdk/src/rp2_common/pico_printf/printf.c.obj
 .rodata.__aeabi_double_init.str1.4
                0x000000001000b2d0       0xa6 CMakeFiles/Pico-Clock-Green.dir/Users/max/pico/pico-sdk/src/rp2_common/pico_double/double_init_rom.c.obj
 *fill*         0x000000001000b376        0x2 
 .rodata.__func__.0
                0x000000001000b378       0x14 CMakeFiles/Pico-Clock-Green.dir/Users/max/pico/pico-sdk/src/rp2_common/pico_double/double_init_rom.c.obj
 .rodata.__aeabi_float_init.str1.4
                0x000000001000b38c       0x78 CMakeFiles/Pico-Clock-Green.dir/Users/max/pico/pico-sdk/src/rp2_common/pico_float/float_init_rom.c.obj
                                         0x7c (size before relaxing)
 .rodata.__func__.0
                0x000000001000b404       0x13 CMakeFiles/Pico-Clock-Green.dir/Users/max/pico/pico-sdk/src/rp2_common/pico_float/float_init_rom.c.obj
 *fill*         0x000000001000b417        0x1 
 .rodata.str1.4
                0x000000001000b418       0x40 CMakeFiles/Pico-Clock-Green.dir/Users/max/pico/pico-sdk/src/rp2_common/pico_standard_link/binary_info.c.obj
                                         0x48 (size before relaxing)
 .rodata.__bi_44
                0x000000001000b458        0xc CMakeFiles/Pico-Clock-Green.dir/Users/max/pico/pico-sdk/src/rp2_common/pico_standard_link/binary_info.c.obj
 .rodata.__bi_75
                0x000000001000b464        0xc CMakeFiles/Pico-Clock-Green.dir/Users/max/pico/pico-sdk/src/rp2_common/pico_standard_link/binary_info.c.obj
 .rodata.__bi_81
                0x000000001000b470        0xc CMakeFiles/Pico-Clock-Green.dir/Users/max/pico/pico-sdk/src/rp2_common/pico_standard_link/binary_info.c.obj
 .rodata.crlf_str.3
                0x000000001000b47c        0x2 CMakeFiles/Pico-Clock-Green.dir/Users/max/pico/pico-sdk/src/rp2_common/pico_stdio/stdio.c.obj
 *fill*         0x000000001000b47e        0x2 
 .rodata.str1.4
                0x000000001000b480       0x2c CMakeFiles/Pico-Clock-Green.dir/Users/max/pico/pico-sdk/src/rp2_common/pico_stdio_uart/stdio_uart.c.obj
 .rodata.__bi_28.4
                0x000000001000b4ac        0xc CMakeFiles/Pico-Clock-Green.dir/Users/max/pico/pico-sdk/src/rp2_common/pico_stdio_uart/stdio_uart.c.obj
 .rodata.__bi_29.5
                0x000000001000b4b8        0x8 CMakeFiles/Pico-Clock-Green.dir/Users/max/pico/pico-sdk/src/rp2_common/pico_stdio_uart/stdio_uart.c.obj
 .rodata.i2c_set_baudrate.str1.4
                0x000000001000b4c0       0x5b CMakeFiles/Pico-Clock-Green.dir/Users/max/pico/pico-sdk/src/rp2_common/hardware_i2c/i2c.c.obj
 *fill*         0x000000001000b51b        0x1 
 .rodata.__func__.0
                0x000000001000b51c       0x11 CMakeFiles/Pico-Clock-Green.dir/Users/max/pico/pico-sdk/src/rp2_common/hardware_i2c/i2c.c.obj
 *fill*         0x000000001000b52d        0x3 
 .rodata.str1.4
                0x000000001000b530      0x156 CMakeFiles/Pico-Clock-Green.dir/Users/max/pico/pico-sdk/src/rp2_common/hardware_flash/flash.c.obj
 *fill*         0x000000001000b686        0x2 
 .rodata.__func__.0
                0x000000001000b688        0xd CMakeFiles/Pico-Clock-Green.dir/Users/max/pico/pico-sdk/src/rp2_common/hardware_flash/flash.c.obj
                0x000000001000b698                . = ALIGN (0x4)
 *fill*         0x000000001000b695        0x3 
 *(SORT_BY_ALIGNMENT(SORT_BY_NAME(.flashdata*)))
                0x000000001000b698                . = ALIGN (0x4)

.rel.dyn        0x000000001000b698        0x0
 .rel.iplt      0x000000001000b698        0x0 /usr/local/Cellar/arm-none-eabi-gcc/10.3-2021.07/gcc/bin/../lib/gcc/arm-none-eabi/10.3.1/thumb/v6-m/nofp/crtbegin.o

.ARM.extab
 *(.ARM.extab* .gnu.linkonce.armextab.*)
                0x000000001000b698                __exidx_start = .

.ARM.exidx
 *(.ARM.exidx* .gnu.linkonce.armexidx.*)
                0x000000001000b698                __exidx_end = .
                0x000000001000b698                . = ALIGN (0x4)
                0x000000001000b698                __binary_info_start = .

.binary_info    0x000000001000b698       0x24
 *(.binary_info.keep.*)
 .binary_info.keep.__bi_ptr22
                0x000000001000b698        0x4 CMakeFiles/Pico-Clock-Green.dir/Users/max/pico/pico-sdk/src/rp2_common/pico_standard_link/binary_info.c.obj
 .binary_info.keep.__bi_ptr30
                0x000000001000b69c        0x4 CMakeFiles/Pico-Clock-Green.dir/Users/max/pico/pico-sdk/src/rp2_common/pico_standard_link/binary_info.c.obj
 .binary_info.keep.__bi_ptr38
                0x000000001000b6a0        0x4 CMakeFiles/Pico-Clock-Green.dir/Users/max/pico/pico-sdk/src/rp2_common/pico_standard_link/binary_info.c.obj
 .binary_info.keep.__bi_ptr44
                0x000000001000b6a4        0x4 CMakeFiles/Pico-Clock-Green.dir/Users/max/pico/pico-sdk/src/rp2_common/pico_standard_link/binary_info.c.obj
 .binary_info.keep.__bi_ptr50
                0x000000001000b6a8        0x4 CMakeFiles/Pico-Clock-Green.dir/Users/max/pico/pico-sdk/src/rp2_common/pico_standard_link/binary_info.c.obj
 .binary_info.keep.__bi_ptr75
                0x000000001000b6ac        0x4 CMakeFiles/Pico-Clock-Green.dir/Users/max/pico/pico-sdk/src/rp2_common/pico_standard_link/binary_info.c.obj
 .binary_info.keep.__bi_ptr81
                0x000000001000b6b0        0x4 CMakeFiles/Pico-Clock-Green.dir/Users/max/pico/pico-sdk/src/rp2_common/pico_standard_link/binary_info.c.obj
 *(.binary_info.*)
 .binary_info.__bi_ptr28
                0x000000001000b6b4        0x4 CMakeFiles/Pico-Clock-Green.dir/Users/max/pico/pico-sdk/src/rp2_common/pico_stdio_uart/stdio_uart.c.obj
 .binary_info.__bi_ptr29
                0x000000001000b6b8        0x4 CMakeFiles/Pico-Clock-Green.dir/Users/max/pico/pico-sdk/src/rp2_common/pico_stdio_uart/stdio_uart.c.obj
                0x000000001000b6bc                __binary_info_end = .
                0x000000001000b6bc                . = ALIGN (0x4)
                0x000000001000b6bc                __etext = .

.ram_vector_table
                0x0000000020000000       0xc0
 *(.ram_vector_table)
 .ram_vector_table
                0x0000000020000000       0xc0 CMakeFiles/Pico-Clock-Green.dir/Users/max/pico/pico-sdk/src/rp2_common/pico_runtime/runtime.c.obj
                0x0000000020000000                ram_vector_table

.data           0x00000000200000c0      0xe40 load address 0x000000001000b6bc
                0x00000000200000c0                __data_start__ = .
 *(vtable)
 *(.time_critical*)
 .time_critical.sem_release
                0x00000000200000c0       0x4a CMakeFiles/Pico-Clock-Green.dir/Users/max/pico/pico-sdk/src/common/pico_sync/sem.c.obj
                0x00000000200000c0                sem_release
 .time_critical.mutex_enter_blocking
                0x000000002000010a       0x48 CMakeFiles/Pico-Clock-Green.dir/Users/max/pico/pico-sdk/src/common/pico_sync/mutex.c.obj
                0x000000002000010a                mutex_enter_blocking
 .time_critical.mutex_try_enter
                0x0000000020000152       0x46 CMakeFiles/Pico-Clock-Green.dir/Users/max/pico/pico-sdk/src/common/pico_sync/mutex.c.obj
                0x0000000020000152                mutex_try_enter
 .time_critical.mutex_exit
                0x0000000020000198       0x4c CMakeFiles/Pico-Clock-Green.dir/Users/max/pico/pico-sdk/src/common/pico_sync/mutex.c.obj
                0x0000000020000198                mutex_exit
 .time_critical.flash_init_boot2_copyout
                0x00000000200001e4       0x30 CMakeFiles/Pico-Clock-Green.dir/Users/max/pico/pico-sdk/src/rp2_common/hardware_flash/flash.c.obj
 .time_critical.flash_enable_xip_via_boot2
                0x0000000020000214       0x10 CMakeFiles/Pico-Clock-Green.dir/Users/max/pico/pico-sdk/src/rp2_common/hardware_flash/flash.c.obj
 .time_critical.flash_cs_force
                0x0000000020000224       0x28 CMakeFiles/Pico-Clock-Green.dir/Users/max/pico/pico-sdk/src/rp2_common/hardware_flash/flash.c.obj
 .time_critical.flash_do_cmd
                0x000000002000024c       0xd8 CMakeFiles/Pico-Clock-Green.dir/Users/max/pico/pico-sdk/src/rp2_common/hardware_flash/flash.c.obj
                0x000000002000024c                flash_do_cmd
 *(.text*)
 .text          0x0000000020000324        0x4 /usr/local/Cellar/arm-none-eabi-gcc/10.3-2021.07/gcc/bin/../lib/gcc/arm-none-eabi/10.3.1/thumb/v6-m/nofp/libgcc.a(_dvmd_tls.o)
                0x0000000020000324                __aeabi_ldiv0
                0x0000000020000324                __aeabi_idiv0
 .text.__stub   0x0000000020000328       0x10 linker stubs
                0x0000000020000338                . = ALIGN (0x4)
 *(.rodata*)
                0x0000000020000338                . = ALIGN (0x4)
 *(.data*)
 .data.AverageLightLevel
                0x0000000020000338        0x8 CMakeFiles/Pico-Clock-Green.dir/Pico-Clock-Green.c.obj
                0x0000000020000338                AverageLightLevel
 .data.CharMap  0x0000000020000340      0x2bc CMakeFiles/Pico-Clock-Green.dir/Pico-Clock-Green.c.obj
                0x0000000020000340                CharMap
 .data.CharWidth
                0x00000000200005fc       0x64 CMakeFiles/Pico-Clock-Green.dir/Pico-Clock-Green.c.obj
                0x00000000200005fc                CharWidth
 .data.ChimeTimeOff
                0x0000000020000660        0x1 CMakeFiles/Pico-Clock-Green.dir/Pico-Clock-Green.c.obj
                0x0000000020000660                ChimeTimeOff
 .data.ChimeTimeOffDisplay
                0x0000000020000661        0x1 CMakeFiles/Pico-Clock-Green.dir/Pico-Clock-Green.c.obj
                0x0000000020000661                ChimeTimeOffDisplay
 .data.ChimeTimeOn
                0x0000000020000662        0x1 CMakeFiles/Pico-Clock-Green.dir/Pico-Clock-Green.c.obj
                0x0000000020000662                ChimeTimeOn
 .data.ChimeTimeOnDisplay
                0x0000000020000663        0x1 CMakeFiles/Pico-Clock-Green.dir/Pico-Clock-Green.c.obj
                0x0000000020000663                ChimeTimeOnDisplay
 .data.CurrentYearCentile
                0x0000000020000664        0x1 CMakeFiles/Pico-Clock-Green.dir/Pico-Clock-Green.c.obj
                0x0000000020000664                CurrentYearCentile
 *fill*         0x0000000020000665        0x3 
 .data.DayName  0x0000000020000668       0xf0 CMakeFiles/Pico-Clock-Green.dir/Pico-Clock-Green.c.obj
                0x0000000020000668                DayName
 .data.FlagAutoBrightness
                0x0000000020000758        0x1 CMakeFiles/Pico-Clock-Green.dir/Pico-Clock-Green.c.obj
                0x0000000020000758                FlagAutoBrightness
 *fill*         0x0000000020000759        0x3 
 .data.FlagFlashing
                0x000000002000075c       0x14 CMakeFiles/Pico-Clock-Green.dir/Pico-Clock-Green.c.obj
                0x000000002000075c                FlagFlashing
 .data.FlagScrollEnable
                0x0000000020000770        0x1 CMakeFiles/Pico-Clock-Green.dir/Pico-Clock-Green.c.obj
                0x0000000020000770                FlagScrollEnable
 .data.HourlyChimeMode
                0x0000000020000771        0x1 CMakeFiles/Pico-Clock-Green.dir/Pico-Clock-Green.c.obj
                0x0000000020000771                HourlyChimeMode
 .data.Language
                0x0000000020000772        0x1 CMakeFiles/Pico-Clock-Green.dir/Pico-Clock-Green.c.obj
                0x0000000020000772                Language
 *fill*         0x0000000020000773        0x1 
 .data.LightLevel.4
                0x0000000020000774       0x18 CMakeFiles/Pico-Clock-Green.dir/Pico-Clock-Green.c.obj
 .data.MonthDays
                0x000000002000078c       0x18 CMakeFiles/Pico-Clock-Green.dir/Pico-Clock-Green.c.obj
                0x000000002000078c                MonthDays
 .data.MonthName
                0x00000000200007a4      0x186 CMakeFiles/Pico-Clock-Green.dir/Pico-Clock-Green.c.obj
                0x00000000200007a4                MonthName
 .data.NightLightMode
                0x000000002000092a        0x1 CMakeFiles/Pico-Clock-Green.dir/Pico-Clock-Green.c.obj
                0x000000002000092a                NightLightMode
 .data.NightLightTimeOff
                0x000000002000092b        0x1 CMakeFiles/Pico-Clock-Green.dir/Pico-Clock-Green.c.obj
                0x000000002000092b                NightLightTimeOff
 .data.NightLightTimeOn
                0x000000002000092c        0x1 CMakeFiles/Pico-Clock-Green.dir/Pico-Clock-Green.c.obj
                0x000000002000092c                NightLightTimeOn
 .data.SETUP_AUTO_BRIGHT
                0x000000002000092d        0x1 CMakeFiles/Pico-Clock-Green.dir/Pico-Clock-Green.c.obj
                0x000000002000092d                SETUP_AUTO_BRIGHT
 .data.SETUP_CHIME_TIME_OFF
                0x000000002000092e        0x1 CMakeFiles/Pico-Clock-Green.dir/Pico-Clock-Green.c.obj
                0x000000002000092e                SETUP_CHIME_TIME_OFF
 .data.SETUP_CHIME_TIME_ON
                0x000000002000092f        0x1 CMakeFiles/Pico-Clock-Green.dir/Pico-Clock-Green.c.obj
                0x000000002000092f                SETUP_CHIME_TIME_ON
 .data.SETUP_DAY_OF_MONTH
                0x0000000020000930        0x1 CMakeFiles/Pico-Clock-Green.dir/Pico-Clock-Green.c.obj
                0x0000000020000930                SETUP_DAY_OF_MONTH
 .data.SETUP_DST
                0x0000000020000931        0x1 CMakeFiles/Pico-Clock-Green.dir/Pico-Clock-Green.c.obj
                0x0000000020000931                SETUP_DST
 .data.SETUP_HOUR
                0x0000000020000932        0x1 CMakeFiles/Pico-Clock-Green.dir/Pico-Clock-Green.c.obj
                0x0000000020000932                SETUP_HOUR
 .data.SETUP_HOURLY_CHIME
                0x0000000020000933        0x1 CMakeFiles/Pico-Clock-Green.dir/Pico-Clock-Green.c.obj
                0x0000000020000933                SETUP_HOURLY_CHIME
 .data.SETUP_KEYCLICK
                0x0000000020000934        0x1 CMakeFiles/Pico-Clock-Green.dir/Pico-Clock-Green.c.obj
                0x0000000020000934                SETUP_KEYCLICK
 .data.SETUP_LANGUAGE
                0x0000000020000935        0x1 CMakeFiles/Pico-Clock-Green.dir/Pico-Clock-Green.c.obj
                0x0000000020000935                SETUP_LANGUAGE
 .data.SETUP_MINUTE
                0x0000000020000936        0x1 CMakeFiles/Pico-Clock-Green.dir/Pico-Clock-Green.c.obj
                0x0000000020000936                SETUP_MINUTE
 .data.SETUP_MONTH
                0x0000000020000937        0x1 CMakeFiles/Pico-Clock-Green.dir/Pico-Clock-Green.c.obj
                0x0000000020000937                SETUP_MONTH
 .data.SETUP_NIGHT_LIGHT
                0x0000000020000938        0x1 CMakeFiles/Pico-Clock-Green.dir/Pico-Clock-Green.c.obj
                0x0000000020000938                SETUP_NIGHT_LIGHT
 .data.SETUP_NIGHT_LIGHT_TIME_OFF
                0x0000000020000939        0x1 CMakeFiles/Pico-Clock-Green.dir/Pico-Clock-Green.c.obj
                0x0000000020000939                SETUP_NIGHT_LIGHT_TIME_OFF
 .data.SETUP_NIGHT_LIGHT_TIME_ON
                0x000000002000093a        0x1 CMakeFiles/Pico-Clock-Green.dir/Pico-Clock-Green.c.obj
                0x000000002000093a                SETUP_NIGHT_LIGHT_TIME_ON
 .data.SETUP_SCROLLING
                0x000000002000093b        0x1 CMakeFiles/Pico-Clock-Green.dir/Pico-Clock-Green.c.obj
                0x000000002000093b                SETUP_SCROLLING
 .data.SETUP_TEMP_UNIT
                0x000000002000093c        0x1 CMakeFiles/Pico-Clock-Green.dir/Pico-Clock-Green.c.obj
                0x000000002000093c                SETUP_TEMP_UNIT
 .data.SETUP_TIME_FORMAT
                0x000000002000093d        0x1 CMakeFiles/Pico-Clock-Green.dir/Pico-Clock-Green.c.obj
                0x000000002000093d                SETUP_TIME_FORMAT
 .data.SETUP_YEAR
                0x000000002000093e        0x1 CMakeFiles/Pico-Clock-Green.dir/Pico-Clock-Green.c.obj
                0x000000002000093e                SETUP_YEAR
 *fill*         0x000000002000093f        0x1 
 .data.ShortMonth
                0x0000000020000940       0x9c CMakeFiles/Pico-Clock-Green.dir/Pico-Clock-Green.c.obj
                0x0000000020000940                ShortMonth
 .data.TimeDisplayMode
                0x00000000200009dc        0x1 CMakeFiles/Pico-Clock-Green.dir/Pico-Clock-Green.c.obj
                0x00000000200009dc                TimeDisplayMode
 *fill*         0x00000000200009dd        0x3 
 .data.REG_ADDRESSES
                0x00000000200009e0       0x11 CMakeFiles/Pico-Clock-Green.dir/Ds3231.c.obj
                0x00000000200009e0                REG_ADDRESSES
 .data.striped_spin_lock_num
                0x00000000200009f1        0x1 CMakeFiles/Pico-Clock-Green.dir/Users/max/pico/pico-sdk/src/rp2_common/hardware_sync/sync.c.obj
 *fill*         0x00000000200009f2        0x2 
 .data          0x00000000200009f4       0x48 CMakeFiles/Pico-Clock-Green.dir/Users/max/pico/pico-sdk/src/rp2_common/hardware_irq/irq_handler_chain.S.obj
                0x00000000200009f4                irq_handler_chain_slots
                0x0000000020000a24                irq_handler_chain_first_slot
                0x0000000020000a2e                irq_handler_chain_remove_tail
 .data.default_alarm_pool
                0x0000000020000a3c       0x18 CMakeFiles/Pico-Clock-Green.dir/Users/max/pico/pico-sdk/src/common/pico_time/time.c.obj
 .data.default_alarm_pool_heap
                0x0000000020000a54       0x10 CMakeFiles/Pico-Clock-Green.dir/Users/max/pico/pico-sdk/src/common/pico_time/time.c.obj
 *fill*         0x0000000020000a64        0xc 
 .data.aeabi_bits_funcs
                0x0000000020000a70       0x10 CMakeFiles/Pico-Clock-Green.dir/Users/max/pico/pico-sdk/src/rp2_common/pico_bit_ops/bit_ops_aeabi.S.obj
                0x0000000020000a70                aeabi_bits_funcs
                0x0000000020000a80                aeabi_bits_funcs_end
 .data.aeabi_mem_funcs
                0x0000000020000a80       0x10 CMakeFiles/Pico-Clock-Green.dir/Users/max/pico/pico-sdk/src/rp2_common/pico_mem_ops/mem_ops_aeabi.S.obj
                0x0000000020000a80                aeabi_mem_funcs
                0x0000000020000a90                aeabi_mem_funcs_end
 .data.stdio_uart
                0x0000000020000a90       0x14 CMakeFiles/Pico-Clock-Green.dir/Users/max/pico/pico-sdk/src/rp2_common/pico_stdio_uart/stdio_uart.c.obj
                0x0000000020000a90                stdio_uart
 .data.i2c0_inst
                0x0000000020000aa4        0x8 CMakeFiles/Pico-Clock-Green.dir/Users/max/pico/pico-sdk/src/rp2_common/hardware_i2c/i2c.c.obj
                0x0000000020000aa4                i2c0_inst
 .data.i2c1_inst
                0x0000000020000aac        0x8 CMakeFiles/Pico-Clock-Green.dir/Users/max/pico/pico-sdk/src/rp2_common/hardware_i2c/i2c.c.obj
                0x0000000020000aac                i2c1_inst
 .data._impure_ptr
                0x0000000020000ab4        0x4 /usr/local/Cellar/arm-none-eabi-gcc/10.3-2021.07/gcc/bin/../lib/gcc/arm-none-eabi/10.3.1/../../../../arm-none-eabi/lib/thumb/v6-m/nofp/libg.a(lib_a-impure.o)
                0x0000000020000ab4                _impure_ptr
 .data.impure_data
                0x0000000020000ab8      0x428 /usr/local/Cellar/arm-none-eabi-gcc/10.3-2021.07/gcc/bin/../lib/gcc/arm-none-eabi/10.3.1/../../../../arm-none-eabi/lib/thumb/v6-m/nofp/libg.a(lib_a-impure.o)
                0x0000000020000ee0                . = ALIGN (0x4)
 *(.after_data.*)
                0x0000000020000ee0                . = ALIGN (0x4)
                0x0000000020000ee0                PROVIDE (__mutex_array_start = .)
 *(SORT_BY_NAME(.mutex_array.*))
 *(.mutex_array)
 .mutex_array   0x0000000020000ee0        0x8 CMakeFiles/Pico-Clock-Green.dir/Users/max/pico/pico-sdk/src/rp2_common/pico_stdio/stdio.c.obj
                0x0000000020000ee8                PROVIDE (__mutex_array_end = .)
                0x0000000020000ee8                . = ALIGN (0x4)
                0x0000000020000ee8                PROVIDE (__preinit_array_start = .)
 *(SORT_BY_NAME(.preinit_array.*))
 .preinit_array.00001
                0x0000000020000ee8        0x4 CMakeFiles/Pico-Clock-Green.dir/Users/max/pico/pico-sdk/src/rp2_common/pico_mem_ops/mem_ops_aeabi.S.obj
 .preinit_array.00010
                0x0000000020000eec        0x4 CMakeFiles/Pico-Clock-Green.dir/Users/max/pico/pico-sdk/src/rp2_common/pico_bit_ops/bit_ops_aeabi.S.obj
 .preinit_array.00020
                0x0000000020000ef0        0x4 CMakeFiles/Pico-Clock-Green.dir/Users/max/pico/pico-sdk/src/rp2_common/pico_double/double_aeabi.S.obj
 .preinit_array.00020
                0x0000000020000ef4        0x4 CMakeFiles/Pico-Clock-Green.dir/Users/max/pico/pico-sdk/src/rp2_common/pico_float/float_aeabi.S.obj
 *(.preinit_array)
                0x0000000020000ef8                PROVIDE (__preinit_array_end = .)
                0x0000000020000ef8                . = ALIGN (0x4)
                0x0000000020000ef8                PROVIDE (__init_array_start = .)
 *(SORT_BY_NAME(.init_array.*))
 *(.init_array)
 .init_array    0x0000000020000ef8        0x4 /usr/local/Cellar/arm-none-eabi-gcc/10.3-2021.07/gcc/bin/../lib/gcc/arm-none-eabi/10.3.1/thumb/v6-m/nofp/crtbegin.o
 .init_array    0x0000000020000efc        0x4 CMakeFiles/Pico-Clock-Green.dir/Users/max/pico/pico-sdk/src/rp2_common/pico_unique_id/unique_id.c.obj
                0x0000000020000f00                PROVIDE (__init_array_end = .)
                0x0000000020000f00                . = ALIGN (0x4)
                [!provide]                        PROVIDE (__fini_array_start = .)
 *(SORT_BY_NAME(.fini_array.*))
 *(.fini_array)
                [!provide]                        PROVIDE (__fini_array_end = .)
 *(.jcr)
                0x0000000020000f00                . = ALIGN (0x4)
                0x0000000020000f00                __data_end__ = .

.igot.plt       0x0000000020000f00        0x0 load address 0x000000001000c4fc
 .igot.plt      0x0000000020000f00        0x0 /usr/local/Cellar/arm-none-eabi-gcc/10.3-2021.07/gcc/bin/../lib/gcc/arm-none-eabi/10.3.1/thumb/v6-m/nofp/crtbegin.o

.uninitialized_data
                0x0000000020000f00        0x0 load address 0x000000001000c4fc
                0x0000000020000f00                . = ALIGN (0x4)
 *(.uninitialized_data*)

.scratch_x      0x0000000020040000        0x0 load address 0x000000001000c4fc
                0x0000000020040000                __scratch_x_start__ = .
 *(.scratch_x.*)
                0x0000000020040000                . = ALIGN (0x4)
                0x0000000020040000                __scratch_x_end__ = .
                0x000000001000c4fc                __scratch_x_source__ = LOADADDR (.scratch_x)

.scratch_y      0x0000000020041000        0x0 load address 0x000000001000c4fc
                0x0000000020041000                __scratch_y_start__ = .
 *(.scratch_y.*)
                0x0000000020041000                . = ALIGN (0x4)
                0x0000000020041000                __scratch_y_end__ = .
                0x000000001000c4fc                __scratch_y_source__ = LOADADDR (.scratch_y)

.bss            0x0000000020000f00     0x1c7c
                0x0000000020000f00                . = ALIGN (0x4)
                0x0000000020000f00                __bss_start__ = .
 *(SORT_BY_ALIGNMENT(SORT_BY_NAME(.bss*)))
 .bss.CumulativeLightLevel.6
                0x0000000020000f00        0x8 CMakeFiles/Pico-Clock-Green.dir/Pico-Clock-Green.c.obj
 .bss.DebugBitMask
                0x0000000020000f08        0x8 CMakeFiles/Pico-Clock-Green.dir/Pico-Clock-Green.c.obj
                0x0000000020000f08                DebugBitMask
 .bss.Timer50uSec
                0x0000000020000f10       0x18 CMakeFiles/Pico-Clock-Green.dir/Pico-Clock-Green.c.obj
                0x0000000020000f10                Timer50uSec
 .bss.default_alarm_pool_entries
                0x0000000020000f28      0x100 CMakeFiles/Pico-Clock-Green.dir/Users/max/pico/pico-sdk/src/common/pico_time/time.c.obj
 .bss           0x0000000020001028       0x1c /usr/local/Cellar/arm-none-eabi-gcc/10.3-2021.07/gcc/bin/../lib/gcc/arm-none-eabi/10.3.1/thumb/v6-m/nofp/crtbegin.o
 .bss.Alarm     0x0000000020001044        0xa CMakeFiles/Pico-Clock-Green.dir/Pico-Clock-Green.c.obj
                0x0000000020001044                Alarm
 *fill*         0x000000002000104e        0x2 
 .bss.ByteData  0x0000000020001050       0x10 CMakeFiles/Pico-Clock-Green.dir/Ds3231.c.obj
                0x0000000020001050                ByteData
 .bss.CalendarEvent
                0x0000000020001060      0x8fc CMakeFiles/Pico-Clock-Green.dir/Pico-Clock-Green.c.obj
                0x0000000020001060                CalendarEvent
 .bss.DisplayBuffer
                0x000000002000195c       0xf8 CMakeFiles/Pico-Clock-Green.dir/Pico-Clock-Green.c.obj
                0x000000002000195c                DisplayBuffer
 .bss.Ds3231ReadRegister
                0x0000000020001a54       0x11 CMakeFiles/Pico-Clock-Green.dir/Ds3231.c.obj
                0x0000000020001a54                Ds3231ReadRegister
 *fill*         0x0000000020001a65        0x3 
 .bss.FlagSetupAlarm
                0x0000000020001a68        0x6 CMakeFiles/Pico-Clock-Green.dir/Pico-Clock-Green.c.obj
                0x0000000020001a68                FlagSetupAlarm
 *fill*         0x0000000020001a6e        0x2 
 .bss.FlagSetupClock
                0x0000000020001a70       0x13 CMakeFiles/Pico-Clock-Green.dir/Pico-Clock-Green.c.obj
                0x0000000020001a70                FlagSetupClock
 *fill*         0x0000000020001a83        0x1 
 .bss.FlagSetupTimer
                0x0000000020001a84        0x5 CMakeFiles/Pico-Clock-Green.dir/Pico-Clock-Green.c.obj